Component: ARM Compiler 5.06 update 6 (build 750) Tool: armlink [4d35ed]

==============================================================================

Section Cross References

    startup_stm32f303xc.o(RESET) refers to startup_stm32f303xc.o(STACK) for __initial_sp
    startup_stm32f303xc.o(RESET) refers to startup_stm32f303xc.o(.text) for Reset_Handler
    startup_stm32f303xc.o(RESET) refers to stm32f3xx_it.o(i.NMI_Handler) for NMI_Handler
    startup_stm32f303xc.o(RESET) refers to stm32f3xx_it.o(i.HardFault_Handler) for HardFault_Handler
    startup_stm32f303xc.o(RESET) refers to stm32f3xx_it.o(i.MemManage_Handler) for MemManage_Handler
    startup_stm32f303xc.o(RESET) refers to stm32f3xx_it.o(i.BusFault_Handler) for BusFault_Handler
    startup_stm32f303xc.o(RESET) refers to stm32f3xx_it.o(i.UsageFault_Handler) for UsageFault_Handler
    startup_stm32f303xc.o(RESET) refers to stm32f3xx_it.o(i.SVC_Handler) for SVC_Handler
    startup_stm32f303xc.o(RESET) refers to stm32f3xx_it.o(i.DebugMon_Handler) for DebugMon_Handler
    startup_stm32f303xc.o(RESET) refers to stm32f3xx_it.o(i.PendSV_Handler) for PendSV_Handler
    startup_stm32f303xc.o(RESET) refers to stm32f3xx_it.o(i.SysTick_Handler) for SysTick_Handler
    startup_stm32f303xc.o(RESET) refers to stm32f3xx_it.o(i.USB_LP_CAN_RX0_IRQHandler) for USB_LP_CAN_RX0_IRQHandler
    startup_stm32f303xc.o(.text) refers to system_stm32f3xx.o(i.SystemInit) for SystemInit
    startup_stm32f303xc.o(.text) refers to entry.o(.ARM.Collect$$$$00000000) for __main
    main.o(i.SystemClock_Config) refers to memseta.o(.text) for __aeabi_memclr4
    main.o(i.SystemClock_Config) refers to stm32f3xx_hal_rcc.o(i.HAL_RCC_OscConfig) for HAL_RCC_OscConfig
    main.o(i.SystemClock_Config) refers to stm32f3xx_hal_rcc.o(i.HAL_RCC_ClockConfig) for HAL_RCC_ClockConfig
    main.o(i.SystemClock_Config) refers to stm32f3xx_hal_rcc_ex.o(i.HAL_RCCEx_PeriphCLKConfig) for HAL_RCCEx_PeriphCLKConfig
    main.o(i.main) refers to stm32f3xx_hal.o(i.HAL_Init) for HAL_Init
    main.o(i.main) refers to main.o(i.SystemClock_Config) for SystemClock_Config
    main.o(i.main) refers to memseta.o(.text) for __aeabi_memclr4
    main.o(i.main) refers to stm32f3xx_hal_gpio.o(i.HAL_GPIO_WritePin) for HAL_GPIO_WritePin
    main.o(i.main) refers to stm32f3xx_hal_gpio.o(i.HAL_GPIO_Init) for HAL_GPIO_Init
    main.o(i.main) refers to usb_device.o(i.MX_USB_DEVICE_Init) for MX_USB_DEVICE_Init
    main.o(i.main) refers to stm32f3xx_hal_gpio.o(i.HAL_GPIO_TogglePin) for HAL_GPIO_TogglePin
    main.o(i.main) refers to stm32f3xx_hal.o(i.HAL_Delay) for HAL_Delay
    usb_device.o(i.MX_USB_DEVICE_Init) refers to usbd_core.o(i.USBD_Init) for USBD_Init
    usb_device.o(i.MX_USB_DEVICE_Init) refers to main.o(i.Error_Handler) for Error_Handler
    usb_device.o(i.MX_USB_DEVICE_Init) refers to usbd_core.o(i.USBD_RegisterClass) for USBD_RegisterClass
    usb_device.o(i.MX_USB_DEVICE_Init) refers to usbd_customhid.o(i.USBD_CUSTOM_HID_RegisterInterface) for USBD_CUSTOM_HID_RegisterInterface
    usb_device.o(i.MX_USB_DEVICE_Init) refers to usbd_core.o(i.USBD_Start) for USBD_Start
    usb_device.o(i.MX_USB_DEVICE_Init) refers to usbd_desc.o(.data) for FS_Desc
    usb_device.o(i.MX_USB_DEVICE_Init) refers to usb_device.o(.bss) for .bss
    usb_device.o(i.MX_USB_DEVICE_Init) refers to usbd_customhid.o(.data) for USBD_CUSTOM_HID
    usb_device.o(i.MX_USB_DEVICE_Init) refers to usbd_custom_hid_if.o(.data) for USBD_CustomHID_fops_FS
    usbd_conf.o(i.HAL_PCD_ConnectCallback) refers to usbd_core.o(i.USBD_LL_DevConnected) for USBD_LL_DevConnected
    usbd_conf.o(i.HAL_PCD_DataInStageCallback) refers to usbd_core.o(i.USBD_LL_DataInStage) for USBD_LL_DataInStage
    usbd_conf.o(i.HAL_PCD_DataOutStageCallback) refers to usbd_core.o(i.USBD_LL_DataOutStage) for USBD_LL_DataOutStage
    usbd_conf.o(i.HAL_PCD_DisconnectCallback) refers to usbd_core.o(i.USBD_LL_DevDisconnected) for USBD_LL_DevDisconnected
    usbd_conf.o(i.HAL_PCD_ISOINIncompleteCallback) refers to usbd_core.o(i.USBD_LL_IsoINIncomplete) for USBD_LL_IsoINIncomplete
    usbd_conf.o(i.HAL_PCD_ISOOUTIncompleteCallback) refers to usbd_core.o(i.USBD_LL_IsoOUTIncomplete) for USBD_LL_IsoOUTIncomplete
    usbd_conf.o(i.HAL_PCD_MspDeInit) refers to stm32f3xx_hal_gpio.o(i.HAL_GPIO_DeInit) for HAL_GPIO_DeInit
    usbd_conf.o(i.HAL_PCD_MspDeInit) refers to stm32f3xx_hal_cortex.o(i.HAL_NVIC_DisableIRQ) for HAL_NVIC_DisableIRQ
    usbd_conf.o(i.HAL_PCD_MspInit) refers to memseta.o(.text) for __aeabi_memclr4
    usbd_conf.o(i.HAL_PCD_MspInit) refers to stm32f3xx_hal_gpio.o(i.HAL_GPIO_Init) for HAL_GPIO_Init
    usbd_conf.o(i.HAL_PCD_MspInit) refers to stm32f3xx_hal_cortex.o(i.HAL_NVIC_SetPriority) for HAL_NVIC_SetPriority
    usbd_conf.o(i.HAL_PCD_MspInit) refers to stm32f3xx_hal_cortex.o(i.HAL_NVIC_EnableIRQ) for HAL_NVIC_EnableIRQ
    usbd_conf.o(i.HAL_PCD_ResetCallback) refers to main.o(i.Error_Handler) for Error_Handler
[...]
    Removing usb_device.o(.rev16_text), (4 bytes).
    Removing usb_device.o(.revsh_text), (4 bytes).
    Removing usb_device.o(.rrx_text), (6 bytes).
    Removing usbd_conf.o(.rev16_text), (4 bytes).
    Removing usbd_conf.o(.revsh_text), (4 bytes).
    Removing usbd_conf.o(.rrx_text), (6 bytes).
    Removing usbd_conf.o(i.HAL_PCD_ConnectCallback), (8 bytes).
    Removing usbd_conf.o(i.HAL_PCD_DisconnectCallback), (8 bytes).
    Removing usbd_conf.o(i.HAL_PCD_ISOINIncompleteCallback), (8 bytes).
    Removing usbd_conf.o(i.HAL_PCD_ISOOUTIncompleteCallback), (8 bytes).
    Removing usbd_conf.o(i.HAL_PCD_MspDeInit), (52 bytes).
    Removing usbd_conf.o(i.USBD_LL_DeInit), (18 bytes).
    Removing usbd_conf.o(i.USBD_LL_Delay), (4 bytes).
    Removing usbd_conf.o(i.USBD_LL_FlushEP), (18 bytes).
    Removing usbd_conf.o(i.USBD_LL_GetRxDataSize), (8 bytes).
    Removing usbd_conf.o(i.USBD_LL_Stop), (18 bytes).
    Removing usbd_desc.o(.rev16_text), (4 bytes).
    Removing usbd_desc.o(.revsh_text), (4 bytes).
    Removing usbd_desc.o(.rrx_text), (6 bytes).
    Removing usbd_custom_hid_if.o(.rev16_text), (4 bytes).
    Removing usbd_custom_hid_if.o(.revsh_text), (4 bytes).
    Removing usbd_custom_hid_if.o(.rrx_text), (6 bytes).
    Removing stm32f3xx_it.o(.rev16_text), (4 bytes).
    Removing stm32f3xx_it.o(.revsh_text), (4 bytes).
    Removing stm32f3xx_it.o(.rrx_text), (6 bytes).
    Removing stm32f3xx_hal_msp.o(.rev16_text), (4 bytes).
    Removing stm32f3xx_hal_msp.o(.revsh_text), (4 bytes).
    Removing stm32f3xx_hal_msp.o(.rrx_text), (6 bytes).
    Removing stm32f3xx_hal_pcd.o(.rev16_text), (4 bytes).
    Removing stm32f3xx_hal_pcd.o(.revsh_text), (4 bytes).
    Removing stm32f3xx_hal_pcd.o(.rrx_text), (6 bytes).
    Removing stm32f3xx_hal_pcd.o(i.HAL_PCD_ActivateRemoteWakeup), (16 bytes).
    Removing stm32f3xx_hal_pcd.o(i.HAL_PCD_ConnectCallback), (2 bytes).
    Removing stm32f3xx_hal_pcd.o(i.HAL_PCD_DataInStageCallback), (2 bytes).
    Removing stm32f3xx_hal_pcd.o(i.HAL_PCD_DataOutStageCallback), (2 bytes).
    Removing stm32f3xx_hal_pcd.o(i.HAL_PCD_DeActivateRemoteWakeup), (16 bytes).
    Removing stm32f3xx_hal_pcd.o(i.HAL_PCD_DeInit), (36 bytes).
    Removing stm32f3xx_hal_pcd.o(i.HAL_PCD_DevConnect), (38 bytes).
    Removing stm32f3xx_hal_pcd.o(i.HAL_PCD_DevDisconnect), (38 bytes).
    Removing stm32f3xx_hal_pcd.o(i.HAL_PCD_DisconnectCallback), (2 bytes).
    Removing stm32f3xx_hal_pcd.o(i.HAL_PCD_EP_Flush), (4 bytes).
    Removing stm32f3xx_hal_pcd.o(i.HAL_PCD_EP_GetRxCount), (20 bytes).
    Removing stm32f3xx_hal_pcd.o(i.HAL_PCD_GetState), (6 bytes).
    Removing stm32f3xx_hal_pcd.o(i.HAL_PCD_ISOINIncompleteCallback), (2 bytes).
    Removing stm32f3xx_hal_pcd.o(i.HAL_PCD_ISOOUTIncompleteCallback), (2 bytes).
    Removing stm32f3xx_hal_pcd.o(i.HAL_PCD_MspDeInit), (2 bytes).
    Removing stm32f3xx_hal_pcd.o(i.HAL_PCD_MspInit), (2 bytes).
    Removing stm32f3xx_hal_pcd.o(i.HAL_PCD_ResetCallback), (2 bytes).
    Removing stm32f3xx_hal_pcd.o(i.HAL_PCD_ResumeCallback), (2 bytes).
    Removing stm32f3xx_hal_pcd.o(i.HAL_PCD_SOFCallback), (2 bytes).
    Removing stm32f3xx_hal_pcd.o(i.HAL_PCD_SetupStageCallback), (2 bytes).
    Removing stm32f3xx_hal_pcd.o(i.HAL_PCD_Stop), (44 bytes).
    Removing stm32f3xx_hal_pcd.o(i.HAL_PCD_SuspendCallback), (2 bytes).
    Removing stm32f3xx_hal_pcd_ex.o(.rev16_text), (4 bytes).
    Removing stm32f3xx_hal_pcd_ex.o(.revsh_text), (4 bytes).
    Removing stm32f3xx_hal_pcd_ex.o(.rrx_text), (6 bytes).
    Removing stm32f3xx_hal_pcd_ex.o(i.HAL_PCDEx_SetConnectionState), (2 bytes).
    Removing stm32f3xx_hal_tim.o(.rev16_text), (4 bytes).
    Removing stm32f3xx_hal_tim.o(.revsh_text), (4 bytes).
    Removing stm32f3xx_hal_tim.o(.rrx_text), (6 bytes).
    Removing stm32f3xx_hal_tim_ex.o(.rev16_text), (4 bytes).
    Removing stm32f3xx_hal_tim_ex.o(.revsh_text), (4 bytes).
    Removing stm32f3xx_hal_tim_ex.o(.rrx_text), (6 bytes).
    Removing stm32f3xx_hal.o(.rev16_text), (4 bytes).
    Removing stm32f3xx_hal.o(.revsh_text), (4 bytes).
    Removing stm32f3xx_hal.o(.rrx_text), (6 bytes).
    Removing stm32f3xx_hal.o(i.HAL_DBGMCU_DisableDBGSleepMode), (16 bytes).
    Removing stm32f3xx_hal.o(i.HAL_DBGMCU_DisableDBGStandbyMode), (16 bytes).
    Removing stm32f3xx_hal.o(i.HAL_DBGMCU_DisableDBGStopMode), (16 bytes).
    Removing stm32f3xx_hal.o(i.HAL_DBGMCU_EnableDBGSleepMode), (16 bytes).
    Removing stm32f3xx_hal.o(i.HAL_DBGMCU_EnableDBGStandbyMode), (16 bytes).
    Removing stm32f3xx_hal.o(i.HAL_DBGMCU_EnableDBGStopMode), (16 bytes).
    Removing stm32f3xx_hal.o(i.HAL_DeInit), (36 bytes).
    Removing stm32f3xx_hal.o(i.HAL_GetDEVID), (16 bytes).
    Removing stm32f3xx_hal.o(i.HAL_GetHalVersion), (8 bytes).
    Removing stm32f3xx_hal.o(i.HAL_GetREVID), (12 bytes).
    Removing stm32f3xx_hal.o(i.HAL_GetTickFreq), (12 bytes).
    Removing stm32f3xx_hal.o(i.HAL_GetTickPrio), (12 bytes).
    Removing stm32f3xx_hal.o(i.HAL_GetUIDw0), (12 bytes).
    Removing stm32f3xx_hal.o(i.HAL_GetUIDw1), (12 bytes).
    Removing stm32f3xx_hal.o(i.HAL_GetUIDw2), (12 bytes).
    Removing stm32f3xx_hal.o(i.HAL_MspDeInit), (2 bytes).
    Removing stm32f3xx_hal.o(i.HAL_MspInit), (2 bytes).
    Removing stm32f3xx_hal.o(i.HAL_ResumeTick), (14 bytes).
    Removing stm32f3xx_hal.o(i.HAL_SetTickFreq), (28 bytes).
    Removing stm32f3xx_hal.o(i.HAL_SuspendTick), (14 bytes).
    Removing stm32f3xx_hal_rcc.o(.rev16_text), (4 bytes).
    Removing stm32f3xx_hal_rcc.o(.revsh_text), (4 bytes).
    Removing stm32f3xx_hal_rcc.o(.rrx_text), (6 bytes).
    Removing stm32f3xx_hal_rcc.o(i.HAL_RCC_CSSCallback), (2 bytes).
    Removing stm32f3xx_hal_rcc.o(i.HAL_RCC_DeInit), (216 bytes).
    Removing stm32f3xx_hal_rcc.o(i.HAL_RCC_DisableCSS), (28 bytes).
    Removing stm32f3xx_hal_rcc.o(i.HAL_RCC_EnableCSS), (24 bytes).
    Removing stm32f3xx_hal_rcc.o(i.HAL_RCC_GetClockConfig), (64 bytes).
    Removing stm32f3xx_hal_rcc.o(i.HAL_RCC_GetHCLKFreq), (12 bytes).
    Removing stm32f3xx_hal_rcc.o(i.HAL_RCC_GetOscConfig), (156 bytes).
    Removing stm32f3xx_hal_rcc.o(i.HAL_RCC_GetPCLK1Freq), (48 bytes).
    Removing stm32f3xx_hal_rcc.o(i.HAL_RCC_GetPCLK2Freq), (48 bytes).
    Removing stm32f3xx_hal_rcc.o(i.HAL_RCC_MCOConfig), (72 bytes).
    Removing stm32f3xx_hal_rcc.o(i.HAL_RCC_NMI_IRQHandler), (24 bytes).
    Removing stm32f3xx_hal_rcc_ex.o(.rev16_text), (4 bytes).
    Removing stm32f3xx_hal_rcc_ex.o(.revsh_text), (4 bytes).
    Removing stm32f3xx_hal_rcc_ex.o(.rrx_text), (6 bytes).
    Removing stm32f3xx_hal_rcc_ex.o(i.HAL_RCCEx_GetPeriphCLKConfig), (188 bytes).
    Removing stm32f3xx_hal_rcc_ex.o(i.HAL_RCCEx_GetPeriphCLKFreq), (568 bytes).
    Removing stm32f3xx_hal_rcc_ex.o(i.RCC_GetPLLCLKFreq), (60 bytes).
    Removing stm32f3xx_hal_rcc_ex.o(.constdata), (32 bytes).
    Removing stm32f3xx_hal_gpio.o(.rev16_text), (4 bytes).
    Removing stm32f3xx_hal_gpio.o(.revsh_text), (4 bytes).
    Removing stm32f3xx_hal_gpio.o(.rrx_text), (6 bytes).
    Removing stm32f3xx_hal_gpio.o(i.HAL_GPIO_DeInit), (284 bytes).
    Removing stm32f3xx_hal_gpio.o(i.HAL_GPIO_EXTI_Callback), (2 bytes).
    Removing stm32f3xx_hal_gpio.o(i.HAL_GPIO_EXTI_IRQHandler), (24 bytes).
    Removing stm32f3xx_hal_gpio.o(i.HAL_GPIO_LockPin), (34 bytes).
    Removing stm32f3xx_hal_gpio.o(i.HAL_GPIO_ReadPin), (10 bytes).
    Removing stm32f3xx_hal_dma.o(.rev16_text), (4 bytes).
    Removing stm32f3xx_hal_dma.o(.revsh_text), (4 bytes).
    Removing stm32f3xx_hal_dma.o(.rrx_text), (6 bytes).
    Removing stm32f3xx_hal_dma.o(i.DMA_CalcBaseAndBitshift), (60 bytes).
    Removing stm32f3xx_hal_dma.o(i.DMA_SetConfig), (42 bytes).
    Removing stm32f3xx_hal_dma.o(i.HAL_DMA_Abort), (48 bytes).
    Removing stm32f3xx_hal_dma.o(i.HAL_DMA_Abort_IT), (74 bytes).
    Removing stm32f3xx_hal_dma.o(i.HAL_DMA_DeInit), (78 bytes).
    Removing stm32f3xx_hal_dma.o(i.HAL_DMA_GetError), (4 bytes).
    Removing stm32f3xx_hal_dma.o(i.HAL_DMA_GetState), (6 bytes).
    Removing stm32f3xx_hal_dma.o(i.HAL_DMA_IRQHandler), (168 bytes).
    Removing stm32f3xx_hal_dma.o(i.HAL_DMA_Init), (78 bytes).
    Removing stm32f3xx_hal_dma.o(i.HAL_DMA_PollForTransfer), (206 bytes).
    Removing stm32f3xx_hal_dma.o(i.HAL_DMA_RegisterCallback), (74 bytes).
    Removing stm32f3xx_hal_dma.o(i.HAL_DMA_Start), (80 bytes).
    Removing stm32f3xx_hal_dma.o(i.HAL_DMA_Start_IT), (112 bytes).
    Removing stm32f3xx_hal_dma.o(i.HAL_DMA_UnRegisterCallback), (82 bytes).
    Removing stm32f3xx_hal_cortex.o(.rev16_text), (4 bytes).
    Removing stm32f3xx_hal_cortex.o(.revsh_text), (4 bytes).
    Removing stm32f3xx_hal_cortex.o(.rrx_text), (6 bytes).
    Removing stm32f3xx_hal_cortex.o(i.HAL_MPU_ConfigRegion), (84 bytes).
    Removing stm32f3xx_hal_cortex.o(i.HAL_MPU_Disable), (24 bytes).
    Removing stm32f3xx_hal_cortex.o(i.HAL_MPU_Enable), (28 bytes).
    Removing stm32f3xx_hal_cortex.o(i.HAL_NVIC_ClearPendingIRQ), (22 bytes).
    Removing stm32f3xx_hal_cortex.o(i.HAL_NVIC_DisableIRQ), (22 bytes).
    Removing stm32f3xx_hal_cortex.o(i.HAL_NVIC_GetActive), (32 bytes).
    Removing stm32f3xx_hal_cortex.o(i.HAL_NVIC_GetPendingIRQ), (32 bytes).
    Removing stm32f3xx_hal_cortex.o(i.HAL_NVIC_GetPriority), (82 bytes).
    Removing stm32f3xx_hal_cortex.o(i.HAL_NVIC_GetPriorityGrouping), (16 bytes).
    Removing stm32f3xx_hal_cortex.o(i.HAL_NVIC_SetPendingIRQ), (22 bytes).
    Removing stm32f3xx_hal_cortex.o(i.HAL_NVIC_SystemReset), (36 bytes).
    Removing stm32f3xx_hal_cortex.o(i.HAL_SYSTICK_CLKSourceConfig), (24 bytes).
    Removing stm32f3xx_hal_cortex.o(i.HAL_SYSTICK_Callback), (2 bytes).
    Removing stm32f3xx_hal_cortex.o(i.HAL_SYSTICK_IRQHandler), (8 bytes).
    Removing stm32f3xx_hal_pwr.o(.rev16_text), (4 bytes).
    Removing stm32f3xx_hal_pwr.o(.revsh_text), (4 bytes).
    Removing stm32f3xx_hal_pwr.o(.rrx_text), (6 bytes).
    Removing stm32f3xx_hal_pwr.o(i.HAL_PWR_DeInit), (24 bytes).
    Removing stm32f3xx_hal_pwr.o(i.HAL_PWR_DisableBkUpAccess), (16 bytes).
    Removing stm32f3xx_hal_pwr.o(i.HAL_PWR_DisableSEVOnPend), (16 bytes).
    Removing stm32f3xx_hal_pwr.o(i.HAL_PWR_DisableSleepOnExit), (16 bytes).
    Removing stm32f3xx_hal_pwr.o(i.HAL_PWR_DisableWakeUpPin), (16 bytes).
    Removing stm32f3xx_hal_pwr.o(i.HAL_PWR_EnableBkUpAccess), (16 bytes).
    Removing stm32f3xx_hal_pwr.o(i.HAL_PWR_EnableSEVOnPend), (16 bytes).
    Removing stm32f3xx_hal_pwr.o(i.HAL_PWR_EnableSleepOnExit), (16 bytes).
    Removing stm32f3xx_hal_pwr.o(i.HAL_PWR_EnableWakeUpPin), (16 bytes).
    Removing stm32f3xx_hal_pwr.o(i.HAL_PWR_EnterSLEEPMode), (32 bytes).
    Removing stm32f3xx_hal_pwr.o(i.HAL_PWR_EnterSTANDBYMode), (32 bytes).
    Removing stm32f3xx_hal_pwr.o(i.HAL_PWR_EnterSTOPMode), (56 bytes).
    Removing stm32f3xx_hal_pwr_ex.o(.rev16_text), (4 bytes).
    Removing stm32f3xx_hal_pwr_ex.o(.revsh_text), (4 bytes).
    Removing stm32f3xx_hal_pwr_ex.o(.rrx_text), (6 bytes).
    Removing stm32f3xx_hal_pwr_ex.o(i.HAL_PWR_ConfigPVD), (124 bytes).
    Removing stm32f3xx_hal_pwr_ex.o(i.HAL_PWR_DisablePVD), (16 bytes).
    Removing stm32f3xx_hal_pwr_ex.o(i.HAL_PWR_EnablePVD), (16 bytes).
    Removing stm32f3xx_hal_pwr_ex.o(i.HAL_PWR_PVDCallback), (2 bytes).
    Removing stm32f3xx_hal_pwr_ex.o(i.HAL_PWR_PVD_IRQHandler), (28 bytes).
    Removing stm32f3xx_hal_flash.o(.rev16_text), (4 bytes).
    Removing stm32f3xx_hal_flash.o(.revsh_text), (4 bytes).
    Removing stm32f3xx_hal_flash.o(.rrx_text), (6 bytes).
    Removing stm32f3xx_hal_flash.o(i.FLASH_Program_HalfWord), (28 bytes).
    Removing stm32f3xx_hal_flash.o(i.FLASH_SetErrorCode), (52 bytes).
    Removing stm32f3xx_hal_flash.o(i.FLASH_WaitForLastOperation), (80 bytes).
    Removing stm32f3xx_hal_flash.o(i.HAL_FLASH_EndOfOperationCallback), (2 bytes).
    Removing stm32f3xx_hal_flash.o(i.HAL_FLASH_GetError), (12 bytes).
    Removing stm32f3xx_hal_flash.o(i.HAL_FLASH_IRQHandler), (264 bytes).
    Removing stm32f3xx_hal_flash.o(i.HAL_FLASH_Lock), (20 bytes).
    Removing stm32f3xx_hal_flash.o(i.HAL_FLASH_OB_Launch), (24 bytes).
    Removing stm32f3xx_hal_flash.o(i.HAL_FLASH_OB_Lock), (20 bytes).
    Removing stm32f3xx_hal_flash.o(i.HAL_FLASH_OB_Unlock), (36 bytes).
    Removing stm32f3xx_hal_flash.o(i.HAL_FLASH_OperationErrorCallback), (2 bytes).
    Removing stm32f3xx_hal_flash.o(i.HAL_FLASH_Program), (128 bytes).
    Removing stm32f3xx_hal_flash.o(i.HAL_FLASH_Program_IT), (100 bytes).
    Removing stm32f3xx_hal_flash.o(i.HAL_FLASH_Unlock), (40 bytes).
    Removing stm32f3xx_hal_flash.o(.bss), (32 bytes).
    Removing stm32f3xx_hal_flash_ex.o(.rev16_text), (4 bytes).
    Removing stm32f3xx_hal_flash_ex.o(.revsh_text), (4 bytes).
    Removing stm32f3xx_hal_flash_ex.o(.rrx_text), (6 bytes).
    Removing stm32f3xx_hal_flash_ex.o(i.FLASH_MassErase), (36 bytes).
    Removing stm32f3xx_hal_flash_ex.o(i.FLASH_OB_DisableWRP), (176 bytes).
    Removing stm32f3xx_hal_flash_ex.o(i.FLASH_OB_EnableWRP), (176 bytes).
    Removing stm32f3xx_hal_flash_ex.o(i.FLASH_OB_GetRDP), (32 bytes).
    Removing stm32f3xx_hal_flash_ex.o(i.FLASH_OB_RDP_LevelConfig), (100 bytes).
    Removing stm32f3xx_hal_flash_ex.o(i.FLASH_PageErase), (36 bytes).
    Removing stm32f3xx_hal_flash_ex.o(i.HAL_FLASHEx_Erase), (168 bytes).
    Removing stm32f3xx_hal_flash_ex.o(i.HAL_FLASHEx_Erase_IT), (84 bytes).
    Removing stm32f3xx_hal_flash_ex.o(i.HAL_FLASHEx_OBErase), (84 bytes).
    Removing stm32f3xx_hal_flash_ex.o(i.HAL_FLASHEx_OBGetConfig), (48 bytes).
    Removing stm32f3xx_hal_flash_ex.o(i.HAL_FLASHEx_OBGetUserData), (48 bytes).
    Removing stm32f3xx_hal_flash_ex.o(i.HAL_FLASHEx_OBProgram), (200 bytes).
    Removing stm32f3xx_hal_i2c.o(.rev16_text), (4 bytes).
    Removing stm32f3xx_hal_i2c.o(.revsh_text), (4 bytes).
    Removing stm32f3xx_hal_i2c.o(.rrx_text), (6 bytes).
    Removing stm32f3xx_hal_i2c.o(i.HAL_I2C_AbortCpltCallback), (2 bytes).
    Removing stm32f3xx_hal_i2c.o(i.HAL_I2C_AddrCallback), (2 bytes).
    Removing stm32f3xx_hal_i2c.o(i.HAL_I2C_DeInit), (50 bytes).
    Removing stm32f3xx_hal_i2c.o(i.HAL_I2C_DisableListen_IT), (54 bytes).
    Removing stm32f3xx_hal_i2c.o(i.HAL_I2C_ER_IRQHandler), (98 bytes).
    Removing stm32f3xx_hal_i2c.o(i.HAL_I2C_EV_IRQHandler), (16 bytes).
    Removing stm32f3xx_hal_i2c.o(i.HAL_I2C_EnableListen_IT), (40 bytes).
    Removing stm32f3xx_hal_i2c.o(i.HAL_I2C_ErrorCallback), (2 bytes).
    Removing stm32f3xx_hal_i2c.o(i.HAL_I2C_GetError), (4 bytes).
    Removing stm32f3xx_hal_i2c.o(i.HAL_I2C_GetMode), (6 bytes).
    Removing stm32f3xx_hal_i2c.o(i.HAL_I2C_GetState), (6 bytes).
    Removing stm32f3xx_hal_i2c.o(i.HAL_I2C_Init), (184 bytes).
    Removing stm32f3xx_hal_i2c.o(i.HAL_I2C_IsDeviceReady), (288 bytes).
    Removing stm32f3xx_hal_i2c.o(i.HAL_I2C_ListenCpltCallback), (2 bytes).
    Removing stm32f3xx_hal_i2c.o(i.HAL_I2C_MasterRxCpltCallback), (2 bytes).
    Removing stm32f3xx_hal_i2c.o(i.HAL_I2C_MasterTxCpltCallback), (2 bytes).
    Removing stm32f3xx_hal_i2c.o(i.HAL_I2C_Master_Abort_IT), (96 bytes).
    Removing stm32f3xx_hal_i2c.o(i.HAL_I2C_Master_Receive), (304 bytes).
    Removing stm32f3xx_hal_i2c.o(i.HAL_I2C_Master_Receive_DMA), (244 bytes).
    Removing stm32f3xx_hal_i2c.o(i.HAL_I2C_Master_Receive_IT), (136 bytes).
    Removing stm32f3xx_hal_i2c.o(i.HAL_I2C_Master_Sequential_Receive_IT), (128 bytes).
    Removing stm32f3xx_hal_i2c.o(i.HAL_I2C_Master_Sequential_Transmit_IT), (124 bytes).
    Removing stm32f3xx_hal_i2c.o(i.HAL_I2C_Master_Transmit), (300 bytes).
    Removing stm32f3xx_hal_i2c.o(i.HAL_I2C_Master_Transmit_DMA), (248 bytes).
    Removing stm32f3xx_hal_i2c.o(i.HAL_I2C_Master_Transmit_IT), (136 bytes).
    Removing stm32f3xx_hal_i2c.o(i.HAL_I2C_MemRxCpltCallback), (2 bytes).
    Removing stm32f3xx_hal_i2c.o(i.HAL_I2C_MemTxCpltCallback), (2 bytes).
    Removing stm32f3xx_hal_i2c.o(i.HAL_I2C_Mem_Read), (368 bytes).
    Removing stm32f3xx_hal_i2c.o(i.HAL_I2C_Mem_Read_DMA), (264 bytes).
    Removing stm32f3xx_hal_i2c.o(i.HAL_I2C_Mem_Read_IT), (204 bytes).
    Removing stm32f3xx_hal_i2c.o(i.HAL_I2C_Mem_Write), (360 bytes).
    Removing stm32f3xx_hal_i2c.o(i.HAL_I2C_Mem_Write_DMA), (260 bytes).
    Removing stm32f3xx_hal_i2c.o(i.HAL_I2C_Mem_Write_IT), (200 bytes).
    Removing stm32f3xx_hal_i2c.o(i.HAL_I2C_MspDeInit), (2 bytes).
    Removing stm32f3xx_hal_i2c.o(i.HAL_I2C_MspInit), (2 bytes).
    Removing stm32f3xx_hal_i2c.o(i.HAL_I2C_SlaveRxCpltCallback), (2 bytes).
    Removing stm32f3xx_hal_i2c.o(i.HAL_I2C_SlaveTxCpltCallback), (2 bytes).
    Removing stm32f3xx_hal_i2c.o(i.HAL_I2C_Slave_Receive), (314 bytes).
    Removing stm32f3xx_hal_i2c.o(i.HAL_I2C_Slave_Receive_DMA), (164 bytes).
    Removing stm32f3xx_hal_i2c.o(i.HAL_I2C_Slave_Receive_IT), (92 bytes).
    Removing stm32f3xx_hal_i2c.o(i.HAL_I2C_Slave_Sequential_Receive_IT), (152 bytes).
    Removing stm32f3xx_hal_i2c.o(i.HAL_I2C_Slave_Sequential_Transmit_IT), (152 bytes).
    Removing stm32f3xx_hal_i2c.o(i.HAL_I2C_Slave_Transmit), (314 bytes).
    Removing stm32f3xx_hal_i2c.o(i.HAL_I2C_Slave_Transmit_DMA), (156 bytes).
    Removing stm32f3xx_hal_i2c.o(i.HAL_I2C_Slave_Transmit_IT), (92 bytes).
    Removing stm32f3xx_hal_i2c.o(i.I2C_DMAAbort), (50 bytes).
    Removing stm32f3xx_hal_i2c.o(i.I2C_DMAError), (18 bytes).
    Removing stm32f3xx_hal_i2c.o(i.I2C_DMAMasterReceiveCplt), (66 bytes).
    Removing stm32f3xx_hal_i2c.o(i.I2C_DMAMasterTransmitCplt), (66 bytes).
    Removing stm32f3xx_hal_i2c.o(i.I2C_DMASlaveReceiveCplt), (2 bytes).
    Removing stm32f3xx_hal_i2c.o(i.I2C_DMASlaveTransmitCplt), (2 bytes).
    Removing stm32f3xx_hal_i2c.o(i.I2C_Disable_IRQ), (86 bytes).
    Removing stm32f3xx_hal_i2c.o(i.I2C_Enable_IRQ), (96 bytes).
    Removing stm32f3xx_hal_i2c.o(i.I2C_Flush_TXDR), (34 bytes).
    Removing stm32f3xx_hal_i2c.o(i.I2C_ITAddrCplt), (136 bytes).
    Removing stm32f3xx_hal_i2c.o(i.I2C_ITError), (224 bytes).
    Removing stm32f3xx_hal_i2c.o(i.I2C_ITListenCplt), (92 bytes).
    Removing stm32f3xx_hal_i2c.o(i.I2C_ITMasterCplt), (180 bytes).
    Removing stm32f3xx_hal_i2c.o(i.I2C_ITMasterSequentialCplt), (76 bytes).
    Removing stm32f3xx_hal_i2c.o(i.I2C_ITSlaveCplt), (240 bytes).
    Removing stm32f3xx_hal_i2c.o(i.I2C_ITSlaveSequentialCplt), (84 bytes).
    Removing stm32f3xx_hal_i2c.o(i.I2C_IsAcknowledgeFailed), (124 bytes).
    Removing stm32f3xx_hal_i2c.o(i.I2C_Master_ISR_DMA), (196 bytes).
    Removing stm32f3xx_hal_i2c.o(i.I2C_Master_ISR_IT), (288 bytes).
    Removing stm32f3xx_hal_i2c.o(i.I2C_RequestMemoryRead), (112 bytes).
    Removing stm32f3xx_hal_i2c.o(i.I2C_RequestMemoryWrite), (112 bytes).
    Removing stm32f3xx_hal_i2c.o(i.I2C_Slave_ISR_DMA), (106 bytes).
    Removing stm32f3xx_hal_i2c.o(i.I2C_Slave_ISR_IT), (272 bytes).
    Removing stm32f3xx_hal_i2c.o(i.I2C_TransferConfig), (44 bytes).
    Removing stm32f3xx_hal_i2c.o(i.I2C_WaitOnFlagUntilTimeout), (82 bytes).
    Removing stm32f3xx_hal_i2c.o(i.I2C_WaitOnRXNEFlagUntilTimeout), (136 bytes).
    Removing stm32f3xx_hal_i2c.o(i.I2C_WaitOnSTOPFlagUntilTimeout), (78 bytes).
    Removing stm32f3xx_hal_i2c.o(i.I2C_WaitOnTXISFlagUntilTimeout), (82 bytes).
    Removing stm32f3xx_hal_i2c_ex.o(.rev16_text), (4 bytes).
    Removing stm32f3xx_hal_i2c_ex.o(.revsh_text), (4 bytes).
    Removing stm32f3xx_hal_i2c_ex.o(.rrx_text), (6 bytes).
    Removing stm32f3xx_hal_i2c_ex.o(i.HAL_I2CEx_ConfigAnalogFilter), (86 bytes).
    Removing stm32f3xx_hal_i2c_ex.o(i.HAL_I2CEx_ConfigDigitalFilter), (82 bytes).
    Removing stm32f3xx_hal_i2c_ex.o(i.HAL_I2CEx_DisableFastModePlus), (40 bytes).
    Removing stm32f3xx_hal_i2c_ex.o(i.HAL_I2CEx_DisableWakeUp), (78 bytes).
    Removing stm32f3xx_hal_i2c_ex.o(i.HAL_I2CEx_EnableFastModePlus), (40 bytes).
    Removing stm32f3xx_hal_i2c_ex.o(i.HAL_I2CEx_EnableWakeUp), (78 bytes).
    Removing system_stm32f3xx.o(.rev16_text), (4 bytes).
    Removing system_stm32f3xx.o(.revsh_text), (4 bytes).
    Removing system_stm32f3xx.o(.rrx_text), (6 bytes).
    Removing system_stm32f3xx.o(i.SystemCoreClockUpdate), (112 bytes).
    Removing system_stm32f3xx.o(.constdata), (8 bytes).
    Removing usbd_core.o(.rev16_text), (4 bytes).
    Removing usbd_core.o(.revsh_text), (4 bytes).
    Removing usbd_core.o(.rrx_text), (6 bytes).
    Removing usbd_core.o(i.USBD_DeInit), (38 bytes).
    Removing usbd_core.o(i.USBD_LL_DevConnected), (4 bytes).
    Removing usbd_core.o(i.USBD_LL_DevDisconnected), (22 bytes).
    Removing usbd_core.o(i.USBD_LL_IsoINIncomplete), (4 bytes).
    Removing usbd_core.o(i.USBD_LL_IsoOUTIncomplete), (4 bytes).
    Removing usbd_core.o(i.USBD_RunTestMode), (4 bytes).
    Removing usbd_core.o(i.USBD_Stop), (26 bytes).
    Removing usbd_ctlreq.o(.rev16_text), (4 bytes).
    Removing usbd_ctlreq.o(.revsh_text), (4 bytes).
    Removing usbd_ctlreq.o(.rrx_text), (6 bytes).
    Removing usbd_ioreq.o(.rev16_text), (4 bytes).
    Removing usbd_ioreq.o(.revsh_text), (4 bytes).
    Removing usbd_ioreq.o(.rrx_text), (6 bytes).
    Removing usbd_ioreq.o(i.USBD_GetRxCount), (10 bytes).
    Removing usbd_customhid.o(.rev16_text), (4 bytes).
    Removing usbd_customhid.o(.revsh_text), (4 bytes).
    Removing usbd_customhid.o(.rrx_text), (6 bytes).
    Removing usbd_customhid.o(i.USBD_CUSTOM_HID_SendReport), (40 bytes).

320 unused section(s) (total 16854 bytes) removed from the image.

==============================================================================

Image Symbol Table

    Local Symbols

    Symbol Name                              Value     Ov Type        Size  Object(Section)

    ../Drivers/STM32F3xx_HAL_Driver/Src/stm32f3xx_hal.c 0x00000000   Number         0  stm32f3xx_hal.o ABSOLUTE
    ../Drivers/STM32F3xx_HAL_Driver/Src/stm32f3xx_hal_cortex.c 0x00000000   Number         0  stm32f3xx_hal_cortex.o ABSOLUTE
    ../Drivers/STM32F3xx_HAL_Driver/Src/stm32f3xx_hal_dma.c 0x00000000   Number         0  stm32f3xx_hal_dma.o ABSOLUTE
    ../Drivers/STM32F3xx_HAL_Driver/Src/stm32f3xx_hal_flash.c 0x00000000   Number         0  stm32f3xx_hal_flash.o ABSOLUTE
    ../Drivers/STM32F3xx_HAL_Driver/Src/stm32f3xx_hal_flash_ex.c 0x00000000   Number         0  stm32f3xx_hal_flash_ex.o ABSOLUTE
    ../Drivers/STM32F3xx_HAL_Driver/Src/stm32f3xx_hal_gpio.c 0x00000000   Number         0  stm32f3xx_hal_gpio.o ABSOLUTE
    ../Drivers/STM32F3xx_HAL_Driver/Src/stm32f3xx_hal_i2c.c 0x00000000   Number         0  stm32f3xx_hal_i2c.o ABSOLUTE
    ../Drivers/STM32F3xx_HAL_Driver/Src/stm32f3xx_hal_i2c_ex.c 0x00000000   Number         0  stm32f3xx_hal_i2c_ex.o ABSOLUTE
    ../Drivers/STM32F3xx_HAL_Driver/Src/stm32f3xx_hal_pcd.c 0x00000000   Number         0  stm32f3xx_hal_pcd.o ABSOLUTE
    ../Drivers/STM32F3xx_HAL_Driver/Src/stm32f3xx_hal_pcd_ex.c 0x00000000   Number         0  stm32f3xx_hal_pcd_ex.o ABSOLUTE
    ../Drivers/STM32F3xx_HAL_Driver/Src/stm32f3xx_hal_pwr.c 0x00000000   Number         0  stm32f3xx_hal_pwr.o ABSOLUTE
    ../Drivers/STM32F3xx_HAL_Driver/Src/stm32f3xx_hal_pwr_ex.c 0x00000000   Number         0  stm32f3xx_hal_pwr_ex.o ABSOLUTE
    ../Drivers/STM32F3xx_HAL_Driver/Src/stm32f3xx_hal_rcc.c 0x00000000   Number         0  stm32f3xx_hal_rcc.o ABSOLUTE
    ../Drivers/STM32F3xx_HAL_Driver/Src/stm32f3xx_hal_rcc_ex.c 0x00000000   Number         0  stm32f3xx_hal_rcc_ex.o ABSOLUTE
    ../Drivers/STM32F3xx_HAL_Driver/Src/stm32f3xx_hal_tim.c 0x00000000   Number         0  stm32f3xx_hal_tim.o ABSOLUTE
    ../Drivers/STM32F3xx_HAL_Driver/Src/stm32f3xx_hal_tim_ex.c 0x00000000   Number         0  stm32f3xx_hal_tim_ex.o ABSOLUTE
    ../Middlewares/ST/STM32_USB_Device_Library/Class/CustomHID/Src/usbd_customhid.c 0x00000000   Number         0  usbd_customhid.o ABSOLUTE
    ../Middlewares/ST/STM32_USB_Device_Library/Core/Src/usbd_core.c 0x00000000   Number         0  usbd_core.o ABSOLUTE
    ../Middlewares/ST/STM32_USB_Device_Library/Core/Src/usbd_ctlreq.c 0x00000000   Number         0  usbd_ctlreq.o ABSOLUTE
    ../Middlewares/ST/STM32_USB_Device_Library/Core/Src/usbd_ioreq.c 0x00000000   Number         0  usbd_ioreq.o ABSOLUTE
    ../Src/main.c                            0x00000000   Number         0  main.o ABSOLUTE
    ../Src/stm32f3xx_hal_msp.c               0x00000000   Number         0  stm32f3xx_hal_msp.o ABSOLUTE
    ../Src/stm32f3xx_it.c                    0x00000000   Number         0  stm32f3xx_it.o ABSOLUTE
    ../Src/system_stm32f3xx.c                0x00000000   Number         0  system_stm32f3xx.o ABSOLUTE
    ../Src/usb_device.c                      0x00000000   Number         0  usb_device.o ABSOLUTE
    ../Src/usbd_conf.c                       0x00000000   Number         0  usbd_conf.o ABSOLUTE
    ../Src/usbd_custom_hid_if.c              0x00000000   Number         0  usbd_custom_hid_if.o ABSOLUTE
    ../Src/usbd_desc.c                       0x00000000   Number         0  usbd_desc.o ABSOLUTE
    ../clib/../cmprslib/zerorunl2.c          0x00000000   Number         0  __dczerorl2.o ABSOLUTE
    ../clib/microlib/init/entry.s            0x00000000   Number         0  entry2.o ABSOLUTE
    ../clib/microlib/init/entry.s            0x00000000   Number         0  entry.o ABSOLUTE
    ../clib/microlib/init/entry.s            0x00000000   Number         0  entry9a.o ABSOLUTE
    ../clib/microlib/init/entry.s            0x00000000   Number         0  entry11b.o ABSOLUTE
    ../clib/microlib/init/entry.s            0x00000000   Number         0  entry11a.o ABSOLUTE
    ../clib/microlib/init/entry.s            0x00000000   Number         0  entry10b.o ABSOLUTE
    ../clib/microlib/init/entry.s            0x00000000   Number         0  entry10a.o ABSOLUTE
    ../clib/microlib/init/entry.s            0x00000000   Number         0  entry9b.o ABSOLUTE
    ../clib/microlib/init/entry.s            0x00000000   Number         0  entry7b.o ABSOLUTE
    ../clib/microlib/init/entry.s            0x00000000   Number         0  entry8b.o ABSOLUTE
    ../clib/microlib/init/entry.s            0x00000000   Number         0  entry8a.o ABSOLUTE
    ../clib/microlib/init/entry.s            0x00000000   Number         0  entry7a.o ABSOLUTE
    ../clib/microlib/init/entry.s            0x00000000   Number         0  entry5.o ABSOLUTE
    ../clib/microlib/longlong.c              0x00000000   Number         0  llushr.o ABSOLUTE
    ../clib/microlib/string/memcpy.c         0x00000000   Number         0  memcpya.o ABSOLUTE
    ../clib/microlib/string/memcpy.c         0x00000000   Number         0  memcpyb.o ABSOLUTE
    ../clib/microlib/string/memset.c         0x00000000   Number         0  memseta.o ABSOLUTE
    ..\Drivers\STM32F3xx_HAL_Driver\Src\stm32f3xx_hal.c 0x00000000   Number         0  stm32f3xx_hal.o ABSOLUTE
    ..\Drivers\STM32F3xx_HAL_Driver\Src\stm32f3xx_hal_cortex.c 0x00000000   Number         0  stm32f3xx_hal_cortex.o ABSOLUTE
    ..\Drivers\STM32F3xx_HAL_Driver\Src\stm32f3xx_hal_dma.c 0x00000000   Number         0  stm32f3xx_hal_dma.o ABSOLUTE
    ..\Drivers\STM32F3xx_HAL_Driver\Src\stm32f3xx_hal_flash.c 0x00000000   Number         0  stm32f3xx_hal_flash.o ABSOLUTE
    ..\Drivers\STM32F3xx_HAL_Driver\Src\stm32f3xx_hal_flash_ex.c 0x00000000   Number         0  stm32f3xx_hal_flash_ex.o ABSOLUTE
    ..\Drivers\STM32F3xx_HAL_Driver\Src\stm32f3xx_hal_gpio.c 0x00000000   Number         0  stm32f3xx_hal_gpio.o ABSOLUTE
    ..\Drivers\STM32F3xx_HAL_Driver\Src\stm32f3xx_hal_i2c.c 0x00000000   Number         0  stm32f3xx_hal_i2c.o ABSOLUTE
    ..\Drivers\STM32F3xx_HAL_Driver\Src\stm32f3xx_hal_i2c_ex.c 0x00000000   Number         0  stm32f3xx_hal_i2c_ex.o ABSOLUTE
    ..\Drivers\STM32F3xx_HAL_Driver\Src\stm32f3xx_hal_pcd.c 0x00000000   Number         0  stm32f3xx_hal_pcd.o ABSOLUTE
    ..\Drivers\STM32F3xx_HAL_Driver\Src\stm32f3xx_hal_pcd_ex.c 0x00000000   Number         0  stm32f3xx_hal_pcd_ex.o ABSOLUTE
    ..\Drivers\STM32F3xx_HAL_Driver\Src\stm32f3xx_hal_pwr.c 0x00000000   Number         0  stm32f3xx_hal_pwr.o ABSOLUTE
    ..\Drivers\STM32F3xx_HAL_Driver\Src\stm32f3xx_hal_pwr_ex.c 0x00000000   Number         0  stm32f3xx_hal_pwr_ex.o ABSOLUTE
    ..\Drivers\STM32F3xx_HAL_Driver\Src\stm32f3xx_hal_rcc.c 0x00000000   Number         0  stm32f3xx_hal_rcc.o ABSOLUTE
    ..\Drivers\STM32F3xx_HAL_Driver\Src\stm32f3xx_hal_rcc_ex.c 0x00000000   Number         0  stm32f3xx_hal_rcc_ex.o ABSOLUTE
    ..\Drivers\STM32F3xx_HAL_Driver\Src\stm32f3xx_hal_tim.c 0x00000000   Number         0  stm32f3xx_hal_tim.o ABSOLUTE
    ..\Drivers\STM32F3xx_HAL_Driver\Src\stm32f3xx_hal_tim_ex.c 0x00000000   Number         0  stm32f3xx_hal_tim_ex.o ABSOLUTE
    ..\Middlewares\ST\STM32_USB_Device_Library\Class\CustomHID\Src\usbd_customhid.c 0x00000000   Number         0  usbd_customhid.o ABSOLUTE
    ..\Middlewares\ST\STM32_USB_Device_Library\Core\Src\usbd_core.c 0x00000000   Number         0  usbd_core.o ABSOLUTE
    ..\Middlewares\ST\STM32_USB_Device_Library\Core\Src\usbd_ctlreq.c 0x00000000   Number         0  usbd_ctlreq.o ABSOLUTE
    ..\Middlewares\ST\STM32_USB_Device_Library\Core\Src\usbd_ioreq.c 0x00000000   Number         0  usbd_ioreq.o ABSOLUTE
    ..\Src\main.c                            0x00000000   Number         0  main.o ABSOLUTE
    ..\Src\stm32f3xx_hal_msp.c               0x00000000   Number         0  stm32f3xx_hal_msp.o ABSOLUTE
    ..\Src\stm32f3xx_it.c                    0x00000000   Number         0  stm32f3xx_it.o ABSOLUTE
    ..\Src\system_stm32f3xx.c                0x00000000   Number         0  system_stm32f3xx.o ABSOLUTE
    ..\Src\usb_device.c                      0x00000000   Number         0  usb_device.o ABSOLUTE
    ..\Src\usbd_conf.c                       0x00000000   Number         0  usbd_conf.o ABSOLUTE
    ..\Src\usbd_custom_hid_if.c              0x00000000   Number         0  usbd_custom_hid_if.o ABSOLUTE
    ..\Src\usbd_desc.c                       0x00000000   Number         0  usbd_desc.o ABSOLUTE
    dc.s                                     0x00000000   Number         0  dc.o ABSOLUTE
    handlers.s                               0x00000000   Number         0  handlers.o ABSOLUTE
    init.s                                   0x00000000   Number         0  init.o ABSOLUTE
    startup_stm32f303xc.s                    0x00000000   Number         0  startup_stm32f303xc.o ABSOLUTE
    RESET                                    0x0800a000   Section      392  startup_stm32f303xc.o(RESET)
    .ARM.Collect$$$$00000000                 0x0800a188   Section        0  entry.o(.ARM.Collect$$$$00000000)
    .ARM.Collect$$$$00000001                 0x0800a188   Section        4  entry2.o(.ARM.Collect$$$$00000001)
    .ARM.Collect$$$$00000004                 0x0800a18c   Section        4  entry5.o(.ARM.Collect$$$$00000004)
    .ARM.Collect$$$$00000008                 0x0800a190   Section        0  entry7b.o(.ARM.Collect$$$$00000008)
    .ARM.Collect$$$$0000000A                 0x0800a190   Section        0  entry8b.o(.ARM.Collect$$$$0000000A)
    .ARM.Collect$$$$0000000B                 0x0800a190   Section        8  entry9a.o(.ARM.Collect$$$$0000000B)
    .ARM.Collect$$$$0000000D                 0x0800a198   Section        0  entry10a.o(.ARM.Collect$$$$0000000D)
    .ARM.Collect$$$$0000000F                 0x0800a198   Section        0  entry11a.o(.ARM.Collect$$$$0000000F)
    .ARM.Collect$$$$00002712                 0x0800a198   Section        4  entry2.o(.ARM.Collect$$$$00002712)
    __lit__00000000                          0x0800a198   Data           4  entry2.o(.ARM.Collect$$$$00002712)
    .text                                    0x0800a19c   Section       36  startup_stm32f303xc.o(.text)
    $v0                                      0x0800a19c   Number         0  startup_stm32f303xc.o(.text)
    .text                                    0x0800a1c0   Section        0  memseta.o(.text)
    .text                                    0x0800a1e4   Section       36  init.o(.text)
    .text                                    0x0800a208   Section        0  __dczerorl2.o(.text)
    i.BusFault_Handler                       0x0800a25e   Section        0  stm32f3xx_it.o(i.BusFault_Handler)
    i.CUSTOM_HID_DeInit_FS                   0x0800a260   Section        0  usbd_custom_hid_if.o(i.CUSTOM_HID_DeInit_FS)
    CUSTOM_HID_DeInit_FS                     0x0800a261   Thumb Code     4  usbd_custom_hid_if.o(i.CUSTOM_HID_DeInit_FS)
    i.CUSTOM_HID_Init_FS                     0x0800a264   Section        0  usbd_custom_hid_if.o(i.CUSTOM_HID_Init_FS)
    CUSTOM_HID_Init_FS                       0x0800a265   Thumb Code     4  usbd_custom_hid_if.o(i.CUSTOM_HID_Init_FS)
    i.CUSTOM_HID_OutEvent_FS                 0x0800a268   Section        0  usbd_custom_hid_if.o(i.CUSTOM_HID_OutEvent_FS)
    CUSTOM_HID_OutEvent_FS                   0x0800a269   Thumb Code     4  usbd_custom_hid_if.o(i.CUSTOM_HID_OutEvent_FS)
    i.DebugMon_Handler                       0x0800a26c   Section        0  stm32f3xx_it.o(i.DebugMon_Handler)
    i.Error_Handler                          0x0800a26e   Section        0  main.o(i.Error_Handler)
    i.HAL_Delay                              0x0800a270   Section        0  stm32f3xx_hal.o(i.HAL_Delay)
    i.HAL_GPIO_Init                          0x0800a294   Section        0  stm32f3xx_hal_gpio.o(i.HAL_GPIO_Init)
    i.HAL_GPIO_TogglePin                     0x0800a41c   Section        0  stm32f3xx_hal_gpio.o(i.HAL_GPIO_TogglePin)
    i.HAL_GPIO_WritePin                      0x0800a424   Section        0  stm32f3xx_hal_gpio.o(i.HAL_GPIO_WritePin)
    i.HAL_GetTick                            0x0800a430   Section        0  stm32f3xx_hal.o(i.HAL_GetTick)
    i.HAL_IncTick                            0x0800a43c   Section        0  stm32f3xx_hal.o(i.HAL_IncTick)
    i.HAL_Init                               0x0800a44c   Section        0  stm32f3xx_hal.o(i.HAL_Init)
    i.HAL_InitTick                           0x0800a470   Section        0  stm32f3xx_hal.o(i.HAL_InitTick)
    i.HAL_MspInit                            0x0800a4b0   Section        0  stm32f3xx_hal_msp.o(i.HAL_MspInit)
    i.HAL_NVIC_EnableIRQ                     0x0800a4dc   Section        0  stm32f3xx_hal_cortex.o(i.HAL_NVIC_EnableIRQ)
    i.HAL_NVIC_SetPriority                   0x0800a4f4   Section        0  stm32f3xx_hal_cortex.o(i.HAL_NVIC_SetPriority)
    i.HAL_NVIC_SetPriorityGrouping           0x0800a534   Section        0  stm32f3xx_hal_cortex.o(i.HAL_NVIC_SetPriorityGrouping)
    i.HAL_PCDEx_PMAConfig                    0x0800a558   Section        0  stm32f3xx_hal_pcd_ex.o(i.HAL_PCDEx_PMAConfig)
    i.HAL_PCDEx_SetConnectionState           0x0800a594   Section        0  usbd_conf.o(i.HAL_PCDEx_SetConnectionState)
    i.HAL_PCD_DataInStageCallback            0x0800a596   Section        0  usbd_conf.o(i.HAL_PCD_DataInStageCallback)
    i.HAL_PCD_DataOutStageCallback           0x0800a5a8   Section        0  usbd_conf.o(i.HAL_PCD_DataOutStageCallback)
    i.HAL_PCD_EP_Close                       0x0800a5bc   Section        0  stm32f3xx_hal_pcd.o(i.HAL_PCD_EP_Close)
    i.HAL_PCD_EP_ClrStall                    0x0800a73e   Section        0  stm32f3xx_hal_pcd.o(i.HAL_PCD_EP_ClrStall)
    i.HAL_PCD_EP_Open                        0x0800a7ee   Section        0  stm32f3xx_hal_pcd.o(i.HAL_PCD_EP_Open)
    i.HAL_PCD_EP_Receive                     0x0800aae8   Section        0  stm32f3xx_hal_pcd.o(i.HAL_PCD_EP_Receive)
    i.HAL_PCD_EP_SetStall                    0x0800ab8e   Section        0  stm32f3xx_hal_pcd.o(i.HAL_PCD_EP_SetStall)
    i.HAL_PCD_EP_Transmit                    0x0800ac18   Section        0  stm32f3xx_hal_pcd.o(i.HAL_PCD_EP_Transmit)
    i.HAL_PCD_IRQHandler                     0x0800ace8   Section        0  stm32f3xx_hal_pcd.o(i.HAL_PCD_IRQHandler)
    i.HAL_PCD_Init                           0x0800add8   Section        0  stm32f3xx_hal_pcd.o(i.HAL_PCD_Init)
    i.HAL_PCD_MspInit                        0x0800ae80   Section        0  usbd_conf.o(i.HAL_PCD_MspInit)
    i.HAL_PCD_ResetCallback                  0x0800aef4   Section        0  usbd_conf.o(i.HAL_PCD_ResetCallback)
    i.HAL_PCD_ResumeCallback                 0x0800af1a   Section        0  usbd_conf.o(i.HAL_PCD_ResumeCallback)
    i.HAL_PCD_SOFCallback                    0x0800af22   Section        0  usbd_conf.o(i.HAL_PCD_SOFCallback)
    i.HAL_PCD_SetAddress                     0x0800af2a   Section        0  stm32f3xx_hal_pcd.o(i.HAL_PCD_SetAddress)
    i.HAL_PCD_SetupStageCallback             0x0800af56   Section        0  usbd_conf.o(i.HAL_PCD_SetupStageCallback)
    i.HAL_PCD_Start                          0x0800af64   Section        0  stm32f3xx_hal_pcd.o(i.HAL_PCD_Start)
    i.HAL_PCD_SuspendCallback                0x0800af70   Section        0  usbd_conf.o(i.HAL_PCD_SuspendCallback)
    i.HAL_RCCEx_PeriphCLKConfig              0x0800af94   Section        0  stm32f3xx_hal_rcc_ex.o(i.HAL_RCCEx_PeriphCLKConfig)
    i.HAL_RCC_ClockConfig                    0x0800b1ac   Section        0  stm32f3xx_hal_rcc.o(i.HAL_RCC_ClockConfig)
    i.HAL_RCC_GetSysClockFreq                0x0800b2f0   Section        0  stm32f3xx_hal_rcc.o(i.HAL_RCC_GetSysClockFreq)
    i.HAL_RCC_OscConfig                      0x0800b354   Section        0  stm32f3xx_hal_rcc.o(i.HAL_RCC_OscConfig)
    i.HAL_SYSTICK_Config                     0x0800b8e4   Section        0  stm32f3xx_hal_cortex.o(i.HAL_SYSTICK_Config)
    i.HardFault_Handler                      0x0800b90c   Section        0  stm32f3xx_it.o(i.HardFault_Handler)
    i.IntToUnicode                           0x0800b910   Section        0  usbd_desc.o(i.IntToUnicode)
    IntToUnicode                             0x0800b911   Thumb Code    56  usbd_desc.o(i.IntToUnicode)
    i.MX_USB_DEVICE_Init                     0x0800b948   Section        0  usb_device.o(i.MX_USB_DEVICE_Init)
    i.MemManage_Handler                      0x0800b99c   Section        0  stm32f3xx_it.o(i.MemManage_Handler)
    i.NMI_Handler                            0x0800b99e   Section        0  stm32f3xx_it.o(i.NMI_Handler)
    i.NVIC_SetPriority                       0x0800b9a0   Section        0  stm32f3xx_hal_cortex.o(i.NVIC_SetPriority)
    NVIC_SetPriority                         0x0800b9a1   Thumb Code    32  stm32f3xx_hal_cortex.o(i.NVIC_SetPriority)
    i.PCD_EP_ISR_Handler                     0x0800b9c0   Section        0  stm32f3xx_hal_pcd.o(i.PCD_EP_ISR_Handler)
    PCD_EP_ISR_Handler                       0x0800b9c1   Thumb Code   874  stm32f3xx_hal_pcd.o(i.PCD_EP_ISR_Handler)
    i.PCD_ReadPMA                            0x0800bd2c   Section        0  stm32f3xx_hal_pcd_ex.o(i.PCD_ReadPMA)
    i.PCD_WritePMA                           0x0800bd58   Section        0  stm32f3xx_hal_pcd_ex.o(i.PCD_WritePMA)
    i.PendSV_Handler                         0x0800bd7e   Section        0  stm32f3xx_it.o(i.PendSV_Handler)
    i.SVC_Handler                            0x0800bd80   Section        0  stm32f3xx_it.o(i.SVC_Handler)
    i.SysTick_Handler                        0x0800bd82   Section        0  stm32f3xx_it.o(i.SysTick_Handler)
    i.SystemClock_Config                     0x0800bd86   Section        0  main.o(i.SystemClock_Config)
    i.SystemInit                             0x0800bde8   Section        0  system_stm32f3xx.o(i.SystemInit)
    i.USBD_CUSTOM_HID_DataIn                 0x0800be54   Section        0  usbd_customhid.o(i.USBD_CUSTOM_HID_DataIn)
    USBD_CUSTOM_HID_DataIn                   0x0800be55   Thumb Code    14  usbd_customhid.o(i.USBD_CUSTOM_HID_DataIn)
    i.USBD_CUSTOM_HID_DataOut                0x0800be62   Section        0  usbd_customhid.o(i.USBD_CUSTOM_HID_DataOut)
    USBD_CUSTOM_HID_DataOut                  0x0800be63   Thumb Code    38  usbd_customhid.o(i.USBD_CUSTOM_HID_DataOut)
    i.USBD_CUSTOM_HID_DeInit                 0x0800be88   Section        0  usbd_customhid.o(i.USBD_CUSTOM_HID_DeInit)
    USBD_CUSTOM_HID_DeInit                   0x0800be89   Thumb Code    50  usbd_customhid.o(i.USBD_CUSTOM_HID_DeInit)
    i.USBD_CUSTOM_HID_EP0_RxReady            0x0800beba   Section        0  usbd_customhid.o(i.USBD_CUSTOM_HID_EP0_RxReady)
    USBD_CUSTOM_HID_EP0_RxReady              0x0800bebb   Thumb Code    38  usbd_customhid.o(i.USBD_CUSTOM_HID_EP0_RxReady)
    i.USBD_CUSTOM_HID_GetCfgDesc             0x0800bee0   Section        0  usbd_customhid.o(i.USBD_CUSTOM_HID_GetCfgDesc)
    USBD_CUSTOM_HID_GetCfgDesc               0x0800bee1   Thumb Code     8  usbd_customhid.o(i.USBD_CUSTOM_HID_GetCfgDesc)
    i.USBD_CUSTOM_HID_GetDeviceQualifierDesc 0x0800beec   Section        0  usbd_customhid.o(i.USBD_CUSTOM_HID_GetDeviceQualifierDesc)
    USBD_CUSTOM_HID_GetDeviceQualifierDesc   0x0800beed   Thumb Code     8  usbd_customhid.o(i.USBD_CUSTOM_HID_GetDeviceQualifierDesc)
    i.USBD_CUSTOM_HID_Init                   0x0800bef8   Section        0  usbd_customhid.o(i.USBD_CUSTOM_HID_Init)
    USBD_CUSTOM_HID_Init                     0x0800bef9   Thumb Code    80  usbd_customhid.o(i.USBD_CUSTOM_HID_Init)
    i.USBD_CUSTOM_HID_RegisterInterface      0x0800bf48   Section        0  usbd_customhid.o(i.USBD_CUSTOM_HID_RegisterInterface)
    i.USBD_CUSTOM_HID_Setup                  0x0800bf58   Section        0  usbd_customhid.o(i.USBD_CUSTOM_HID_Setup)
    USBD_CUSTOM_HID_Setup                    0x0800bf59   Thumb Code   188  usbd_customhid.o(i.USBD_CUSTOM_HID_Setup)
    i.USBD_ClrClassConfig                    0x0800c018   Section        0  usbd_core.o(i.USBD_ClrClassConfig)
    i.USBD_CtlContinueRx                     0x0800c026   Section        0  usbd_ioreq.o(i.USBD_CtlContinueRx)
    i.USBD_CtlContinueSendData               0x0800c036   Section        0  usbd_ioreq.o(i.USBD_CtlContinueSendData)
    i.USBD_CtlError                          0x0800c046   Section        0  usbd_ctlreq.o(i.USBD_CtlError)
    i.USBD_CtlPrepareRx                      0x0800c05c   Section        0  usbd_ioreq.o(i.USBD_CtlPrepareRx)
    i.USBD_CtlReceiveStatus                  0x0800c07a   Section        0  usbd_ioreq.o(i.USBD_CtlReceiveStatus)
    i.USBD_CtlSendData                       0x0800c090   Section        0  usbd_ioreq.o(i.USBD_CtlSendData)
    i.USBD_CtlSendStatus                     0x0800c0aa   Section        0  usbd_ioreq.o(i.USBD_CtlSendStatus)
    i.USBD_FS_ConfigStrDescriptor            0x0800c0c0   Section        0  usbd_desc.o(i.USBD_FS_ConfigStrDescriptor)
    i.USBD_FS_DeviceDescriptor               0x0800c0f4   Section        0  usbd_desc.o(i.USBD_FS_DeviceDescriptor)
    i.USBD_FS_InterfaceStrDescriptor         0x0800c100   Section        0  usbd_desc.o(i.USBD_FS_InterfaceStrDescriptor)
    i.USBD_FS_LangIDStrDescriptor            0x0800c134   Section        0  usbd_desc.o(i.USBD_FS_LangIDStrDescriptor)
    i.USBD_FS_ManufacturerStrDescriptor      0x0800c140   Section        0  usbd_desc.o(i.USBD_FS_ManufacturerStrDescriptor)
    i.USBD_FS_ProductStrDescriptor           0x0800c15c   Section        0  usbd_desc.o(i.USBD_FS_ProductStrDescriptor)
    i.USBD_FS_SerialStrDescriptor            0x0800c184   Section        0  usbd_desc.o(i.USBD_FS_SerialStrDescriptor)
    i.USBD_GetDescriptor                     0x0800c1bc   Section        0  usbd_ctlreq.o(i.USBD_GetDescriptor)
    USBD_GetDescriptor                       0x0800c1bd   Thumb Code   224  usbd_ctlreq.o(i.USBD_GetDescriptor)
    i.USBD_GetString                         0x0800c29c   Section        0  usbd_ctlreq.o(i.USBD_GetString)
    i.USBD_Get_USB_Status                    0x0800c2e2   Section        0  usbd_conf.o(i.USBD_Get_USB_Status)
    USBD_Get_USB_Status                      0x0800c2e3   Thumb Code    24  usbd_conf.o(i.USBD_Get_USB_Status)
    i.USBD_Init                              0x0800c2fa   Section        0  usbd_core.o(i.USBD_Init)
    i.USBD_LL_ClearStallEP                   0x0800c324   Section        0  usbd_conf.o(i.USBD_LL_ClearStallEP)
    i.USBD_LL_CloseEP                        0x0800c336   Section        0  usbd_conf.o(i.USBD_LL_CloseEP)
    i.USBD_LL_DataInStage                    0x0800c348   Section        0  usbd_core.o(i.USBD_LL_DataInStage)
    i.USBD_LL_DataOutStage                   0x0800c3f2   Section        0  usbd_core.o(i.USBD_LL_DataOutStage)
    i.USBD_LL_Init                           0x0800c45c   Section        0  usbd_conf.o(i.USBD_LL_Init)
    i.USBD_LL_IsStallEP                      0x0800c4cc   Section        0  usbd_conf.o(i.USBD_LL_IsStallEP)
    i.USBD_LL_OpenEP                         0x0800c4ec   Section        0  usbd_conf.o(i.USBD_LL_OpenEP)
    i.USBD_LL_PrepareReceive                 0x0800c504   Section        0  usbd_conf.o(i.USBD_LL_PrepareReceive)
    i.USBD_LL_Reset                          0x0800c516   Section        0  usbd_core.o(i.USBD_LL_Reset)
    i.USBD_LL_Resume                         0x0800c554   Section        0  usbd_core.o(i.USBD_LL_Resume)
    i.USBD_LL_SOF                            0x0800c560   Section        0  usbd_core.o(i.USBD_LL_SOF)
    i.USBD_LL_SetSpeed                       0x0800c578   Section        0  usbd_core.o(i.USBD_LL_SetSpeed)
    i.USBD_LL_SetUSBAddress                  0x0800c57e   Section        0  usbd_conf.o(i.USBD_LL_SetUSBAddress)
    i.USBD_LL_SetupStage                     0x0800c590   Section        0  usbd_core.o(i.USBD_LL_SetupStage)
    i.USBD_LL_StallEP                        0x0800c5ea   Section        0  usbd_conf.o(i.USBD_LL_StallEP)
    i.USBD_LL_Start                          0x0800c5fc   Section        0  usbd_conf.o(i.USBD_LL_Start)
    i.USBD_LL_Suspend                        0x0800c60e   Section        0  usbd_core.o(i.USBD_LL_Suspend)
    i.USBD_LL_Transmit                       0x0800c620   Section        0  usbd_conf.o(i.USBD_LL_Transmit)
    i.USBD_ParseSetupRequest                 0x0800c632   Section        0  usbd_ctlreq.o(i.USBD_ParseSetupRequest)
    i.USBD_RegisterClass                     0x0800c65a   Section        0  usbd_core.o(i.USBD_RegisterClass)
    i.USBD_SetClassConfig                    0x0800c66a   Section        0  usbd_core.o(i.USBD_SetClassConfig)
    i.USBD_SetConfig                         0x0800c680   Section        0  usbd_ctlreq.o(i.USBD_SetConfig)
    USBD_SetConfig                           0x0800c681   Thumb Code   110  usbd_ctlreq.o(i.USBD_SetConfig)
    i.USBD_Start                             0x0800c6f4   Section        0  usbd_core.o(i.USBD_Start)
    i.USBD_StdDevReq                         0x0800c6fe   Section        0  usbd_ctlreq.o(i.USBD_StdDevReq)
    i.USBD_StdEPReq                          0x0800c7f0   Section        0  usbd_ctlreq.o(i.USBD_StdEPReq)
    i.USBD_StdItfReq                         0x0800c8cc   Section        0  usbd_ctlreq.o(i.USBD_StdItfReq)
    i.USBD_static_free                       0x0800c900   Section        0  usbd_conf.o(i.USBD_static_free)
    i.USBD_static_malloc                     0x0800c904   Section        0  usbd_conf.o(i.USBD_static_malloc)
    i.USB_LP_CAN_RX0_IRQHandler              0x0800c90c   Section        0  stm32f3xx_it.o(i.USB_LP_CAN_RX0_IRQHandler)
    i.UsageFault_Handler                     0x0800c918   Section        0  stm32f3xx_it.o(i.UsageFault_Handler)
    i.__scatterload_copy                     0x0800c91a   Section       14  handlers.o(i.__scatterload_copy)
    i.__scatterload_null                     0x0800c928   Section        2  handlers.o(i.__scatterload_null)
    i.__scatterload_zeroinit                 0x0800c92a   Section       14  handlers.o(i.__scatterload_zeroinit)
    i.main                                   0x0800c938   Section        0  main.o(i.main)
    .constdata                               0x0800c9c4   Section       32  stm32f3xx_hal_rcc.o(.constdata)
    .constdata                               0x0800c9e4   Section       16  system_stm32f3xx.o(.constdata)
    .data                                    0x20000000   Section       28  usbd_desc.o(.data)
    .data                                    0x2000001c   Section       50  usbd_desc.o(.data)
    .data                                    0x20000050   Section      255  usbd_custom_hid_if.o(.data)
    CUSTOM_HID_ReportDesc_FS                 0x20000050   Data         255  usbd_custom_hid_if.o(.data)
    .data                                    0x20000150   Section       16  usbd_custom_hid_if.o(.data)
    .data                                    0x20000160   Section       12  stm32f3xx_hal.o(.data)
    .data                                    0x2000016c   Section        4  system_stm32f3xx.o(.data)
    .data                                    0x20000170   Section        1  usbd_ctlreq.o(.data)
    cfgidx                                   0x20000170   Data           1  usbd_ctlreq.o(.data)
    .data                                    0x20000174   Section       56  usbd_customhid.o(.data)
    .data                                    0x200001ac   Section       66  usbd_customhid.o(.data)
    USBD_CUSTOM_HID_CfgDesc                  0x200001ac   Data          41  usbd_customhid.o(.data)
    USBD_CUSTOM_HID_Desc                     0x200001d8   Data           9  usbd_customhid.o(.data)
    USBD_CUSTOM_HID_DeviceQualifierDesc      0x200001e4   Data          10  usbd_customhid.o(.data)
    .bss                                     0x200001f0   Section      548  usb_device.o(.bss)
    .bss                                     0x20000414   Section     1220  usbd_conf.o(.bss)
    mem                                      0x20000414   Data         284  usbd_conf.o(.bss)
    .bss                                     0x200008d8   Section      512  usbd_desc.o(.bss)
    STACK                                    0x20000ad8   Section     1024  startup_stm32f303xc.o(STACK)

    Global Symbols

    Symbol Name                              Value     Ov Type        Size  Object(Section)

    BuildAttributes$$THM_ISAv4$E$P$D$K$B$S$7EM$VFPi3$EXTD16$VFPS$VFMA$PE$A:L22UL41UL21$X:L11$S22US41US21$IEEE1$IW$USESV6$~STKCKD$USESV7$~SHL$OSPACE$EBA8$MICROLIB$REQ8$PRES8$EABIv2 0x00000000   Number         0  anon$$obj.o ABSOLUTE
    __ARM_use_no_argv                        0x00000000   Number         0  main.o ABSOLUTE
    __cpp_initialize__aeabi_                  - Undefined Weak Reference
    __cxa_finalize                            - Undefined Weak Reference
    _clock_init                               - Undefined Weak Reference
    _microlib_exit                            - Undefined Weak Reference
    __Vectors_Size                           0x00000188   Number         0  startup_stm32f303xc.o ABSOLUTE
    __Vectors                                0x0800a000   Data           4  startup_stm32f303xc.o(RESET)
    __Vectors_End                            0x0800a188   Data           0  startup_stm32f303xc.o(RESET)
    __main                                   0x0800a189   Thumb Code     0  entry.o(.ARM.Collect$$$$00000000)
    _main_stk                                0x0800a189   Thumb Code     0  entry2.o(.ARM.Collect$$$$00000001)
    _main_scatterload                        0x0800a18d   Thumb Code     0  entry5.o(.ARM.Collect$$$$00000004)
    __main_after_scatterload                 0x0800a191   Thumb Code     0  entry5.o(.ARM.Collect$$$$00000004)
    _main_clock                              0x0800a191   Thumb Code     0  entry7b.o(.ARM.Collect$$$$00000008)
    _main_cpp_init                           0x0800a191   Thumb Code     0  entry8b.o(.ARM.Collect$$$$0000000A)
    _main_init                               0x0800a191   Thumb Code     0  entry9a.o(.ARM.Collect$$$$0000000B)
    __rt_final_cpp                           0x0800a199   Thumb Code     0  entry10a.o(.ARM.Collect$$$$0000000D)
    __rt_final_exit                          0x0800a199   Thumb Code     0  entry11a.o(.ARM.Collect$$$$0000000F)
    Reset_Handler                            0x0800a19d   Thumb Code     8  startup_stm32f303xc.o(.text)
    ADC1_2_IRQHandler                        0x0800a1b7   Thumb Code     0  startup_stm32f303xc.o(.text)
    ADC3_IRQHandler                          0x0800a1b7   Thumb Code     0  startup_stm32f303xc.o(.text)
    ADC4_IRQHandler                          0x0800a1b7   Thumb Code     0  startup_stm32f303xc.o(.text)
    CAN_RX1_IRQHandler                       0x0800a1b7   Thumb Code     0  startup_stm32f303xc.o(.text)
    CAN_SCE_IRQHandler                       0x0800a1b7   Thumb Code     0  startup_stm32f303xc.o(.text)
    COMP1_2_3_IRQHandler                     0x0800a1b7   Thumb Code     0  startup_stm32f303xc.o(.text)
    COMP4_5_6_IRQHandler                     0x0800a1b7   Thumb Code     0  startup_stm32f303xc.o(.text)
    COMP7_IRQHandler                         0x0800a1b7   Thumb Code     0  startup_stm32f303xc.o(.text)
    DMA1_Channel1_IRQHandler                 0x0800a1b7   Thumb Code     0  startup_stm32f303xc.o(.text)
    DMA1_Channel2_IRQHandler                 0x0800a1b7   Thumb Code     0  startup_stm32f303xc.o(.text)
    DMA1_Channel3_IRQHandler                 0x0800a1b7   Thumb Code     0  startup_stm32f303xc.o(.text)
    DMA1_Channel4_IRQHandler                 0x0800a1b7   Thumb Code     0  startup_stm32f303xc.o(.text)
    DMA1_Channel5_IRQHandler                 0x0800a1b7   Thumb Code     0  startup_stm32f303xc.o(.text)
    DMA1_Channel6_IRQHandler                 0x0800a1b7   Thumb Code     0  startup_stm32f303xc.o(.text)
    DMA1_Channel7_IRQHandler                 0x0800a1b7   Thumb Code     0  startup_stm32f303xc.o(.text)
    DMA2_Channel1_IRQHandler                 0x0800a1b7   Thumb Code     0  startup_stm32f303xc.o(.text)
    DMA2_Channel2_IRQHandler                 0x0800a1b7   Thumb Code     0  startup_stm32f303xc.o(.text)
    DMA2_Channel3_IRQHandler                 0x0800a1b7   Thumb Code     0  startup_stm32f303xc.o(.text)
    DMA2_Channel4_IRQHandler                 0x0800a1b7   Thumb Code     0  startup_stm32f303xc.o(.text)
    DMA2_Channel5_IRQHandler                 0x0800a1b7   Thumb Code     0  startup_stm32f303xc.o(.text)
    EXTI0_IRQHandler                         0x0800a1b7   Thumb Code     0  startup_stm32f303xc.o(.text)
    EXTI15_10_IRQHandler                     0x0800a1b7   Thumb Code     0  startup_stm32f303xc.o(.text)
    EXTI1_IRQHandler                         0x0800a1b7   Thumb Code     0  startup_stm32f303xc.o(.text)
    EXTI2_TSC_IRQHandler                     0x0800a1b7   Thumb Code     0  startup_stm32f303xc.o(.text)
    EXTI3_IRQHandler                         0x0800a1b7   Thumb Code     0  startup_stm32f303xc.o(.text)
    EXTI4_IRQHandler                         0x0800a1b7   Thumb Code     0  startup_stm32f303xc.o(.text)
    EXTI9_5_IRQHandler                       0x0800a1b7   Thumb Code     0  startup_stm32f303xc.o(.text)
    FLASH_IRQHandler                         0x0800a1b7   Thumb Code     0  startup_stm32f303xc.o(.text)
    FPU_IRQHandler                           0x0800a1b7   Thumb Code     0  startup_stm32f303xc.o(.text)
    I2C1_ER_IRQHandler                       0x0800a1b7   Thumb Code     0  startup_stm32f303xc.o(.text)
    I2C1_EV_IRQHandler                       0x0800a1b7   Thumb Code     0  startup_stm32f303xc.o(.text)
    I2C2_ER_IRQHandler                       0x0800a1b7   Thumb Code     0  startup_stm32f303xc.o(.text)
    I2C2_EV_IRQHandler                       0x0800a1b7   Thumb Code     0  startup_stm32f303xc.o(.text)
    PVD_IRQHandler                           0x0800a1b7   Thumb Code     0  startup_stm32f303xc.o(.text)
    RCC_IRQHandler                           0x0800a1b7   Thumb Code     0  startup_stm32f303xc.o(.text)
    RTC_Alarm_IRQHandler                     0x0800a1b7   Thumb Code     0  startup_stm32f303xc.o(.text)
    RTC_WKUP_IRQHandler                      0x0800a1b7   Thumb Code     0  startup_stm32f303xc.o(.text)
    SPI1_IRQHandler                          0x0800a1b7   Thumb Code     0  startup_stm32f303xc.o(.text)
    SPI2_IRQHandler                          0x0800a1b7   Thumb Code     0  startup_stm32f303xc.o(.text)
    SPI3_IRQHandler                          0x0800a1b7   Thumb Code     0  startup_stm32f303xc.o(.text)
    TAMP_STAMP_IRQHandler                    0x0800a1b7   Thumb Code     0  startup_stm32f303xc.o(.text)
    TIM1_BRK_TIM15_IRQHandler                0x0800a1b7   Thumb Code     0  startup_stm32f303xc.o(.text)
    TIM1_CC_IRQHandler                       0x0800a1b7   Thumb Code     0  startup_stm32f303xc.o(.text)
    TIM1_TRG_COM_TIM17_IRQHandler            0x0800a1b7   Thumb Code     0  startup_stm32f303xc.o(.text)
    TIM1_UP_TIM16_IRQHandler                 0x0800a1b7   Thumb Code     0  startup_stm32f303xc.o(.text)
    TIM2_IRQHandler                          0x0800a1b7   Thumb Code     0  startup_stm32f303xc.o(.text)
    TIM3_IRQHandler                          0x0800a1b7   Thumb Code     0  startup_stm32f303xc.o(.text)
    TIM4_IRQHandler                          0x0800a1b7   Thumb Code     0  startup_stm32f303xc.o(.text)
    TIM6_DAC_IRQHandler                      0x0800a1b7   Thumb Code     0  startup_stm32f303xc.o(.text)
    TIM7_IRQHandler                          0x0800a1b7   Thumb Code     0  startup_stm32f303xc.o(.text)
    TIM8_BRK_IRQHandler                      0x0800a1b7   Thumb Code     0  startup_stm32f303xc.o(.text)
    TIM8_CC_IRQHandler                       0x0800a1b7   Thumb Code     0  startup_stm32f303xc.o(.text)
    TIM8_TRG_COM_IRQHandler                  0x0800a1b7   Thumb Code     0  startup_stm32f303xc.o(.text)
    TIM8_UP_IRQHandler                       0x0800a1b7   Thumb Code     0  startup_stm32f303xc.o(.text)
    UART4_IRQHandler                         0x0800a1b7   Thumb Code     0  startup_stm32f303xc.o(.text)
    UART5_IRQHandler                         0x0800a1b7   Thumb Code     0  startup_stm32f303xc.o(.text)
    USART1_IRQHandler                        0x0800a1b7   Thumb Code     0  startup_stm32f303xc.o(.text)
    USART2_IRQHandler                        0x0800a1b7   Thumb Code     0  startup_stm32f303xc.o(.text)
    USART3_IRQHandler                        0x0800a1b7   Thumb Code     0  startup_stm32f303xc.o(.text)
    USBWakeUp_IRQHandler                     0x0800a1b7   Thumb Code     0  startup_stm32f303xc.o(.text)
    USBWakeUp_RMP_IRQHandler                 0x0800a1b7   Thumb Code     0  startup_stm32f303xc.o(.text)
    USB_HP_CAN_TX_IRQHandler                 0x0800a1b7   Thumb Code     0  startup_stm32f303xc.o(.text)
    USB_HP_IRQHandler                        0x0800a1b7   Thumb Code     0  startup_stm32f303xc.o(.text)
    USB_LP_IRQHandler                        0x0800a1b7   Thumb Code     0  startup_stm32f303xc.o(.text)
    WWDG_IRQHandler                          0x0800a1b7   Thumb Code     0  startup_stm32f303xc.o(.text)
    __aeabi_memset                           0x0800a1c1   Thumb Code    14  memseta.o(.text)
    __aeabi_memset4                          0x0800a1c1   Thumb Code     0  memseta.o(.text)
    __aeabi_memset8                          0x0800a1c1   Thumb Code     0  memseta.o(.text)
    __aeabi_memclr                           0x0800a1cf   Thumb Code     4  memseta.o(.text)
    __aeabi_memclr4                          0x0800a1cf   Thumb Code     0  memseta.o(.text)
    __aeabi_memclr8                          0x0800a1cf   Thumb Code     0  memseta.o(.text)
    _memset$wrapper                          0x0800a1d3   Thumb Code    18  memseta.o(.text)
    __scatterload                            0x0800a1e5   Thumb Code    28  init.o(.text)
    __scatterload_rt2                        0x0800a1e5   Thumb Code     0  init.o(.text)
    __decompress                             0x0800a209   Thumb Code     0  __dczerorl2.o(.text)
    __decompress1                            0x0800a209   Thumb Code    86  __dczerorl2.o(.text)
    BusFault_Handler                         0x0800a25f   Thumb Code     2  stm32f3xx_it.o(i.BusFault_Handler)
    DebugMon_Handler                         0x0800a26d   Thumb Code     2  stm32f3xx_it.o(i.DebugMon_Handler)
    Error_Handler                            0x0800a26f   Thumb Code     2  main.o(i.Error_Handler)
    HAL_Delay                                0x0800a271   Thumb Code    32  stm32f3xx_hal.o(i.HAL_Delay)
    HAL_GPIO_Init                            0x0800a295   Thumb Code   364  stm32f3xx_hal_gpio.o(i.HAL_GPIO_Init)
    HAL_GPIO_TogglePin                       0x0800a41d   Thumb Code     8  stm32f3xx_hal_gpio.o(i.HAL_GPIO_TogglePin)
    HAL_GPIO_WritePin                        0x0800a425   Thumb Code    10  stm32f3xx_hal_gpio.o(i.HAL_GPIO_WritePin)
    HAL_GetTick                              0x0800a431   Thumb Code     6  stm32f3xx_hal.o(i.HAL_GetTick)
    HAL_IncTick                              0x0800a43d   Thumb Code    12  stm32f3xx_hal.o(i.HAL_IncTick)
    HAL_Init                                 0x0800a44d   Thumb Code    32  stm32f3xx_hal.o(i.HAL_Init)
    HAL_InitTick                             0x0800a471   Thumb Code    54  stm32f3xx_hal.o(i.HAL_InitTick)
    HAL_MspInit                              0x0800a4b1   Thumb Code    38  stm32f3xx_hal_msp.o(i.HAL_MspInit)
    HAL_NVIC_EnableIRQ                       0x0800a4dd   Thumb Code    22  stm32f3xx_hal_cortex.o(i.HAL_NVIC_EnableIRQ)
    HAL_NVIC_SetPriority                     0x0800a4f5   Thumb Code    60  stm32f3xx_hal_cortex.o(i.HAL_NVIC_SetPriority)
    HAL_NVIC_SetPriorityGrouping             0x0800a535   Thumb Code    26  stm32f3xx_hal_cortex.o(i.HAL_NVIC_SetPriorityGrouping)
    HAL_PCDEx_PMAConfig                      0x0800a559   Thumb Code    60  stm32f3xx_hal_pcd_ex.o(i.HAL_PCDEx_PMAConfig)
    HAL_PCDEx_SetConnectionState             0x0800a595   Thumb Code     2  usbd_conf.o(i.HAL_PCDEx_SetConnectionState)
    HAL_PCD_DataInStageCallback              0x0800a597   Thumb Code    18  usbd_conf.o(i.HAL_PCD_DataInStageCallback)
    HAL_PCD_DataOutStageCallback             0x0800a5a9   Thumb Code    20  usbd_conf.o(i.HAL_PCD_DataOutStageCallback)
    HAL_PCD_EP_Close                         0x0800a5bd   Thumb Code   386  stm32f3xx_hal_pcd.o(i.HAL_PCD_EP_Close)
    HAL_PCD_EP_ClrStall                      0x0800a73f   Thumb Code   176  stm32f3xx_hal_pcd.o(i.HAL_PCD_EP_ClrStall)
    HAL_PCD_EP_Open                          0x0800a7ef   Thumb Code   762  stm32f3xx_hal_pcd.o(i.HAL_PCD_EP_Open)
    HAL_PCD_EP_Receive                       0x0800aae9   Thumb Code   166  stm32f3xx_hal_pcd.o(i.HAL_PCD_EP_Receive)
    HAL_PCD_EP_SetStall                      0x0800ab8f   Thumb Code   138  stm32f3xx_hal_pcd.o(i.HAL_PCD_EP_SetStall)
    HAL_PCD_EP_Transmit                      0x0800ac19   Thumb Code   208  stm32f3xx_hal_pcd.o(i.HAL_PCD_EP_Transmit)
    HAL_PCD_IRQHandler                       0x0800ace9   Thumb Code   240  stm32f3xx_hal_pcd.o(i.HAL_PCD_IRQHandler)
    HAL_PCD_Init                             0x0800add9   Thumb Code   166  stm32f3xx_hal_pcd.o(i.HAL_PCD_Init)
    HAL_PCD_MspInit                          0x0800ae81   Thumb Code   108  usbd_conf.o(i.HAL_PCD_MspInit)
    HAL_PCD_ResetCallback                    0x0800aef5   Thumb Code    38  usbd_conf.o(i.HAL_PCD_ResetCallback)
    HAL_PCD_ResumeCallback                   0x0800af1b   Thumb Code     8  usbd_conf.o(i.HAL_PCD_ResumeCallback)
    HAL_PCD_SOFCallback                      0x0800af23   Thumb Code     8  usbd_conf.o(i.HAL_PCD_SOFCallback)
    HAL_PCD_SetAddress                       0x0800af2b   Thumb Code    44  stm32f3xx_hal_pcd.o(i.HAL_PCD_SetAddress)
    HAL_PCD_SetupStageCallback               0x0800af57   Thumb Code    14  usbd_conf.o(i.HAL_PCD_SetupStageCallback)
    HAL_PCD_Start                            0x0800af65   Thumb Code    12  stm32f3xx_hal_pcd.o(i.HAL_PCD_Start)
    HAL_PCD_SuspendCallback                  0x0800af71   Thumb Code    30  usbd_conf.o(i.HAL_PCD_SuspendCallback)
    HAL_RCCEx_PeriphCLKConfig                0x0800af95   Thumb Code   522  stm32f3xx_hal_rcc_ex.o(i.HAL_RCCEx_PeriphCLKConfig)
    HAL_RCC_ClockConfig                      0x0800b1ad   Thumb Code   306  stm32f3xx_hal_rcc.o(i.HAL_RCC_ClockConfig)
    HAL_RCC_GetSysClockFreq                  0x0800b2f1   Thumb Code    84  stm32f3xx_hal_rcc.o(i.HAL_RCC_GetSysClockFreq)
    HAL_RCC_OscConfig                        0x0800b355   Thumb Code  1424  stm32f3xx_hal_rcc.o(i.HAL_RCC_OscConfig)
    HAL_SYSTICK_Config                       0x0800b8e5   Thumb Code    40  stm32f3xx_hal_cortex.o(i.HAL_SYSTICK_Config)
    HardFault_Handler                        0x0800b90d   Thumb Code     2  stm32f3xx_it.o(i.HardFault_Handler)
    MX_USB_DEVICE_Init                       0x0800b949   Thumb Code    66  usb_device.o(i.MX_USB_DEVICE_Init)
    MemManage_Handler                        0x0800b99d   Thumb Code     2  stm32f3xx_it.o(i.MemManage_Handler)
    NMI_Handler                              0x0800b99f   Thumb Code     2  stm32f3xx_it.o(i.NMI_Handler)
    PCD_ReadPMA                              0x0800bd2d   Thumb Code    44  stm32f3xx_hal_pcd_ex.o(i.PCD_ReadPMA)
    PCD_WritePMA                             0x0800bd59   Thumb Code    38  stm32f3xx_hal_pcd_ex.o(i.PCD_WritePMA)
    PendSV_Handler                           0x0800bd7f   Thumb Code     2  stm32f3xx_it.o(i.PendSV_Handler)
    SVC_Handler                              0x0800bd81   Thumb Code     2  stm32f3xx_it.o(i.SVC_Handler)
    SysTick_Handler                          0x0800bd83   Thumb Code     4  stm32f3xx_it.o(i.SysTick_Handler)
    SystemClock_Config                       0x0800bd87   Thumb Code    98  main.o(i.SystemClock_Config)
    SystemInit                               0x0800bde9   Thumb Code    82  system_stm32f3xx.o(i.SystemInit)
    USBD_CUSTOM_HID_RegisterInterface        0x0800bf49   Thumb Code    16  usbd_customhid.o(i.USBD_CUSTOM_HID_RegisterInterface)
    USBD_ClrClassConfig                      0x0800c019   Thumb Code    14  usbd_core.o(i.USBD_ClrClassConfig)
    USBD_CtlContinueRx                       0x0800c027   Thumb Code    16  usbd_ioreq.o(i.USBD_CtlContinueRx)
    USBD_CtlContinueSendData                 0x0800c037   Thumb Code    16  usbd_ioreq.o(i.USBD_CtlContinueSendData)
    USBD_CtlError                            0x0800c047   Thumb Code    22  usbd_ctlreq.o(i.USBD_CtlError)
    USBD_CtlPrepareRx                        0x0800c05d   Thumb Code    30  usbd_ioreq.o(i.USBD_CtlPrepareRx)
    USBD_CtlReceiveStatus                    0x0800c07b   Thumb Code    22  usbd_ioreq.o(i.USBD_CtlReceiveStatus)
    USBD_CtlSendData                         0x0800c091   Thumb Code    26  usbd_ioreq.o(i.USBD_CtlSendData)
    USBD_CtlSendStatus                       0x0800c0ab   Thumb Code    22  usbd_ioreq.o(i.USBD_CtlSendStatus)
    USBD_FS_ConfigStrDescriptor              0x0800c0c1   Thumb Code    16  usbd_desc.o(i.USBD_FS_ConfigStrDescriptor)
    USBD_FS_DeviceDescriptor                 0x0800c0f5   Thumb Code     8  usbd_desc.o(i.USBD_FS_DeviceDescriptor)
    USBD_FS_InterfaceStrDescriptor           0x0800c101   Thumb Code    16  usbd_desc.o(i.USBD_FS_InterfaceStrDescriptor)
    USBD_FS_LangIDStrDescriptor              0x0800c135   Thumb Code     8  usbd_desc.o(i.USBD_FS_LangIDStrDescriptor)
    USBD_FS_ManufacturerStrDescriptor        0x0800c141   Thumb Code    16  usbd_desc.o(i.USBD_FS_ManufacturerStrDescriptor)
    USBD_FS_ProductStrDescriptor             0x0800c15d   Thumb Code    16  usbd_desc.o(i.USBD_FS_ProductStrDescriptor)
    USBD_FS_SerialStrDescriptor              0x0800c185   Thumb Code    48  usbd_desc.o(i.USBD_FS_SerialStrDescriptor)
    USBD_GetString                           0x0800c29d   Thumb Code    70  usbd_ctlreq.o(i.USBD_GetString)
    USBD_Init                                0x0800c2fb   Thumb Code    42  usbd_core.o(i.USBD_Init)
    USBD_LL_ClearStallEP                     0x0800c325   Thumb Code    18  usbd_conf.o(i.USBD_LL_ClearStallEP)
    USBD_LL_CloseEP                          0x0800c337   Thumb Code    18  usbd_conf.o(i.USBD_LL_CloseEP)
    USBD_LL_DataInStage                      0x0800c349   Thumb Code   170  usbd_core.o(i.USBD_LL_DataInStage)
    USBD_LL_DataOutStage                     0x0800c3f3   Thumb Code   106  usbd_core.o(i.USBD_LL_DataOutStage)
    USBD_LL_Init                             0x0800c45d   Thumb Code   104  usbd_conf.o(i.USBD_LL_Init)
    USBD_LL_IsStallEP                        0x0800c4cd   Thumb Code    32  usbd_conf.o(i.USBD_LL_IsStallEP)
    USBD_LL_OpenEP                           0x0800c4ed   Thumb Code    24  usbd_conf.o(i.USBD_LL_OpenEP)
    USBD_LL_PrepareReceive                   0x0800c505   Thumb Code    18  usbd_conf.o(i.USBD_LL_PrepareReceive)
    USBD_LL_Reset                            0x0800c517   Thumb Code    62  usbd_core.o(i.USBD_LL_Reset)
    USBD_LL_Resume                           0x0800c555   Thumb Code    12  usbd_core.o(i.USBD_LL_Resume)
    USBD_LL_SOF                              0x0800c561   Thumb Code    24  usbd_core.o(i.USBD_LL_SOF)
    USBD_LL_SetSpeed                         0x0800c579   Thumb Code     6  usbd_core.o(i.USBD_LL_SetSpeed)
    USBD_LL_SetUSBAddress                    0x0800c57f   Thumb Code    18  usbd_conf.o(i.USBD_LL_SetUSBAddress)
    USBD_LL_SetupStage                       0x0800c591   Thumb Code    90  usbd_core.o(i.USBD_LL_SetupStage)
    USBD_LL_StallEP                          0x0800c5eb   Thumb Code    18  usbd_conf.o(i.USBD_LL_StallEP)
    USBD_LL_Start                            0x0800c5fd   Thumb Code    18  usbd_conf.o(i.USBD_LL_Start)
    USBD_LL_Suspend                          0x0800c60f   Thumb Code    18  usbd_core.o(i.USBD_LL_Suspend)
    USBD_LL_Transmit                         0x0800c621   Thumb Code    18  usbd_conf.o(i.USBD_LL_Transmit)
    USBD_ParseSetupRequest                   0x0800c633   Thumb Code    40  usbd_ctlreq.o(i.USBD_ParseSetupRequest)
    USBD_RegisterClass                       0x0800c65b   Thumb Code    16  usbd_core.o(i.USBD_RegisterClass)
    USBD_SetClassConfig                      0x0800c66b   Thumb Code    22  usbd_core.o(i.USBD_SetClassConfig)
    USBD_Start                               0x0800c6f5   Thumb Code    10  usbd_core.o(i.USBD_Start)
    USBD_StdDevReq                           0x0800c6ff   Thumb Code   242  usbd_ctlreq.o(i.USBD_StdDevReq)
    USBD_StdEPReq                            0x0800c7f1   Thumb Code   220  usbd_ctlreq.o(i.USBD_StdEPReq)
    USBD_StdItfReq                           0x0800c8cd   Thumb Code    52  usbd_ctlreq.o(i.USBD_StdItfReq)
    USBD_static_free                         0x0800c901   Thumb Code     2  usbd_conf.o(i.USBD_static_free)
    USBD_static_malloc                       0x0800c905   Thumb Code     4  usbd_conf.o(i.USBD_static_malloc)
    USB_LP_CAN_RX0_IRQHandler                0x0800c90d   Thumb Code     6  stm32f3xx_it.o(i.USB_LP_CAN_RX0_IRQHandler)
    UsageFault_Handler                       0x0800c919   Thumb Code     2  stm32f3xx_it.o(i.UsageFault_Handler)
    __scatterload_copy                       0x0800c91b   Thumb Code    14  handlers.o(i.__scatterload_copy)
    __scatterload_null                       0x0800c929   Thumb Code     2  handlers.o(i.__scatterload_null)
    __scatterload_zeroinit                   0x0800c92b   Thumb Code    14  handlers.o(i.__scatterload_zeroinit)
    main                                     0x0800c939   Thumb Code   128  main.o(i.main)
    aPLLMULFactorTable                       0x0800c9c4   Data          16  stm32f3xx_hal_rcc.o(.constdata)
    aPredivFactorTable                       0x0800c9d4   Data          16  stm32f3xx_hal_rcc.o(.constdata)
    AHBPrescTable                            0x0800c9e4   Data          16  system_stm32f3xx.o(.constdata)
    Region$$Table$$Base                      0x0800c9f4   Number         0  anon$$obj.o(Region$$Table)
    Region$$Table$$Limit                     0x0800ca14   Number         0  anon$$obj.o(Region$$Table)
    FS_Desc                                  0x20000000   Data          28  usbd_desc.o(.data)
    USBD_LangIDDesc                          0x2000001c   Data           4  usbd_desc.o(.data)
    USBD_FS_DeviceDesc                       0x20000020   Data          18  usbd_desc.o(.data)
    USBD_StringSerial                        0x20000034   Data          26  usbd_desc.o(.data)
    USBD_CustomHID_fops_FS                   0x20000150   Data          16  usbd_custom_hid_if.o(.data)
    uwTickFreq                               0x20000160   Data           1  stm32f3xx_hal.o(.data)
    uwTickPrio                               0x20000164   Data           4  stm32f3xx_hal.o(.data)
    uwTick                                   0x20000168   Data           4  stm32f3xx_hal.o(.data)
    SystemCoreClock                          0x2000016c   Data           4  system_stm32f3xx.o(.data)
    USBD_CUSTOM_HID                          0x20000174   Data          56  usbd_customhid.o(.data)
    hUsbDeviceFS                             0x200001f0   Data         548  usb_device.o(.bss)
    hpcd_USB_FS                              0x20000530   Data         936  usbd_conf.o(.bss)
    USBD_StrDesc                             0x200008d8   Data         512  usbd_desc.o(.bss)
    __initial_sp                             0x20000ed8   Data           0  startup_stm32f303xc.o(STACK)



==============================================================================

Memory Map of the image

  Image Entry point : 0x0800a189

  Load Region LR_IROM1 (Base: 0x0800a000, Size: 0x00002c04, Max: 0x00020000, ABSOLUTE, COMPRESSED[0x00002af8])

    Execution Region ER_IROM1 (Exec base: 0x0800a000, Load base: 0x0800a000, Size: 0x00002a14, Max: 0x00020000, ABSOLUTE)

    Exec Addr    Load Addr    Size         Type   Attr      Idx    E Section Name        Object

    0x0800a000   0x0800a000   0x00000188   Data   RO            3    RESET               startup_stm32f303xc.o
    0x0800a188   0x0800a188   0x00000000   Code   RO         2736  * .ARM.Collect$$$$00000000  mc_w.l(entry.o)
    0x0800a188   0x0800a188   0x00000004   Code   RO         2747    .ARM.Collect$$$$00000001  mc_w.l(entry2.o)
    0x0800a18c   0x0800a18c   0x00000004   Code   RO         2750    .ARM.Collect$$$$00000004  mc_w.l(entry5.o)
    0x0800a190   0x0800a190   0x00000000   Code   RO         2752    .ARM.Collect$$$$00000008  mc_w.l(entry7b.o)
    0x0800a190   0x0800a190   0x00000000   Code   RO         2754    .ARM.Collect$$$$0000000A  mc_w.l(entry8b.o)
    0x0800a190   0x0800a190   0x00000008   Code   RO         2755    .ARM.Collect$$$$0000000B  mc_w.l(entry9a.o)
    0x0800a198   0x0800a198   0x00000000   Code   RO         2757    .ARM.Collect$$$$0000000D  mc_w.l(entry10a.o)
    0x0800a198   0x0800a198   0x00000000   Code   RO         2759    .ARM.Collect$$$$0000000F  mc_w.l(entry11a.o)
    0x0800a198   0x0800a198   0x00000004   Code   RO         2748    .ARM.Collect$$$$00002712  mc_w.l(entry2.o)
    0x0800a19c   0x0800a19c   0x00000024   Code   RO            4    .text               startup_stm32f303xc.o
    0x0800a1c0   0x0800a1c0   0x00000024   Code   RO         2743    .text               mc_w.l(memseta.o)
    0x0800a1e4   0x0800a1e4   0x00000024   Code   RO         2761    .text               mc_w.l(init.o)
    0x0800a208   0x0800a208   0x00000056   Code   RO         2771    .text               mc_w.l(__dczerorl2.o)
    0x0800a25e   0x0800a25e   0x00000002   Code   RO          533    i.BusFault_Handler  stm32f3xx_it.o
    0x0800a260   0x0800a260   0x00000004   Code   RO          492    i.CUSTOM_HID_DeInit_FS  usbd_custom_hid_if.o
    0x0800a264   0x0800a264   0x00000004   Code   RO          493    i.CUSTOM_HID_Init_FS  usbd_custom_hid_if.o
    0x0800a268   0x0800a268   0x00000004   Code   RO          494    i.CUSTOM_HID_OutEvent_FS  usbd_custom_hid_if.o
    0x0800a26c   0x0800a26c   0x00000002   Code   RO          534    i.DebugMon_Handler  stm32f3xx_it.o
    0x0800a26e   0x0800a26e   0x00000002   Code   RO           13    i.Error_Handler     main.o
    0x0800a270   0x0800a270   0x00000024   Code   RO          938    i.HAL_Delay         stm32f3xx_hal.o
    0x0800a294   0x0800a294   0x00000188   Code   RO         1255    i.HAL_GPIO_Init     stm32f3xx_hal_gpio.o
    0x0800a41c   0x0800a41c   0x00000008   Code   RO         1258    i.HAL_GPIO_TogglePin  stm32f3xx_hal_gpio.o
    0x0800a424   0x0800a424   0x0000000a   Code   RO         1259    i.HAL_GPIO_WritePin  stm32f3xx_hal_gpio.o
    0x0800a42e   0x0800a42e   0x00000002   PAD
    0x0800a430   0x0800a430   0x0000000c   Code   RO          942    i.HAL_GetTick       stm32f3xx_hal.o
    0x0800a43c   0x0800a43c   0x00000010   Code   RO          948    i.HAL_IncTick       stm32f3xx_hal.o
    0x0800a44c   0x0800a44c   0x00000024   Code   RO          949    i.HAL_Init          stm32f3xx_hal.o
    0x0800a470   0x0800a470   0x00000040   Code   RO          950    i.HAL_InitTick      stm32f3xx_hal.o
    0x0800a4b0   0x0800a4b0   0x0000002c   Code   RO          615    i.HAL_MspInit       stm32f3xx_hal_msp.o
    0x0800a4dc   0x0800a4dc   0x00000016   Code   RO         1423    i.HAL_NVIC_EnableIRQ  stm32f3xx_hal_cortex.o
    0x0800a4f2   0x0800a4f2   0x00000002   PAD
    0x0800a4f4   0x0800a4f4   0x00000040   Code   RO         1429    i.HAL_NVIC_SetPriority  stm32f3xx_hal_cortex.o
    0x0800a534   0x0800a534   0x00000024   Code   RO         1430    i.HAL_NVIC_SetPriorityGrouping  stm32f3xx_hal_cortex.o
    0x0800a558   0x0800a558   0x0000003c   Code   RO          853    i.HAL_PCDEx_PMAConfig  stm32f3xx_hal_pcd_ex.o
    0x0800a594   0x0800a594   0x00000002   Code   RO          207    i.HAL_PCDEx_SetConnectionState  usbd_conf.o
    0x0800a596   0x0800a596   0x00000012   Code   RO          209    i.HAL_PCD_DataInStageCallback  usbd_conf.o
    0x0800a5a8   0x0800a5a8   0x00000014   Code   RO          210    i.HAL_PCD_DataOutStageCallback  usbd_conf.o
    0x0800a5bc   0x0800a5bc   0x00000182   Code   RO          648    i.HAL_PCD_EP_Close  stm32f3xx_hal_pcd.o
    0x0800a73e   0x0800a73e   0x000000b0   Code   RO          649    i.HAL_PCD_EP_ClrStall  stm32f3xx_hal_pcd.o
    0x0800a7ee   0x0800a7ee   0x000002fa   Code   RO          652    i.HAL_PCD_EP_Open   stm32f3xx_hal_pcd.o
    0x0800aae8   0x0800aae8   0x000000a6   Code   RO          653    i.HAL_PCD_EP_Receive  stm32f3xx_hal_pcd.o
    0x0800ab8e   0x0800ab8e   0x0000008a   Code   RO          654    i.HAL_PCD_EP_SetStall  stm32f3xx_hal_pcd.o
    0x0800ac18   0x0800ac18   0x000000d0   Code   RO          655    i.HAL_PCD_EP_Transmit  stm32f3xx_hal_pcd.o
    0x0800ace8   0x0800ace8   0x000000f0   Code   RO          657    i.HAL_PCD_IRQHandler  stm32f3xx_hal_pcd.o
    0x0800add8   0x0800add8   0x000000a6   Code   RO          660    i.HAL_PCD_Init      stm32f3xx_hal_pcd.o
    0x0800ae7e   0x0800ae7e   0x00000002   PAD
    0x0800ae80   0x0800ae80   0x00000074   Code   RO          215    i.HAL_PCD_MspInit   usbd_conf.o
    0x0800aef4   0x0800aef4   0x00000026   Code   RO          216    i.HAL_PCD_ResetCallback  usbd_conf.o
    0x0800af1a   0x0800af1a   0x00000008   Code   RO          217    i.HAL_PCD_ResumeCallback  usbd_conf.o
    0x0800af22   0x0800af22   0x00000008   Code   RO          218    i.HAL_PCD_SOFCallback  usbd_conf.o
    0x0800af2a   0x0800af2a   0x0000002c   Code   RO          666    i.HAL_PCD_SetAddress  stm32f3xx_hal_pcd.o
    0x0800af56   0x0800af56   0x0000000e   Code   RO          219    i.HAL_PCD_SetupStageCallback  usbd_conf.o
    0x0800af64   0x0800af64   0x0000000c   Code   RO          668    i.HAL_PCD_Start     stm32f3xx_hal_pcd.o
    0x0800af70   0x0800af70   0x00000024   Code   RO          220    i.HAL_PCD_SuspendCallback  usbd_conf.o
    0x0800af94   0x0800af94   0x00000218   Code   RO         1212    i.HAL_RCCEx_PeriphCLKConfig  stm32f3xx_hal_rcc_ex.o
    0x0800b1ac   0x0800b1ac   0x00000144   Code   RO         1106    i.HAL_RCC_ClockConfig  stm32f3xx_hal_rcc.o
    0x0800b2f0   0x0800b2f0   0x00000064   Code   RO         1115    i.HAL_RCC_GetSysClockFreq  stm32f3xx_hal_rcc.o
    0x0800b354   0x0800b354   0x00000590   Code   RO         1118    i.HAL_RCC_OscConfig  stm32f3xx_hal_rcc.o
    0x0800b8e4   0x0800b8e4   0x00000028   Code   RO         1434    i.HAL_SYSTICK_Config  stm32f3xx_hal_cortex.o
    0x0800b90c   0x0800b90c   0x00000002   Code   RO          535    i.HardFault_Handler  stm32f3xx_it.o
    0x0800b90e   0x0800b90e   0x00000002   PAD
    0x0800b910   0x0800b910   0x00000038   Code   RO          419    i.IntToUnicode      usbd_desc.o
    0x0800b948   0x0800b948   0x00000054   Code   RO          156    i.MX_USB_DEVICE_Init  usb_device.o
    0x0800b99c   0x0800b99c   0x00000002   Code   RO          536    i.MemManage_Handler  stm32f3xx_it.o
    0x0800b99e   0x0800b99e   0x00000002   Code   RO          537    i.NMI_Handler       stm32f3xx_it.o
    0x0800b9a0   0x0800b9a0   0x00000020   Code   RO         1436    i.NVIC_SetPriority  stm32f3xx_hal_cortex.o
    0x0800b9c0   0x0800b9c0   0x0000036a   Code   RO          671    i.PCD_EP_ISR_Handler  stm32f3xx_hal_pcd.o
    0x0800bd2a   0x0800bd2a   0x00000002   PAD
    0x0800bd2c   0x0800bd2c   0x0000002c   Code   RO          855    i.PCD_ReadPMA       stm32f3xx_hal_pcd_ex.o
    0x0800bd58   0x0800bd58   0x00000026   Code   RO          856    i.PCD_WritePMA      stm32f3xx_hal_pcd_ex.o
    0x0800bd7e   0x0800bd7e   0x00000002   Code   RO          538    i.PendSV_Handler    stm32f3xx_it.o
    0x0800bd80   0x0800bd80   0x00000002   Code   RO          539    i.SVC_Handler       stm32f3xx_it.o
    0x0800bd82   0x0800bd82   0x00000004   Code   RO          540    i.SysTick_Handler   stm32f3xx_it.o
    0x0800bd86   0x0800bd86   0x00000062   Code   RO           14    i.SystemClock_Config  main.o
    0x0800bde8   0x0800bde8   0x0000006c   Code   RO         2362    i.SystemInit        system_stm32f3xx.o
    0x0800be54   0x0800be54   0x0000000e   Code   RO         2662    i.USBD_CUSTOM_HID_DataIn  usbd_customhid.o
    0x0800be62   0x0800be62   0x00000026   Code   RO         2663    i.USBD_CUSTOM_HID_DataOut  usbd_customhid.o
    0x0800be88   0x0800be88   0x00000032   Code   RO         2664    i.USBD_CUSTOM_HID_DeInit  usbd_customhid.o
    0x0800beba   0x0800beba   0x00000026   Code   RO         2665    i.USBD_CUSTOM_HID_EP0_RxReady  usbd_customhid.o
    0x0800bee0   0x0800bee0   0x0000000c   Code   RO         2666    i.USBD_CUSTOM_HID_GetCfgDesc  usbd_customhid.o
    0x0800beec   0x0800beec   0x0000000c   Code   RO         2667    i.USBD_CUSTOM_HID_GetDeviceQualifierDesc  usbd_customhid.o
    0x0800bef8   0x0800bef8   0x00000050   Code   RO         2668    i.USBD_CUSTOM_HID_Init  usbd_customhid.o
    0x0800bf48   0x0800bf48   0x00000010   Code   RO         2669    i.USBD_CUSTOM_HID_RegisterInterface  usbd_customhid.o
    0x0800bf58   0x0800bf58   0x000000c0   Code   RO         2671    i.USBD_CUSTOM_HID_Setup  usbd_customhid.o
    0x0800c018   0x0800c018   0x0000000e   Code   RO         2399    i.USBD_ClrClassConfig  usbd_core.o
    0x0800c026   0x0800c026   0x00000010   Code   RO         2602    i.USBD_CtlContinueRx  usbd_ioreq.o
    0x0800c036   0x0800c036   0x00000010   Code   RO         2603    i.USBD_CtlContinueSendData  usbd_ioreq.o
    0x0800c046   0x0800c046   0x00000016   Code   RO         2537    i.USBD_CtlError     usbd_ctlreq.o
    0x0800c05c   0x0800c05c   0x0000001e   Code   RO         2604    i.USBD_CtlPrepareRx  usbd_ioreq.o
    0x0800c07a   0x0800c07a   0x00000016   Code   RO         2605    i.USBD_CtlReceiveStatus  usbd_ioreq.o
    0x0800c090   0x0800c090   0x0000001a   Code   RO         2606    i.USBD_CtlSendData  usbd_ioreq.o
    0x0800c0aa   0x0800c0aa   0x00000016   Code   RO         2607    i.USBD_CtlSendStatus  usbd_ioreq.o
    0x0800c0c0   0x0800c0c0   0x00000034   Code   RO          420    i.USBD_FS_ConfigStrDescriptor  usbd_desc.o
    0x0800c0f4   0x0800c0f4   0x0000000c   Code   RO          421    i.USBD_FS_DeviceDescriptor  usbd_desc.o
    0x0800c100   0x0800c100   0x00000034   Code   RO          422    i.USBD_FS_InterfaceStrDescriptor  usbd_desc.o
    0x0800c134   0x0800c134   0x0000000c   Code   RO          423    i.USBD_FS_LangIDStrDescriptor  usbd_desc.o
    0x0800c140   0x0800c140   0x0000001c   Code   RO          424    i.USBD_FS_ManufacturerStrDescriptor  usbd_desc.o
    0x0800c15c   0x0800c15c   0x00000028   Code   RO          425    i.USBD_FS_ProductStrDescriptor  usbd_desc.o
    0x0800c184   0x0800c184   0x00000038   Code   RO          426    i.USBD_FS_SerialStrDescriptor  usbd_desc.o
    0x0800c1bc   0x0800c1bc   0x000000e0   Code   RO         2538    i.USBD_GetDescriptor  usbd_ctlreq.o
    0x0800c29c   0x0800c29c   0x00000046   Code   RO         2539    i.USBD_GetString    usbd_ctlreq.o
    0x0800c2e2   0x0800c2e2   0x00000018   Code   RO          221    i.USBD_Get_USB_Status  usbd_conf.o
    0x0800c2fa   0x0800c2fa   0x0000002a   Code   RO         2401    i.USBD_Init         usbd_core.o
    0x0800c324   0x0800c324   0x00000012   Code   RO          222    i.USBD_LL_ClearStallEP  usbd_conf.o
    0x0800c336   0x0800c336   0x00000012   Code   RO          223    i.USBD_LL_CloseEP   usbd_conf.o
    0x0800c348   0x0800c348   0x000000aa   Code   RO         2402    i.USBD_LL_DataInStage  usbd_core.o
    0x0800c3f2   0x0800c3f2   0x0000006a   Code   RO         2403    i.USBD_LL_DataOutStage  usbd_core.o
    0x0800c45c   0x0800c45c   0x00000070   Code   RO          228    i.USBD_LL_Init      usbd_conf.o
    0x0800c4cc   0x0800c4cc   0x00000020   Code   RO          229    i.USBD_LL_IsStallEP  usbd_conf.o
    0x0800c4ec   0x0800c4ec   0x00000018   Code   RO          230    i.USBD_LL_OpenEP    usbd_conf.o
    0x0800c504   0x0800c504   0x00000012   Code   RO          231    i.USBD_LL_PrepareReceive  usbd_conf.o
    0x0800c516   0x0800c516   0x0000003e   Code   RO         2408    i.USBD_LL_Reset     usbd_core.o
    0x0800c554   0x0800c554   0x0000000c   Code   RO         2409    i.USBD_LL_Resume    usbd_core.o
    0x0800c560   0x0800c560   0x00000018   Code   RO         2410    i.USBD_LL_SOF       usbd_core.o
    0x0800c578   0x0800c578   0x00000006   Code   RO         2411    i.USBD_LL_SetSpeed  usbd_core.o
    0x0800c57e   0x0800c57e   0x00000012   Code   RO          232    i.USBD_LL_SetUSBAddress  usbd_conf.o
    0x0800c590   0x0800c590   0x0000005a   Code   RO         2412    i.USBD_LL_SetupStage  usbd_core.o
    0x0800c5ea   0x0800c5ea   0x00000012   Code   RO          233    i.USBD_LL_StallEP   usbd_conf.o
    0x0800c5fc   0x0800c5fc   0x00000012   Code   RO          234    i.USBD_LL_Start     usbd_conf.o
    0x0800c60e   0x0800c60e   0x00000012   Code   RO         2413    i.USBD_LL_Suspend   usbd_core.o
    0x0800c620   0x0800c620   0x00000012   Code   RO          236    i.USBD_LL_Transmit  usbd_conf.o
    0x0800c632   0x0800c632   0x00000028   Code   RO         2540    i.USBD_ParseSetupRequest  usbd_ctlreq.o
    0x0800c65a   0x0800c65a   0x00000010   Code   RO         2414    i.USBD_RegisterClass  usbd_core.o
    0x0800c66a   0x0800c66a   0x00000016   Code   RO         2416    i.USBD_SetClassConfig  usbd_core.o
    0x0800c680   0x0800c680   0x00000074   Code   RO         2541    i.USBD_SetConfig    usbd_ctlreq.o
    0x0800c6f4   0x0800c6f4   0x0000000a   Code   RO         2417    i.USBD_Start        usbd_core.o
    0x0800c6fe   0x0800c6fe   0x000000f2   Code   RO         2542    i.USBD_StdDevReq    usbd_ctlreq.o
    0x0800c7f0   0x0800c7f0   0x000000dc   Code   RO         2543    i.USBD_StdEPReq     usbd_ctlreq.o
    0x0800c8cc   0x0800c8cc   0x00000034   Code   RO         2544    i.USBD_StdItfReq    usbd_ctlreq.o
    0x0800c900   0x0800c900   0x00000002   Code   RO          237    i.USBD_static_free  usbd_conf.o
    0x0800c902   0x0800c902   0x00000002   PAD
    0x0800c904   0x0800c904   0x00000008   Code   RO          238    i.USBD_static_malloc  usbd_conf.o
    0x0800c90c   0x0800c90c   0x0000000c   Code   RO          541    i.USB_LP_CAN_RX0_IRQHandler  stm32f3xx_it.o
    0x0800c918   0x0800c918   0x00000002   Code   RO          542    i.UsageFault_Handler  stm32f3xx_it.o
    0x0800c91a   0x0800c91a   0x0000000e   Code   RO         2765    i.__scatterload_copy  mc_w.l(handlers.o)
    0x0800c928   0x0800c928   0x00000002   Code   RO         2766    i.__scatterload_null  mc_w.l(handlers.o)
    0x0800c92a   0x0800c92a   0x0000000e   Code   RO         2767    i.__scatterload_zeroinit  mc_w.l(handlers.o)
    0x0800c938   0x0800c938   0x0000008c   Code   RO           15    i.main              main.o
    0x0800c9c4   0x0800c9c4   0x00000020   Data   RO         1119    .constdata          stm32f3xx_hal_rcc.o
    0x0800c9e4   0x0800c9e4   0x00000010   Data   RO         2363    .constdata          system_stm32f3xx.o
    0x0800c9f4   0x0800c9f4   0x00000020   Data   RO         2763    Region$$Table       anon$$obj.o


    Execution Region RW_IRAM2 (Exec base: 0x10000000, Load base: 0x0800caf8, Size: 0x00000000, Max: 0x00002000, ABSOLUTE)

    **** No section assigned to this execution region ****


    Execution Region RW_IRAM1 (Exec base: 0x20000000, Load base: 0x0800ca14, Size: 0x00000ed8, Max: 0x0000a000, ABSOLUTE, COMPRESSED[0x000000e4])

    Exec Addr    Load Addr    Size         Type   Attr      Idx    E Section Name        Object

    0x20000000   COMPRESSED   0x0000001c   Data   RW          428    .data               usbd_desc.o
    0x2000001c   COMPRESSED   0x00000032   Data   RW          429    .data               usbd_desc.o
    0x2000004e   COMPRESSED   0x00000002   PAD
    0x20000050   COMPRESSED   0x000000ff   Data   RW          495    .data               usbd_custom_hid_if.o
    0x2000014f   COMPRESSED   0x00000001   PAD
    0x20000150   COMPRESSED   0x00000010   Data   RW          496    .data               usbd_custom_hid_if.o
    0x20000160   COMPRESSED   0x0000000c   Data   RW          956    .data               stm32f3xx_hal.o
    0x2000016c   COMPRESSED   0x00000004   Data   RW         2365    .data               system_stm32f3xx.o
    0x20000170   COMPRESSED   0x00000001   Data   RW         2545    .data               usbd_ctlreq.o
    0x20000171   COMPRESSED   0x00000003   PAD
    0x20000174   COMPRESSED   0x00000038   Data   RW         2672    .data               usbd_customhid.o
    0x200001ac   COMPRESSED   0x00000042   Data   RW         2673    .data               usbd_customhid.o
    0x200001ee   COMPRESSED   0x00000002   PAD
    0x200001f0        -       0x00000224   Zero   RW          157    .bss                usb_device.o
    0x20000414        -       0x000004c4   Zero   RW          239    .bss                usbd_conf.o
    0x200008d8        -       0x00000200   Zero   RW          427    .bss                usbd_desc.o
    0x20000ad8        -       0x00000400   Zero   RW            1    STACK               startup_stm32f303xc.o


==============================================================================

Image component sizes


      Code (inc. data)   RO Data    RW Data    ZI Data      Debug   Object Name

       240         12          0          0          0     540832   main.o
        36          8        392          0       1024        856   startup_stm32f303xc.o
       164         28          0         12          0      13577   stm32f3xx_hal.o
       194         14          0          0          0      30527   stm32f3xx_hal_cortex.o
       410         28          0          0          0       3069   stm32f3xx_hal_gpio.o
        44          6          0          0          0        866   stm32f3xx_hal_msp.o
      3172          0          0          0          0      11566   stm32f3xx_hal_pcd.o
       142          0          0          0          0       2947   stm32f3xx_hal_pcd_ex.o
      1848         46         32          0          0       4634   stm32f3xx_hal_rcc.o
       536         14          0          0          0       1636   stm32f3xx_hal_rcc_ex.o
        32          6          0          0          0       4758   stm32f3xx_it.o
       108         26         16          4          0       1227   system_stm32f3xx.o
        84         18          0          0        548       2242   usb_device.o
       588         26          0          0       1220      14209   usbd_conf.o
       592          0          0          0          0       9848   usbd_core.o
       986         30          0          1          0       8168   usbd_ctlreq.o
        12          0          0        271          0       2132   usbd_custom_hid_if.o
       452         22          0        122          0       9074   usbd_customhid.o
       308        124          0         78        512       6113   usbd_desc.o
       132          0          0          0          0       4648   usbd_ioreq.o

    ----------------------------------------------------------------------
     10092        408        472        496       3304     672929   Object Totals
         0          0         32          0          0          0   (incl. Generated)
        12          0          0          8          0          0   (incl. Padding)

    ----------------------------------------------------------------------

      Code (inc. data)   RO Data    RW Data    ZI Data      Debug   Library Member Name

        86          0          0          0          0          0   __dczerorl2.o
         0          0          0          0          0          0   entry.o
         0          0          0          0          0          0   entry10a.o
         0          0          0          0          0          0   entry11a.o
         8          4          0          0          0          0   entry2.o
         4          0          0          0          0          0   entry5.o
         0          0          0          0          0          0   entry7b.o
         0          0          0          0          0          0   entry8b.o
         8          4          0          0          0          0   entry9a.o
        30          0          0          0          0          0   handlers.o
        36          8          0          0          0         68   init.o
        36          0          0          0          0        108   memseta.o

    ----------------------------------------------------------------------
       208         16          0          0          0        176   Library Totals
         0          0          0          0          0          0   (incl. Padding)

    ----------------------------------------------------------------------

      Code (inc. data)   RO Data    RW Data    ZI Data      Debug   Library Name

       208         16          0          0          0        176   mc_w.l

    ----------------------------------------------------------------------
       208         16          0          0          0        176   Library Totals

    ----------------------------------------------------------------------

==============================================================================


      Code (inc. data)   RO Data    RW Data    ZI Data      Debug   

     10300        424        472        496       3304     662589   Grand Totals
     10300        424        472        228       3304     662589   ELF Image Totals (compressed)
     10300        424        472        228          0          0   ROM Totals

==============================================================================

    Total RO  Size (Code + RO Data)                10772 (  10.52kB)
    Total RW  Size (RW Data + ZI Data)              3800 (   3.71kB)
    Total ROM Size (Code + RO Data + RW Data)      11000 (  10.74kB)

==============================================================================

