Component: ARM Compiler 5.06 update 6 (build 750) Tool: armlink [4d35ed]

==============================================================================

Section Cross References

    startup_stm32f303xc.o(RESET) refers to startup_stm32f303xc.o(STACK) for __initial_sp
    startup_stm32f303xc.o(RESET) refers to startup_stm32f303xc.o(.text) for Reset_Handler
    startup_stm32f303xc.o(RESET) refers to stm32f3xx_it.o(i.NMI_Handler) for NMI_Handler
    startup_stm32f303xc.o(RESET) refers to stm32f3xx_it.o(i.HardFault_Handler) for HardFault_Handler
    startup_stm32f303xc.o(RESET) refers to stm32f3xx_it.o(i.MemManage_Handler) for MemManage_Handler
    startup_stm32f303xc.o(RESET) refers to stm32f3xx_it.o(i.BusFault_Handler) for BusFault_Handler
    startup_stm32f303xc.o(RESET) refers to stm32f3xx_it.o(i.UsageFault_Handler) for UsageFault_Handler
    startup_stm32f303xc.o(RESET) refers to stm32f3xx_it.o(i.SVC_Handler) for SVC_Handler
    startup_stm32f303xc.o(RESET) refers to stm32f3xx_it.o(i.DebugMon_Handler) for DebugMon_Handler
    startup_stm32f303xc.o(RESET) refers to stm32f3xx_it.o(i.PendSV_Handler) for PendSV_Handler
    startup_stm32f303xc.o(RESET) refers to stm32f3xx_it.o(i.SysTick_Handler) for SysTick_Handler
    startup_stm32f303xc.o(RESET) refers to stm32f3xx_it.o(i.USB_LP_CAN_RX0_IRQHandler) for USB_LP_CAN_RX0_IRQHandler
    startup_stm32f303xc.o(RESET) refers to stm32f3xx_it.o(i.TIM2_IRQHandler) for TIM2_IRQHandler
    startup_stm32f303xc.o(.text) refers to system_stm32f3xx.o(i.SystemInit) for SystemInit
    startup_stm32f303xc.o(.text) refers to entry.o(.ARM.Collect$$$$00000000) for __main
    main.o(i.FLASH_EraseCountPages) refers to stm32f3xx_hal_flash_ex.o(i.HAL_FLASHEx_Erase) for HAL_FLASHEx_Erase
    main.o(i.FLASH_EraseCountPages) refers to stm32f3xx_hal_gpio.o(i.HAL_GPIO_TogglePin) for HAL_GPIO_TogglePin
    main.o(i.FLASH_EraseCountPages) refers to stm32f3xx_hal.o(i.HAL_Delay) for HAL_Delay
    main.o(i.FLASH_EraseCountPages) refers to stm32f3xx_hal_gpio.o(i.HAL_GPIO_WritePin) for HAL_GPIO_WritePin
    main.o(i.FLASH_EraseCountPages) refers to main.o(.data) for .data
    main.o(i.FLASH_EraseCountPages) refers to main.o(.bss) for .bss
    main.o(i.MX_GPIO_Init) refers to memseta.o(.text) for __aeabi_memclr4
    main.o(i.MX_GPIO_Init) refers to stm32f3xx_hal_gpio.o(i.HAL_GPIO_WritePin) for HAL_GPIO_WritePin
    main.o(i.MX_GPIO_Init) refers to stm32f3xx_hal_gpio.o(i.HAL_GPIO_Init) for HAL_GPIO_Init
    main.o(i.MX_TIM2_Init) refers to stm32f3xx_hal_tim.o(i.HAL_TIM_Base_Init) for HAL_TIM_Base_Init
    main.o(i.MX_TIM2_Init) refers to stm32f3xx_hal_tim.o(i.HAL_TIM_ConfigClockSource) for HAL_TIM_ConfigClockSource
    main.o(i.MX_TIM2_Init) refers to stm32f3xx_hal_tim_ex.o(i.HAL_TIMEx_MasterConfigSynchronization) for HAL_TIMEx_MasterConfigSynchronization
    main.o(i.MX_TIM2_Init) refers to main.o(.bss) for .bss
    main.o(i.SystemClock_Config) refers to memseta.o(.text) for __aeabi_memclr4
    main.o(i.SystemClock_Config) refers to stm32f3xx_hal_rcc.o(i.HAL_RCC_OscConfig) for HAL_RCC_OscConfig
    main.o(i.SystemClock_Config) refers to stm32f3xx_hal_rcc.o(i.HAL_RCC_ClockConfig) for HAL_RCC_ClockConfig
    main.o(i.SystemClock_Config) refers to stm32f3xx_hal_rcc_ex.o(i.HAL_RCCEx_PeriphCLKConfig) for HAL_RCCEx_PeriphCLKConfig
    main.o(i.main) refers to stm32f3xx_hal.o(i.HAL_Init) for HAL_Init
    main.o(i.main) refers to main.o(i.SystemClock_Config) for SystemClock_Config
    main.o(i.main) refers to main.o(i.MX_GPIO_Init) for MX_GPIO_Init
    main.o(i.main) refers to bootloader.o(i.DetectUSB) for DetectUSB
    main.o(i.main) refers to usb_device.o(i.MX_USB_DEVICE_Init) for MX_USB_DEVICE_Init
    main.o(i.main) refers to main.o(i.MX_TIM2_Init) for MX_TIM2_Init
    main.o(i.main) refers to stm32f3xx_hal_tim.o(i.HAL_TIM_Base_Start_IT) for HAL_TIM_Base_Start_IT
    main.o(i.main) refers to bootloader.o(i.Boot_GoToMainProgram) for Boot_GoToMainProgram
    main.o(i.main) refers to stm32f3xx_hal_tim.o(i.HAL_TIM_Base_Stop_IT) for HAL_TIM_Base_Stop_IT
    main.o(i.main) refers to stm32f3xx_hal_gpio.o(i.HAL_GPIO_WritePin) for HAL_GPIO_WritePin
    main.o(i.main) refers to stm32f3xx_hal_flash.o(i.HAL_FLASH_Unlock) for HAL_FLASH_Unlock
    main.o(i.main) refers to bootloader.o(i.Send_ReadyMessage_To_USBHost) for Send_ReadyMessage_To_USBHost
    main.o(i.main) refers to main.o(i.FLASH_EraseCountPages) for FLASH_EraseCountPages
    main.o(i.main) refers to bootloader.o(i.Send_FlashErasedStatus_To_USBHost) for Send_FlashErasedStatus_To_USBHost
    main.o(i.main) refers to stm32f3xx_hal.o(i.HAL_Delay) for HAL_Delay
    main.o(i.main) refers to bootloader.o(i.FLASH_WriteNewFirmwarePageData) for FLASH_WriteNewFirmwarePageData
    main.o(i.main) refers to bootloader.o(i.Send_RequestNewSubPage_To_USBHost) for Send_RequestNewSubPage_To_USBHost
    main.o(i.main) refers to stm32f3xx_hal_flash.o(i.HAL_FLASH_Lock) for HAL_FLASH_Lock
    main.o(i.main) refers to main.o(.data) for .data
[...]
    Removing stm32f3xx_hal_i2c_ex.o(i.HAL_I2CEx_ConfigDigitalFilter), (82 bytes).
    Removing stm32f3xx_hal_i2c_ex.o(i.HAL_I2CEx_DisableFastModePlus), (40 bytes).
    Removing stm32f3xx_hal_i2c_ex.o(i.HAL_I2CEx_DisableWakeUp), (78 bytes).
    Removing stm32f3xx_hal_i2c_ex.o(i.HAL_I2CEx_EnableFastModePlus), (40 bytes).
    Removing stm32f3xx_hal_i2c_ex.o(i.HAL_I2CEx_EnableWakeUp), (78 bytes).
    Removing system_stm32f3xx.o(.rev16_text), (4 bytes).
    Removing system_stm32f3xx.o(.revsh_text), (4 bytes).
    Removing system_stm32f3xx.o(.rrx_text), (6 bytes).
    Removing system_stm32f3xx.o(i.SystemCoreClockUpdate), (112 bytes).
    Removing system_stm32f3xx.o(.constdata), (8 bytes).
    Removing usbd_core.o(.rev16_text), (4 bytes).
    Removing usbd_core.o(.revsh_text), (4 bytes).
    Removing usbd_core.o(.rrx_text), (6 bytes).
    Removing usbd_core.o(i.USBD_DeInit), (38 bytes).
    Removing usbd_core.o(i.USBD_LL_DevConnected), (4 bytes).
    Removing usbd_core.o(i.USBD_LL_DevDisconnected), (22 bytes).
    Removing usbd_core.o(i.USBD_LL_IsoINIncomplete), (4 bytes).
    Removing usbd_core.o(i.USBD_LL_IsoOUTIncomplete), (4 bytes).
    Removing usbd_core.o(i.USBD_RunTestMode), (4 bytes).
    Removing usbd_core.o(i.USBD_Stop), (26 bytes).
    Removing usbd_ctlreq.o(.rev16_text), (4 bytes).
    Removing usbd_ctlreq.o(.revsh_text), (4 bytes).
    Removing usbd_ctlreq.o(.rrx_text), (6 bytes).
    Removing usbd_ioreq.o(.rev16_text), (4 bytes).
    Removing usbd_ioreq.o(.revsh_text), (4 bytes).
    Removing usbd_ioreq.o(.rrx_text), (6 bytes).
    Removing usbd_ioreq.o(i.USBD_GetRxCount), (10 bytes).
    Removing usbd_customhid.o(.rev16_text), (4 bytes).
    Removing usbd_customhid.o(.revsh_text), (4 bytes).
    Removing usbd_customhid.o(.rrx_text), (6 bytes).

451 unused section(s) (total 28147 bytes) removed from the image.

==============================================================================

Image Symbol Table

    Local Symbols

    Symbol Name                              Value     Ov Type        Size  Object(Section)

    ../Drivers/STM32F3xx_HAL_Driver/Src/stm32f3xx_hal.c 0x00000000   Number         0  stm32f3xx_hal.o ABSOLUTE
    ../Drivers/STM32F3xx_HAL_Driver/Src/stm32f3xx_hal_cortex.c 0x00000000   Number         0  stm32f3xx_hal_cortex.o ABSOLUTE
    ../Drivers/STM32F3xx_HAL_Driver/Src/stm32f3xx_hal_dma.c 0x00000000   Number         0  stm32f3xx_hal_dma.o ABSOLUTE
    ../Drivers/STM32F3xx_HAL_Driver/Src/stm32f3xx_hal_flash.c 0x00000000   Number         0  stm32f3xx_hal_flash.o ABSOLUTE
    ../Drivers/STM32F3xx_HAL_Driver/Src/stm32f3xx_hal_flash_ex.c 0x00000000   Number         0  stm32f3xx_hal_flash_ex.o ABSOLUTE
    ../Drivers/STM32F3xx_HAL_Driver/Src/stm32f3xx_hal_gpio.c 0x00000000   Number         0  stm32f3xx_hal_gpio.o ABSOLUTE
    ../Drivers/STM32F3xx_HAL_Driver/Src/stm32f3xx_hal_i2c.c 0x00000000   Number         0  stm32f3xx_hal_i2c.o ABSOLUTE
    ../Drivers/STM32F3xx_HAL_Driver/Src/stm32f3xx_hal_i2c_ex.c 0x00000000   Number         0  stm32f3xx_hal_i2c_ex.o ABSOLUTE
    ../Drivers/STM32F3xx_HAL_Driver/Src/stm32f3xx_hal_pcd.c 0x00000000   Number         0  stm32f3xx_hal_pcd.o ABSOLUTE
    ../Drivers/STM32F3xx_HAL_Driver/Src/stm32f3xx_hal_pcd_ex.c 0x00000000   Number         0  stm32f3xx_hal_pcd_ex.o ABSOLUTE
    ../Drivers/STM32F3xx_HAL_Driver/Src/stm32f3xx_hal_pwr.c 0x00000000   Number         0  stm32f3xx_hal_pwr.o ABSOLUTE
    ../Drivers/STM32F3xx_HAL_Driver/Src/stm32f3xx_hal_pwr_ex.c 0x00000000   Number         0  stm32f3xx_hal_pwr_ex.o ABSOLUTE
    ../Drivers/STM32F3xx_HAL_Driver/Src/stm32f3xx_hal_rcc.c 0x00000000   Number         0  stm32f3xx_hal_rcc.o ABSOLUTE
    ../Drivers/STM32F3xx_HAL_Driver/Src/stm32f3xx_hal_rcc_ex.c 0x00000000   Number         0  stm32f3xx_hal_rcc_ex.o ABSOLUTE
    ../Drivers/STM32F3xx_HAL_Driver/Src/stm32f3xx_hal_tim.c 0x00000000   Number         0  stm32f3xx_hal_tim.o ABSOLUTE
    ../Drivers/STM32F3xx_HAL_Driver/Src/stm32f3xx_hal_tim_ex.c 0x00000000   Number         0  stm32f3xx_hal_tim_ex.o ABSOLUTE
    ../Middlewares/ST/STM32_USB_Device_Library/Class/CustomHID/Src/usbd_customhid.c 0x00000000   Number         0  usbd_customhid.o ABSOLUTE
    ../Middlewares/ST/STM32_USB_Device_Library/Core/Src/usbd_core.c 0x00000000   Number         0  usbd_core.o ABSOLUTE
    ../Middlewares/ST/STM32_USB_Device_Library/Core/Src/usbd_ctlreq.c 0x00000000   Number         0  usbd_ctlreq.o ABSOLUTE
    ../Middlewares/ST/STM32_USB_Device_Library/Core/Src/usbd_ioreq.c 0x00000000   Number         0  usbd_ioreq.o ABSOLUTE
    ../Src/main.c                            0x00000000   Number         0  main.o ABSOLUTE
    ../Src/stm32f3xx_hal_msp.c               0x00000000   Number         0  stm32f3xx_hal_msp.o ABSOLUTE
    ../Src/stm32f3xx_it.c                    0x00000000   Number         0  stm32f3xx_it.o ABSOLUTE
    ../Src/system_stm32f3xx.c                0x00000000   Number         0  system_stm32f3xx.o ABSOLUTE
    ../Src/usb_device.c                      0x00000000   Number         0  usb_device.o ABSOLUTE
    ../Src/usbd_conf.c                       0x00000000   Number         0  usbd_conf.o ABSOLUTE
    ../Src/usbd_custom_hid_if.c              0x00000000   Number         0  usbd_custom_hid_if.o ABSOLUTE
    ../Src/usbd_desc.c                       0x00000000   Number         0  usbd_desc.o ABSOLUTE
    ../clib/../cmprslib/zerorunl2.c          0x00000000   Number         0  __dczerorl2.o ABSOLUTE
    ../clib/microlib/init/entry.s            0x00000000   Number         0  entry.o ABSOLUTE
    ../clib/microlib/init/entry.s            0x00000000   Number         0  entry9a.o ABSOLUTE
    ../clib/microlib/init/entry.s            0x00000000   Number         0  entry10a.o ABSOLUTE
    ../clib/microlib/init/entry.s            0x00000000   Number         0  entry5.o ABSOLUTE
    ../clib/microlib/init/entry.s            0x00000000   Number         0  entry7a.o ABSOLUTE
    ../clib/microlib/init/entry.s            0x00000000   Number         0  entry9b.o ABSOLUTE
    ../clib/microlib/init/entry.s            0x00000000   Number         0  entry2.o ABSOLUTE
    ../clib/microlib/init/entry.s            0x00000000   Number         0  entry7b.o ABSOLUTE
    ../clib/microlib/init/entry.s            0x00000000   Number         0  entry8a.o ABSOLUTE
    ../clib/microlib/init/entry.s            0x00000000   Number         0  entry11b.o ABSOLUTE
    ../clib/microlib/init/entry.s            0x00000000   Number         0  entry8b.o ABSOLUTE
    ../clib/microlib/init/entry.s            0x00000000   Number         0  entry11a.o ABSOLUTE
    ../clib/microlib/init/entry.s            0x00000000   Number         0  entry10b.o ABSOLUTE
    ../clib/microlib/longlong.c              0x00000000   Number         0  llushr.o ABSOLUTE
    ../clib/microlib/string/memcpy.c         0x00000000   Number         0  memcpya.o ABSOLUTE
    ../clib/microlib/string/memcpy.c         0x00000000   Number         0  memcpyb.o ABSOLUTE
    ../clib/microlib/string/memset.c         0x00000000   Number         0  memseta.o ABSOLUTE
    ..\Drivers\STM32F3xx_HAL_Driver\Src\stm32f3xx_hal.c 0x00000000   Number         0  stm32f3xx_hal.o ABSOLUTE
    ..\Drivers\STM32F3xx_HAL_Driver\Src\stm32f3xx_hal_cortex.c 0x00000000   Number         0  stm32f3xx_hal_cortex.o ABSOLUTE
    ..\Drivers\STM32F3xx_HAL_Driver\Src\stm32f3xx_hal_dma.c 0x00000000   Number         0  stm32f3xx_hal_dma.o ABSOLUTE
    ..\Drivers\STM32F3xx_HAL_Driver\Src\stm32f3xx_hal_flash.c 0x00000000   Number         0  stm32f3xx_hal_flash.o ABSOLUTE
    ..\Drivers\STM32F3xx_HAL_Driver\Src\stm32f3xx_hal_flash_ex.c 0x00000000   Number         0  stm32f3xx_hal_flash_ex.o ABSOLUTE
    ..\Drivers\STM32F3xx_HAL_Driver\Src\stm32f3xx_hal_gpio.c 0x00000000   Number         0  stm32f3xx_hal_gpio.o ABSOLUTE
    ..\Drivers\STM32F3xx_HAL_Driver\Src\stm32f3xx_hal_i2c.c 0x00000000   Number         0  stm32f3xx_hal_i2c.o ABSOLUTE
    ..\Drivers\STM32F3xx_HAL_Driver\Src\stm32f3xx_hal_i2c_ex.c 0x00000000   Number         0  stm32f3xx_hal_i2c_ex.o ABSOLUTE
    ..\Drivers\STM32F3xx_HAL_Driver\Src\stm32f3xx_hal_pcd.c 0x00000000   Number         0  stm32f3xx_hal_pcd.o ABSOLUTE
    ..\Drivers\STM32F3xx_HAL_Driver\Src\stm32f3xx_hal_pcd_ex.c 0x00000000   Number         0  stm32f3xx_hal_pcd_ex.o ABSOLUTE
    ..\Drivers\STM32F3xx_HAL_Driver\Src\stm32f3xx_hal_pwr.c 0x00000000   Number         0  stm32f3xx_hal_pwr.o ABSOLUTE
    ..\Drivers\STM32F3xx_HAL_Driver\Src\stm32f3xx_hal_pwr_ex.c 0x00000000   Number         0  stm32f3xx_hal_pwr_ex.o ABSOLUTE
    ..\Drivers\STM32F3xx_HAL_Driver\Src\stm32f3xx_hal_rcc.c 0x00000000   Number         0  stm32f3xx_hal_rcc.o ABSOLUTE
    ..\Drivers\STM32F3xx_HAL_Driver\Src\stm32f3xx_hal_rcc_ex.c 0x00000000   Number         0  stm32f3xx_hal_rcc_ex.o ABSOLUTE
    ..\Drivers\STM32F3xx_HAL_Driver\Src\stm32f3xx_hal_tim.c 0x00000000   Number         0  stm32f3xx_hal_tim.o ABSOLUTE
    ..\Drivers\STM32F3xx_HAL_Driver\Src\stm32f3xx_hal_tim_ex.c 0x00000000   Number         0  stm32f3xx_hal_tim_ex.o ABSOLUTE
    ..\Middlewares\ST\STM32_USB_Device_Library\Class\CustomHID\Src\usbd_customhid.c 0x00000000   Number         0  usbd_customhid.o ABSOLUTE
    ..\Middlewares\ST\STM32_USB_Device_Library\Core\Src\usbd_core.c 0x00000000   Number         0  usbd_core.o ABSOLUTE
    ..\Middlewares\ST\STM32_USB_Device_Library\Core\Src\usbd_ctlreq.c 0x00000000   Number         0  usbd_ctlreq.o ABSOLUTE
    ..\Middlewares\ST\STM32_USB_Device_Library\Core\Src\usbd_ioreq.c 0x00000000   Number         0  usbd_ioreq.o ABSOLUTE
    ..\Src\bootloader.c                      0x00000000   Number         0  bootloader.o ABSOLUTE
    ..\Src\main.c                            0x00000000   Number         0  main.o ABSOLUTE
    ..\Src\stm32f3xx_hal_msp.c               0x00000000   Number         0  stm32f3xx_hal_msp.o ABSOLUTE
    ..\Src\stm32f3xx_it.c                    0x00000000   Number         0  stm32f3xx_it.o ABSOLUTE
    ..\Src\system_stm32f3xx.c                0x00000000   Number         0  system_stm32f3xx.o ABSOLUTE
    ..\Src\usb_device.c                      0x00000000   Number         0  usb_device.o ABSOLUTE
    ..\Src\usbd_conf.c                       0x00000000   Number         0  usbd_conf.o ABSOLUTE
    ..\Src\usbd_custom_hid_if.c              0x00000000   Number         0  usbd_custom_hid_if.o ABSOLUTE
    ..\Src\usbd_desc.c                       0x00000000   Number         0  usbd_desc.o ABSOLUTE
    ..\\Src\\bootloader.c                    0x00000000   Number         0  bootloader.o ABSOLUTE
    dc.s                                     0x00000000   Number         0  dc.o ABSOLUTE
    handlers.s                               0x00000000   Number         0  handlers.o ABSOLUTE
    init.s                                   0x00000000   Number         0  init.o ABSOLUTE
    startup_stm32f303xc.s                    0x00000000   Number         0  startup_stm32f303xc.o ABSOLUTE
    RESET                                    0x08000000   Section      392  startup_stm32f303xc.o(RESET)
    .ARM.Collect$$$$00000000                 0x08000188   Section        0  entry.o(.ARM.Collect$$$$00000000)
    .ARM.Collect$$$$00000001                 0x08000188   Section        4  entry2.o(.ARM.Collect$$$$00000001)
    .ARM.Collect$$$$00000004                 0x0800018c   Section        4  entry5.o(.ARM.Collect$$$$00000004)
    .ARM.Collect$$$$00000008                 0x08000190   Section        0  entry7b.o(.ARM.Collect$$$$00000008)
    .ARM.Collect$$$$0000000A                 0x08000190   Section        0  entry8b.o(.ARM.Collect$$$$0000000A)
    .ARM.Collect$$$$0000000B                 0x08000190   Section        8  entry9a.o(.ARM.Collect$$$$0000000B)
    .ARM.Collect$$$$0000000D                 0x08000198   Section        0  entry10a.o(.ARM.Collect$$$$0000000D)
    .ARM.Collect$$$$0000000F                 0x08000198   Section        0  entry11a.o(.ARM.Collect$$$$0000000F)
    .ARM.Collect$$$$00002712                 0x08000198   Section        4  entry2.o(.ARM.Collect$$$$00002712)
    __lit__00000000                          0x08000198   Data           4  entry2.o(.ARM.Collect$$$$00002712)
    .text                                    0x0800019c   Section       36  startup_stm32f303xc.o(.text)
    $v0                                      0x0800019c   Number         0  startup_stm32f303xc.o(.text)
    .text                                    0x080001c0   Section        0  llushr.o(.text)
    .text                                    0x080001e0   Section        0  memseta.o(.text)
    .text                                    0x08000204   Section       36  init.o(.text)
    .text                                    0x08000228   Section        0  __dczerorl2.o(.text)
    i.Boot_GoToMainProgram                   0x08000280   Section        0  bootloader.o(i.Boot_GoToMainProgram)
    i.BusFault_Handler                       0x08000298   Section        0  stm32f3xx_it.o(i.BusFault_Handler)
    i.CUSTOM_HID_DeInit_FS                   0x0800029a   Section        0  usbd_custom_hid_if.o(i.CUSTOM_HID_DeInit_FS)
    CUSTOM_HID_DeInit_FS                     0x0800029b   Thumb Code     4  usbd_custom_hid_if.o(i.CUSTOM_HID_DeInit_FS)
    i.CUSTOM_HID_Init_FS                     0x0800029e   Section        0  usbd_custom_hid_if.o(i.CUSTOM_HID_Init_FS)
    CUSTOM_HID_Init_FS                       0x0800029f   Thumb Code     4  usbd_custom_hid_if.o(i.CUSTOM_HID_Init_FS)
    i.CUSTOM_HID_OutEvent_FS                 0x080002a4   Section        0  usbd_custom_hid_if.o(i.CUSTOM_HID_OutEvent_FS)
    CUSTOM_HID_OutEvent_FS                   0x080002a5   Thumb Code    86  usbd_custom_hid_if.o(i.CUSTOM_HID_OutEvent_FS)
    i.DebugMon_Handler                       0x08000318   Section        0  stm32f3xx_it.o(i.DebugMon_Handler)
    i.DetectUSB                              0x0800031a   Section        0  bootloader.o(i.DetectUSB)
    i.Error_Handler                          0x0800032c   Section        0  main.o(i.Error_Handler)
    i.FLASH_EraseCountPages                  0x08000330   Section        0  main.o(i.FLASH_EraseCountPages)
    i.FLASH_MassErase                        0x08000384   Section        0  stm32f3xx_hal_flash_ex.o(i.FLASH_MassErase)
    FLASH_MassErase                          0x08000385   Thumb Code    26  stm32f3xx_hal_flash_ex.o(i.FLASH_MassErase)
    i.FLASH_PageErase                        0x080003a8   Section        0  stm32f3xx_hal_flash_ex.o(i.FLASH_PageErase)
    i.FLASH_Program_HalfWord                 0x080003cc   Section        0  stm32f3xx_hal_flash.o(i.FLASH_Program_HalfWord)
    FLASH_Program_HalfWord                   0x080003cd   Thumb Code    20  stm32f3xx_hal_flash.o(i.FLASH_Program_HalfWord)
    i.FLASH_SetErrorCode                     0x080003e8   Section        0  stm32f3xx_hal_flash.o(i.FLASH_SetErrorCode)
    FLASH_SetErrorCode                       0x080003e9   Thumb Code    44  stm32f3xx_hal_flash.o(i.FLASH_SetErrorCode)
    i.FLASH_WaitForLastOperation             0x0800041c   Section        0  stm32f3xx_hal_flash.o(i.FLASH_WaitForLastOperation)
    i.FLASH_WriteNewFirmwarePageData         0x0800046c   Section        0  bootloader.o(i.FLASH_WriteNewFirmwarePageData)
    i.HAL_Delay                              0x0800049c   Section        0  stm32f3xx_hal.o(i.HAL_Delay)
    i.HAL_FLASHEx_Erase                      0x080004c0   Section        0  stm32f3xx_hal_flash_ex.o(i.HAL_FLASHEx_Erase)
    i.HAL_FLASH_Lock                         0x08000568   Section        0  stm32f3xx_hal_flash.o(i.HAL_FLASH_Lock)
    i.HAL_FLASH_Program                      0x0800057c   Section        0  stm32f3xx_hal_flash.o(i.HAL_FLASH_Program)
    i.HAL_FLASH_Unlock                       0x080005fc   Section        0  stm32f3xx_hal_flash.o(i.HAL_FLASH_Unlock)
    i.HAL_GPIO_Init                          0x08000624   Section        0  stm32f3xx_hal_gpio.o(i.HAL_GPIO_Init)
    i.HAL_GPIO_ReadPin                       0x080007ac   Section        0  stm32f3xx_hal_gpio.o(i.HAL_GPIO_ReadPin)
    i.HAL_GPIO_TogglePin                     0x080007b6   Section        0  stm32f3xx_hal_gpio.o(i.HAL_GPIO_TogglePin)
    i.HAL_GPIO_WritePin                      0x080007be   Section        0  stm32f3xx_hal_gpio.o(i.HAL_GPIO_WritePin)
    i.HAL_GetTick                            0x080007c8   Section        0  stm32f3xx_hal.o(i.HAL_GetTick)
    i.HAL_IncTick                            0x080007d4   Section        0  stm32f3xx_hal.o(i.HAL_IncTick)
    i.HAL_Init                               0x080007e4   Section        0  stm32f3xx_hal.o(i.HAL_Init)
    i.HAL_InitTick                           0x08000808   Section        0  stm32f3xx_hal.o(i.HAL_InitTick)
    i.HAL_MspInit                            0x08000848   Section        0  stm32f3xx_hal_msp.o(i.HAL_MspInit)
    i.HAL_NVIC_EnableIRQ                     0x08000874   Section        0  stm32f3xx_hal_cortex.o(i.HAL_NVIC_EnableIRQ)
    i.HAL_NVIC_SetPriority                   0x0800088c   Section        0  stm32f3xx_hal_cortex.o(i.HAL_NVIC_SetPriority)
    i.HAL_NVIC_SetPriorityGrouping           0x080008cc   Section        0  stm32f3xx_hal_cortex.o(i.HAL_NVIC_SetPriorityGrouping)
    i.HAL_PCDEx_PMAConfig                    0x080008f0   Section        0  stm32f3xx_hal_pcd_ex.o(i.HAL_PCDEx_PMAConfig)
    i.HAL_PCDEx_SetConnectionState           0x0800092c   Section        0  usbd_conf.o(i.HAL_PCDEx_SetConnectionState)
    i.HAL_PCD_DataInStageCallback            0x0800092e   Section        0  usbd_conf.o(i.HAL_PCD_DataInStageCallback)
    i.HAL_PCD_DataOutStageCallback           0x08000940   Section        0  usbd_conf.o(i.HAL_PCD_DataOutStageCallback)
    i.HAL_PCD_EP_Close                       0x08000954   Section        0  stm32f3xx_hal_pcd.o(i.HAL_PCD_EP_Close)
    i.HAL_PCD_EP_ClrStall                    0x08000ad6   Section        0  stm32f3xx_hal_pcd.o(i.HAL_PCD_EP_ClrStall)
    i.HAL_PCD_EP_Open                        0x08000b86   Section        0  stm32f3xx_hal_pcd.o(i.HAL_PCD_EP_Open)
    i.HAL_PCD_EP_Receive                     0x08000e80   Section        0  stm32f3xx_hal_pcd.o(i.HAL_PCD_EP_Receive)
    i.HAL_PCD_EP_SetStall                    0x08000f26   Section        0  stm32f3xx_hal_pcd.o(i.HAL_PCD_EP_SetStall)
    i.HAL_PCD_EP_Transmit                    0x08000fb0   Section        0  stm32f3xx_hal_pcd.o(i.HAL_PCD_EP_Transmit)
    i.HAL_PCD_IRQHandler                     0x08001080   Section        0  stm32f3xx_hal_pcd.o(i.HAL_PCD_IRQHandler)
    i.HAL_PCD_Init                           0x08001170   Section        0  stm32f3xx_hal_pcd.o(i.HAL_PCD_Init)
    i.HAL_PCD_MspInit                        0x08001218   Section        0  usbd_conf.o(i.HAL_PCD_MspInit)
    i.HAL_PCD_ResetCallback                  0x0800128c   Section        0  usbd_conf.o(i.HAL_PCD_ResetCallback)
    i.HAL_PCD_ResumeCallback                 0x080012b2   Section        0  usbd_conf.o(i.HAL_PCD_ResumeCallback)
    i.HAL_PCD_SOFCallback                    0x080012ba   Section        0  usbd_conf.o(i.HAL_PCD_SOFCallback)
    i.HAL_PCD_SetAddress                     0x080012c2   Section        0  stm32f3xx_hal_pcd.o(i.HAL_PCD_SetAddress)
    i.HAL_PCD_SetupStageCallback             0x080012ee   Section        0  usbd_conf.o(i.HAL_PCD_SetupStageCallback)
    i.HAL_PCD_Start                          0x080012fc   Section        0  stm32f3xx_hal_pcd.o(i.HAL_PCD_Start)
    i.HAL_PCD_SuspendCallback                0x08001308   Section        0  usbd_conf.o(i.HAL_PCD_SuspendCallback)
    i.HAL_RCCEx_PeriphCLKConfig              0x0800132c   Section        0  stm32f3xx_hal_rcc_ex.o(i.HAL_RCCEx_PeriphCLKConfig)
    i.HAL_RCC_ClockConfig                    0x08001544   Section        0  stm32f3xx_hal_rcc.o(i.HAL_RCC_ClockConfig)
    i.HAL_RCC_GetSysClockFreq                0x08001688   Section        0  stm32f3xx_hal_rcc.o(i.HAL_RCC_GetSysClockFreq)
    i.HAL_RCC_OscConfig                      0x080016ec   Section        0  stm32f3xx_hal_rcc.o(i.HAL_RCC_OscConfig)
    i.HAL_SYSTICK_Config                     0x08001c7c   Section        0  stm32f3xx_hal_cortex.o(i.HAL_SYSTICK_Config)
    i.HAL_TIMEx_Break2Callback               0x08001ca4   Section        0  stm32f3xx_hal_tim_ex.o(i.HAL_TIMEx_Break2Callback)
    i.HAL_TIMEx_BreakCallback                0x08001ca6   Section        0  stm32f3xx_hal_tim_ex.o(i.HAL_TIMEx_BreakCallback)
    i.HAL_TIMEx_CommutationCallback          0x08001ca8   Section        0  stm32f3xx_hal_tim_ex.o(i.HAL_TIMEx_CommutationCallback)
    i.HAL_TIMEx_MasterConfigSynchronization  0x08001cac   Section        0  stm32f3xx_hal_tim_ex.o(i.HAL_TIMEx_MasterConfigSynchronization)
    i.HAL_TIM_Base_Init                      0x08001d04   Section        0  stm32f3xx_hal_tim.o(i.HAL_TIM_Base_Init)
    i.HAL_TIM_Base_MspInit                   0x08001d3c   Section        0  stm32f3xx_hal_msp.o(i.HAL_TIM_Base_MspInit)
    i.HAL_TIM_Base_Start_IT                  0x08001d74   Section        0  stm32f3xx_hal_tim.o(i.HAL_TIM_Base_Start_IT)
    i.HAL_TIM_Base_Stop_IT                   0x08001d8c   Section        0  stm32f3xx_hal_tim.o(i.HAL_TIM_Base_Stop_IT)
    i.HAL_TIM_ConfigClockSource              0x08001db8   Section        0  stm32f3xx_hal_tim.o(i.HAL_TIM_ConfigClockSource)
    i.HAL_TIM_IC_CaptureCallback             0x08001eb4   Section        0  stm32f3xx_hal_tim.o(i.HAL_TIM_IC_CaptureCallback)
    i.HAL_TIM_IRQHandler                     0x08001eb6   Section        0  stm32f3xx_hal_tim.o(i.HAL_TIM_IRQHandler)
    i.HAL_TIM_OC_DelayElapsedCallback        0x0800203a   Section        0  stm32f3xx_hal_tim.o(i.HAL_TIM_OC_DelayElapsedCallback)
    i.HAL_TIM_PWM_PulseFinishedCallback      0x0800203c   Section        0  stm32f3xx_hal_tim.o(i.HAL_TIM_PWM_PulseFinishedCallback)
    i.HAL_TIM_PeriodElapsedCallback          0x0800203e   Section        0  stm32f3xx_hal_tim.o(i.HAL_TIM_PeriodElapsedCallback)
    i.HAL_TIM_TriggerCallback                0x08002040   Section        0  stm32f3xx_hal_tim.o(i.HAL_TIM_TriggerCallback)
    i.HardFault_Handler                      0x08002042   Section        0  stm32f3xx_it.o(i.HardFault_Handler)
    i.IntToUnicode                           0x08002044   Section        0  usbd_desc.o(i.IntToUnicode)
    IntToUnicode                             0x08002045   Thumb Code    56  usbd_desc.o(i.IntToUnicode)
    i.MX_GPIO_Init                           0x0800207c   Section        0  main.o(i.MX_GPIO_Init)
    MX_GPIO_Init                             0x0800207d   Thumb Code   136  main.o(i.MX_GPIO_Init)
    i.MX_TIM2_Init                           0x0800210c   Section        0  main.o(i.MX_TIM2_Init)
    MX_TIM2_Init                             0x0800210d   Thumb Code    84  main.o(i.MX_TIM2_Init)
    i.MX_USB_DEVICE_Init                     0x08002164   Section        0  usb_device.o(i.MX_USB_DEVICE_Init)
    i.MemManage_Handler                      0x080021b8   Section        0  stm32f3xx_it.o(i.MemManage_Handler)
    i.NMI_Handler                            0x080021ba   Section        0  stm32f3xx_it.o(i.NMI_Handler)
    i.NVIC_SetPriority                       0x080021bc   Section        0  stm32f3xx_hal_cortex.o(i.NVIC_SetPriority)
    NVIC_SetPriority                         0x080021bd   Thumb Code    32  stm32f3xx_hal_cortex.o(i.NVIC_SetPriority)
    i.PCD_EP_ISR_Handler                     0x080021dc   Section        0  stm32f3xx_hal_pcd.o(i.PCD_EP_ISR_Handler)
    PCD_EP_ISR_Handler                       0x080021dd   Thumb Code   874  stm32f3xx_hal_pcd.o(i.PCD_EP_ISR_Handler)
    i.PCD_ReadPMA                            0x08002548   Section        0  stm32f3xx_hal_pcd_ex.o(i.PCD_ReadPMA)
    i.PCD_WritePMA                           0x08002574   Section        0  stm32f3xx_hal_pcd_ex.o(i.PCD_WritePMA)
    i.PendSV_Handler                         0x0800259a   Section        0  stm32f3xx_it.o(i.PendSV_Handler)
    i.SVC_Handler                            0x0800259c   Section        0  stm32f3xx_it.o(i.SVC_Handler)
    i.Send_FlashErasedStatus_To_USBHost      0x080025a0   Section        0  bootloader.o(i.Send_FlashErasedStatus_To_USBHost)
    i.Send_ReadyMessage_To_USBHost           0x080025d0   Section        0  bootloader.o(i.Send_ReadyMessage_To_USBHost)
    i.Send_RequestNewSubPage_To_USBHost      0x080025f8   Section        0  bootloader.o(i.Send_RequestNewSubPage_To_USBHost)
    i.SysTick_Handler                        0x08002620   Section        0  stm32f3xx_it.o(i.SysTick_Handler)
    i.SystemClock_Config                     0x08002624   Section        0  main.o(i.SystemClock_Config)
    i.SystemInit                             0x08002688   Section        0  system_stm32f3xx.o(i.SystemInit)
    i.TIM2_IRQHandler                        0x080026f0   Section        0  stm32f3xx_it.o(i.TIM2_IRQHandler)
    i.TIM_Base_SetConfig                     0x08002744   Section        0  stm32f3xx_hal_tim.o(i.TIM_Base_SetConfig)
    i.TIM_ETR_SetConfig                      0x080027f4   Section        0  stm32f3xx_hal_tim.o(i.TIM_ETR_SetConfig)
    i.TIM_ITRx_SetConfig                     0x08002808   Section        0  stm32f3xx_hal_tim.o(i.TIM_ITRx_SetConfig)
    TIM_ITRx_SetConfig                       0x08002809   Thumb Code    16  stm32f3xx_hal_tim.o(i.TIM_ITRx_SetConfig)
    i.TIM_TI1_ConfigInputStage               0x08002818   Section        0  stm32f3xx_hal_tim.o(i.TIM_TI1_ConfigInputStage)
    TIM_TI1_ConfigInputStage                 0x08002819   Thumb Code    34  stm32f3xx_hal_tim.o(i.TIM_TI1_ConfigInputStage)
    i.TIM_TI2_ConfigInputStage               0x0800283a   Section        0  stm32f3xx_hal_tim.o(i.TIM_TI2_ConfigInputStage)
    TIM_TI2_ConfigInputStage                 0x0800283b   Thumb Code    36  stm32f3xx_hal_tim.o(i.TIM_TI2_ConfigInputStage)
    i.USBD_CUSTOM_HID_DataIn                 0x0800285e   Section        0  usbd_customhid.o(i.USBD_CUSTOM_HID_DataIn)
    USBD_CUSTOM_HID_DataIn                   0x0800285f   Thumb Code    14  usbd_customhid.o(i.USBD_CUSTOM_HID_DataIn)
    i.USBD_CUSTOM_HID_DataOut                0x0800286c   Section        0  usbd_customhid.o(i.USBD_CUSTOM_HID_DataOut)
    USBD_CUSTOM_HID_DataOut                  0x0800286d   Thumb Code    38  usbd_customhid.o(i.USBD_CUSTOM_HID_DataOut)
    i.USBD_CUSTOM_HID_DeInit                 0x08002892   Section        0  usbd_customhid.o(i.USBD_CUSTOM_HID_DeInit)
    USBD_CUSTOM_HID_DeInit                   0x08002893   Thumb Code    50  usbd_customhid.o(i.USBD_CUSTOM_HID_DeInit)
    i.USBD_CUSTOM_HID_EP0_RxReady            0x080028c4   Section        0  usbd_customhid.o(i.USBD_CUSTOM_HID_EP0_RxReady)
    USBD_CUSTOM_HID_EP0_RxReady              0x080028c5   Thumb Code    38  usbd_customhid.o(i.USBD_CUSTOM_HID_EP0_RxReady)
    i.USBD_CUSTOM_HID_GetCfgDesc             0x080028ec   Section        0  usbd_customhid.o(i.USBD_CUSTOM_HID_GetCfgDesc)
    USBD_CUSTOM_HID_GetCfgDesc               0x080028ed   Thumb Code     8  usbd_customhid.o(i.USBD_CUSTOM_HID_GetCfgDesc)
    i.USBD_CUSTOM_HID_GetDeviceQualifierDesc 0x080028f8   Section        0  usbd_customhid.o(i.USBD_CUSTOM_HID_GetDeviceQualifierDesc)
    USBD_CUSTOM_HID_GetDeviceQualifierDesc   0x080028f9   Thumb Code     8  usbd_customhid.o(i.USBD_CUSTOM_HID_GetDeviceQualifierDesc)
    i.USBD_CUSTOM_HID_Init                   0x08002904   Section        0  usbd_customhid.o(i.USBD_CUSTOM_HID_Init)
    USBD_CUSTOM_HID_Init                     0x08002905   Thumb Code    80  usbd_customhid.o(i.USBD_CUSTOM_HID_Init)
    i.USBD_CUSTOM_HID_RegisterInterface      0x08002954   Section        0  usbd_customhid.o(i.USBD_CUSTOM_HID_RegisterInterface)
    i.USBD_CUSTOM_HID_SendReport             0x08002964   Section        0  usbd_customhid.o(i.USBD_CUSTOM_HID_SendReport)
    i.USBD_CUSTOM_HID_Setup                  0x0800298c   Section        0  usbd_customhid.o(i.USBD_CUSTOM_HID_Setup)
    USBD_CUSTOM_HID_Setup                    0x0800298d   Thumb Code   188  usbd_customhid.o(i.USBD_CUSTOM_HID_Setup)
    i.USBD_ClrClassConfig                    0x08002a4c   Section        0  usbd_core.o(i.USBD_ClrClassConfig)
    i.USBD_CtlContinueRx                     0x08002a5a   Section        0  usbd_ioreq.o(i.USBD_CtlContinueRx)
    i.USBD_CtlContinueSendData               0x08002a6a   Section        0  usbd_ioreq.o(i.USBD_CtlContinueSendData)
    i.USBD_CtlError                          0x08002a7a   Section        0  usbd_ctlreq.o(i.USBD_CtlError)
    i.USBD_CtlPrepareRx                      0x08002a90   Section        0  usbd_ioreq.o(i.USBD_CtlPrepareRx)
    i.USBD_CtlReceiveStatus                  0x08002aae   Section        0  usbd_ioreq.o(i.USBD_CtlReceiveStatus)
    i.USBD_CtlSendData                       0x08002ac4   Section        0  usbd_ioreq.o(i.USBD_CtlSendData)
    i.USBD_CtlSendStatus                     0x08002ade   Section        0  usbd_ioreq.o(i.USBD_CtlSendStatus)
    i.USBD_FS_ConfigStrDescriptor            0x08002af4   Section        0  usbd_desc.o(i.USBD_FS_ConfigStrDescriptor)
    i.USBD_FS_DeviceDescriptor               0x08002b2c   Section        0  usbd_desc.o(i.USBD_FS_DeviceDescriptor)
    i.USBD_FS_InterfaceStrDescriptor         0x08002b38   Section        0  usbd_desc.o(i.USBD_FS_InterfaceStrDescriptor)
    i.USBD_FS_LangIDStrDescriptor            0x08002b6c   Section        0  usbd_desc.o(i.USBD_FS_LangIDStrDescriptor)
    i.USBD_FS_ManufacturerStrDescriptor      0x08002b78   Section        0  usbd_desc.o(i.USBD_FS_ManufacturerStrDescriptor)
    i.USBD_FS_ProductStrDescriptor           0x08002b94   Section        0  usbd_desc.o(i.USBD_FS_ProductStrDescriptor)
    i.USBD_FS_SerialStrDescriptor            0x08002bc0   Section        0  usbd_desc.o(i.USBD_FS_SerialStrDescriptor)
    i.USBD_GetDescriptor                     0x08002bf8   Section        0  usbd_ctlreq.o(i.USBD_GetDescriptor)
    USBD_GetDescriptor                       0x08002bf9   Thumb Code   224  usbd_ctlreq.o(i.USBD_GetDescriptor)
    i.USBD_GetString                         0x08002cd8   Section        0  usbd_ctlreq.o(i.USBD_GetString)
    i.USBD_Get_USB_Status                    0x08002d1e   Section        0  usbd_conf.o(i.USBD_Get_USB_Status)
    USBD_Get_USB_Status                      0x08002d1f   Thumb Code    24  usbd_conf.o(i.USBD_Get_USB_Status)
    i.USBD_Init                              0x08002d36   Section        0  usbd_core.o(i.USBD_Init)
    i.USBD_LL_ClearStallEP                   0x08002d60   Section        0  usbd_conf.o(i.USBD_LL_ClearStallEP)
    i.USBD_LL_CloseEP                        0x08002d72   Section        0  usbd_conf.o(i.USBD_LL_CloseEP)
    i.USBD_LL_DataInStage                    0x08002d84   Section        0  usbd_core.o(i.USBD_LL_DataInStage)
    i.USBD_LL_DataOutStage                   0x08002e2e   Section        0  usbd_core.o(i.USBD_LL_DataOutStage)
    i.USBD_LL_Init                           0x08002e98   Section        0  usbd_conf.o(i.USBD_LL_Init)
    i.USBD_LL_IsStallEP                      0x08002f08   Section        0  usbd_conf.o(i.USBD_LL_IsStallEP)
    i.USBD_LL_OpenEP                         0x08002f28   Section        0  usbd_conf.o(i.USBD_LL_OpenEP)
    i.USBD_LL_PrepareReceive                 0x08002f40   Section        0  usbd_conf.o(i.USBD_LL_PrepareReceive)
    i.USBD_LL_Reset                          0x08002f52   Section        0  usbd_core.o(i.USBD_LL_Reset)
    i.USBD_LL_Resume                         0x08002f90   Section        0  usbd_core.o(i.USBD_LL_Resume)
    i.USBD_LL_SOF                            0x08002f9c   Section        0  usbd_core.o(i.USBD_LL_SOF)
    i.USBD_LL_SetSpeed                       0x08002fb4   Section        0  usbd_core.o(i.USBD_LL_SetSpeed)
    i.USBD_LL_SetUSBAddress                  0x08002fba   Section        0  usbd_conf.o(i.USBD_LL_SetUSBAddress)
    i.USBD_LL_SetupStage                     0x08002fcc   Section        0  usbd_core.o(i.USBD_LL_SetupStage)
    i.USBD_LL_StallEP                        0x08003026   Section        0  usbd_conf.o(i.USBD_LL_StallEP)
    i.USBD_LL_Start                          0x08003038   Section        0  usbd_conf.o(i.USBD_LL_Start)
    i.USBD_LL_Suspend                        0x0800304a   Section        0  usbd_core.o(i.USBD_LL_Suspend)
    i.USBD_LL_Transmit                       0x0800305c   Section        0  usbd_conf.o(i.USBD_LL_Transmit)
    i.USBD_ParseSetupRequest                 0x0800306e   Section        0  usbd_ctlreq.o(i.USBD_ParseSetupRequest)
    i.USBD_RegisterClass                     0x08003096   Section        0  usbd_core.o(i.USBD_RegisterClass)
    i.USBD_SetClassConfig                    0x080030a6   Section        0  usbd_core.o(i.USBD_SetClassConfig)
    i.USBD_SetConfig                         0x080030bc   Section        0  usbd_ctlreq.o(i.USBD_SetConfig)
    USBD_SetConfig                           0x080030bd   Thumb Code   110  usbd_ctlreq.o(i.USBD_SetConfig)
    i.USBD_Start                             0x08003130   Section        0  usbd_core.o(i.USBD_Start)
    i.USBD_StdDevReq                         0x0800313a   Section        0  usbd_ctlreq.o(i.USBD_StdDevReq)
    i.USBD_StdEPReq                          0x0800322c   Section        0  usbd_ctlreq.o(i.USBD_StdEPReq)
    i.USBD_StdItfReq                         0x08003308   Section        0  usbd_ctlreq.o(i.USBD_StdItfReq)
    i.USBD_static_free                       0x0800333c   Section        0  usbd_conf.o(i.USBD_static_free)
    i.USBD_static_malloc                     0x08003340   Section        0  usbd_conf.o(i.USBD_static_malloc)
    i.USB_LP_CAN_RX0_IRQHandler              0x08003348   Section        0  stm32f3xx_it.o(i.USB_LP_CAN_RX0_IRQHandler)
    i.UsageFault_Handler                     0x08003354   Section        0  stm32f3xx_it.o(i.UsageFault_Handler)
    i.__scatterload_copy                     0x08003356   Section       14  handlers.o(i.__scatterload_copy)
    i.__scatterload_null                     0x08003364   Section        2  handlers.o(i.__scatterload_null)
    i.__scatterload_zeroinit                 0x08003366   Section       14  handlers.o(i.__scatterload_zeroinit)
    i.main                                   0x08003374   Section        0  main.o(i.main)
    .constdata                               0x080034a4   Section       32  stm32f3xx_hal_rcc.o(.constdata)
    .constdata                               0x080034c4   Section       16  system_stm32f3xx.o(.constdata)
    .data                                    0x20000000   Section       16  main.o(.data)
    .data                                    0x20000010   Section       28  usbd_desc.o(.data)
    .data                                    0x2000002c   Section       50  usbd_desc.o(.data)
    .data                                    0x20000060   Section      123  usbd_custom_hid_if.o(.data)
    CUSTOM_HID_ReportDesc_FS                 0x20000060   Data         123  usbd_custom_hid_if.o(.data)
    .data                                    0x200000dc   Section       16  usbd_custom_hid_if.o(.data)
    .data                                    0x200000ec   Section        2  stm32f3xx_it.o(.data)
    .data                                    0x200000f0   Section       12  bootloader.o(.data)
    .data                                    0x200000fc   Section       12  stm32f3xx_hal.o(.data)
    .data                                    0x20000108   Section        4  system_stm32f3xx.o(.data)
    .data                                    0x2000010c   Section        1  usbd_ctlreq.o(.data)
    cfgidx                                   0x2000010c   Data           1  usbd_ctlreq.o(.data)
    .data                                    0x20000110   Section       56  usbd_customhid.o(.data)
    .data                                    0x20000148   Section       66  usbd_customhid.o(.data)
    USBD_CUSTOM_HID_CfgDesc                  0x20000148   Data          41  usbd_customhid.o(.data)
    USBD_CUSTOM_HID_Desc                     0x20000174   Data           9  usbd_customhid.o(.data)
    USBD_CUSTOM_HID_DeviceQualifierDesc      0x20000180   Data          10  usbd_customhid.o(.data)
    .bss                                     0x2000018c   Section      620  main.o(.bss)
    EraseInitStruct                          0x2000018c   Data          12  main.o(.bss)
    .bss                                     0x200003f8   Section       64  main.o(.bss)
    .bss                                     0x20000438   Section       64  main.o(.bss)
    .bss                                     0x20000478   Section      548  usb_device.o(.bss)
    .bss                                     0x2000069c   Section     1476  usbd_conf.o(.bss)
    mem                                      0x2000069c   Data         540  usbd_conf.o(.bss)
    .bss                                     0x20000c60   Section      512  usbd_desc.o(.bss)
    .bss                                     0x20000e60   Section       32  stm32f3xx_hal_flash.o(.bss)
    STACK                                    0x20000e80   Section     1024  startup_stm32f303xc.o(STACK)

    Global Symbols

    Symbol Name                              Value     Ov Type        Size  Object(Section)

    BuildAttributes$$THM_ISAv4$E$P$D$K$B$S$7EM$VFPi3$EXTD16$VFPS$VFMA$PE$A:L22UL41UL21$X:L11$S22US41US21$IEEE1$IW$USESV6$~STKCKD$USESV7$~SHL$OSPACE$EBA8$MICROLIB$REQ8$PRES8$EABIv2 0x00000000   Number         0  anon$$obj.o ABSOLUTE
    __ARM_use_no_argv                        0x00000000   Number         0  main.o ABSOLUTE
    __cpp_initialize__aeabi_                  - Undefined Weak Reference
    __cxa_finalize                            - Undefined Weak Reference
    _clock_init                               - Undefined Weak Reference
    _microlib_exit                            - Undefined Weak Reference
    __Vectors_Size                           0x00000188   Number         0  startup_stm32f303xc.o ABSOLUTE
    __Vectors                                0x08000000   Data           4  startup_stm32f303xc.o(RESET)
    __Vectors_End                            0x08000188   Data           0  startup_stm32f303xc.o(RESET)
    __main                                   0x08000189   Thumb Code     0  entry.o(.ARM.Collect$$$$00000000)
    _main_stk                                0x08000189   Thumb Code     0  entry2.o(.ARM.Collect$$$$00000001)
    _main_scatterload                        0x0800018d   Thumb Code     0  entry5.o(.ARM.Collect$$$$00000004)
    __main_after_scatterload                 0x08000191   Thumb Code     0  entry5.o(.ARM.Collect$$$$00000004)
    _main_clock                              0x08000191   Thumb Code     0  entry7b.o(.ARM.Collect$$$$00000008)
    _main_cpp_init                           0x08000191   Thumb Code     0  entry8b.o(.ARM.Collect$$$$0000000A)
    _main_init                               0x08000191   Thumb Code     0  entry9a.o(.ARM.Collect$$$$0000000B)
    __rt_final_cpp                           0x08000199   Thumb Code     0  entry10a.o(.ARM.Collect$$$$0000000D)
    __rt_final_exit                          0x08000199   Thumb Code     0  entry11a.o(.ARM.Collect$$$$0000000F)
    Reset_Handler                            0x0800019d   Thumb Code     8  startup_stm32f303xc.o(.text)
    ADC1_2_IRQHandler                        0x080001b7   Thumb Code     0  startup_stm32f303xc.o(.text)
    ADC3_IRQHandler                          0x080001b7   Thumb Code     0  startup_stm32f303xc.o(.text)
    ADC4_IRQHandler                          0x080001b7   Thumb Code     0  startup_stm32f303xc.o(.text)
    CAN_RX1_IRQHandler                       0x080001b7   Thumb Code     0  startup_stm32f303xc.o(.text)
    CAN_SCE_IRQHandler                       0x080001b7   Thumb Code     0  startup_stm32f303xc.o(.text)
    COMP1_2_3_IRQHandler                     0x080001b7   Thumb Code     0  startup_stm32f303xc.o(.text)
    COMP4_5_6_IRQHandler                     0x080001b7   Thumb Code     0  startup_stm32f303xc.o(.text)
    COMP7_IRQHandler                         0x080001b7   Thumb Code     0  startup_stm32f303xc.o(.text)
    DMA1_Channel1_IRQHandler                 0x080001b7   Thumb Code     0  startup_stm32f303xc.o(.text)
    DMA1_Channel2_IRQHandler                 0x080001b7   Thumb Code     0  startup_stm32f303xc.o(.text)
    DMA1_Channel3_IRQHandler                 0x080001b7   Thumb Code     0  startup_stm32f303xc.o(.text)
    DMA1_Channel4_IRQHandler                 0x080001b7   Thumb Code     0  startup_stm32f303xc.o(.text)
    DMA1_Channel5_IRQHandler                 0x080001b7   Thumb Code     0  startup_stm32f303xc.o(.text)
    DMA1_Channel6_IRQHandler                 0x080001b7   Thumb Code     0  startup_stm32f303xc.o(.text)
    DMA1_Channel7_IRQHandler                 0x080001b7   Thumb Code     0  startup_stm32f303xc.o(.text)
    DMA2_Channel1_IRQHandler                 0x080001b7   Thumb Code     0  startup_stm32f303xc.o(.text)
    DMA2_Channel2_IRQHandler                 0x080001b7   Thumb Code     0  startup_stm32f303xc.o(.text)
    DMA2_Channel3_IRQHandler                 0x080001b7   Thumb Code     0  startup_stm32f303xc.o(.text)
    DMA2_Channel4_IRQHandler                 0x080001b7   Thumb Code     0  startup_stm32f303xc.o(.text)
    DMA2_Channel5_IRQHandler                 0x080001b7   Thumb Code     0  startup_stm32f303xc.o(.text)
    EXTI0_IRQHandler                         0x080001b7   Thumb Code     0  startup_stm32f303xc.o(.text)
    EXTI15_10_IRQHandler                     0x080001b7   Thumb Code     0  startup_stm32f303xc.o(.text)
    EXTI1_IRQHandler                         0x080001b7   Thumb Code     0  startup_stm32f303xc.o(.text)
    EXTI2_TSC_IRQHandler                     0x080001b7   Thumb Code     0  startup_stm32f303xc.o(.text)
    EXTI3_IRQHandler                         0x080001b7   Thumb Code     0  startup_stm32f303xc.o(.text)
    EXTI4_IRQHandler                         0x080001b7   Thumb Code     0  startup_stm32f303xc.o(.text)
    EXTI9_5_IRQHandler                       0x080001b7   Thumb Code     0  startup_stm32f303xc.o(.text)
    FLASH_IRQHandler                         0x080001b7   Thumb Code     0  startup_stm32f303xc.o(.text)
    FPU_IRQHandler                           0x080001b7   Thumb Code     0  startup_stm32f303xc.o(.text)
    I2C1_ER_IRQHandler                       0x080001b7   Thumb Code     0  startup_stm32f303xc.o(.text)
    I2C1_EV_IRQHandler                       0x080001b7   Thumb Code     0  startup_stm32f303xc.o(.text)
    I2C2_ER_IRQHandler                       0x080001b7   Thumb Code     0  startup_stm32f303xc.o(.text)
    I2C2_EV_IRQHandler                       0x080001b7   Thumb Code     0  startup_stm32f303xc.o(.text)
    PVD_IRQHandler                           0x080001b7   Thumb Code     0  startup_stm32f303xc.o(.text)
    RCC_IRQHandler                           0x080001b7   Thumb Code     0  startup_stm32f303xc.o(.text)
    RTC_Alarm_IRQHandler                     0x080001b7   Thumb Code     0  startup_stm32f303xc.o(.text)
    RTC_WKUP_IRQHandler                      0x080001b7   Thumb Code     0  startup_stm32f303xc.o(.text)
    SPI1_IRQHandler                          0x080001b7   Thumb Code     0  startup_stm32f303xc.o(.text)
    SPI2_IRQHandler                          0x080001b7   Thumb Code     0  startup_stm32f303xc.o(.text)
    SPI3_IRQHandler                          0x080001b7   Thumb Code     0  startup_stm32f303xc.o(.text)
    TAMP_STAMP_IRQHandler                    0x080001b7   Thumb Code     0  startup_stm32f303xc.o(.text)
    TIM1_BRK_TIM15_IRQHandler                0x080001b7   Thumb Code     0  startup_stm32f303xc.o(.text)
    TIM1_CC_IRQHandler                       0x080001b7   Thumb Code     0  startup_stm32f303xc.o(.text)
    TIM1_TRG_COM_TIM17_IRQHandler            0x080001b7   Thumb Code     0  startup_stm32f303xc.o(.text)
    TIM1_UP_TIM16_IRQHandler                 0x080001b7   Thumb Code     0  startup_stm32f303xc.o(.text)
    TIM3_IRQHandler                          0x080001b7   Thumb Code     0  startup_stm32f303xc.o(.text)
    TIM4_IRQHandler                          0x080001b7   Thumb Code     0  startup_stm32f303xc.o(.text)
    TIM6_DAC_IRQHandler                      0x080001b7   Thumb Code     0  startup_stm32f303xc.o(.text)
    TIM7_IRQHandler                          0x080001b7   Thumb Code     0  startup_stm32f303xc.o(.text)
    TIM8_BRK_IRQHandler                      0x080001b7   Thumb Code     0  startup_stm32f303xc.o(.text)
    TIM8_CC_IRQHandler                       0x080001b7   Thumb Code     0  startup_stm32f303xc.o(.text)
    TIM8_TRG_COM_IRQHandler                  0x080001b7   Thumb Code     0  startup_stm32f303xc.o(.text)
    TIM8_UP_IRQHandler                       0x080001b7   Thumb Code     0  startup_stm32f303xc.o(.text)
    UART4_IRQHandler                         0x080001b7   Thumb Code     0  startup_stm32f303xc.o(.text)
    UART5_IRQHandler                         0x080001b7   Thumb Code     0  startup_stm32f303xc.o(.text)
    USART1_IRQHandler                        0x080001b7   Thumb Code     0  startup_stm32f303xc.o(.text)
    USART2_IRQHandler                        0x080001b7   Thumb Code     0  startup_stm32f303xc.o(.text)
    USART3_IRQHandler                        0x080001b7   Thumb Code     0  startup_stm32f303xc.o(.text)
    USBWakeUp_IRQHandler                     0x080001b7   Thumb Code     0  startup_stm32f303xc.o(.text)
    USBWakeUp_RMP_IRQHandler                 0x080001b7   Thumb Code     0  startup_stm32f303xc.o(.text)
    USB_HP_CAN_TX_IRQHandler                 0x080001b7   Thumb Code     0  startup_stm32f303xc.o(.text)
    USB_HP_IRQHandler                        0x080001b7   Thumb Code     0  startup_stm32f303xc.o(.text)
    USB_LP_IRQHandler                        0x080001b7   Thumb Code     0  startup_stm32f303xc.o(.text)
    WWDG_IRQHandler                          0x080001b7   Thumb Code     0  startup_stm32f303xc.o(.text)
    __aeabi_llsr                             0x080001c1   Thumb Code    32  llushr.o(.text)
    _ll_ushift_r                             0x080001c1   Thumb Code     0  llushr.o(.text)
    __aeabi_memset                           0x080001e1   Thumb Code    14  memseta.o(.text)
    __aeabi_memset4                          0x080001e1   Thumb Code     0  memseta.o(.text)
    __aeabi_memset8                          0x080001e1   Thumb Code     0  memseta.o(.text)
    __aeabi_memclr                           0x080001ef   Thumb Code     4  memseta.o(.text)
    __aeabi_memclr4                          0x080001ef   Thumb Code     0  memseta.o(.text)
    __aeabi_memclr8                          0x080001ef   Thumb Code     0  memseta.o(.text)
    _memset$wrapper                          0x080001f3   Thumb Code    18  memseta.o(.text)
    __scatterload                            0x08000205   Thumb Code    28  init.o(.text)
    __scatterload_rt2                        0x08000205   Thumb Code     0  init.o(.text)
    __decompress                             0x08000229   Thumb Code     0  __dczerorl2.o(.text)
    __decompress1                            0x08000229   Thumb Code    86  __dczerorl2.o(.text)
    Boot_GoToMainProgram                     0x08000281   Thumb Code    16  bootloader.o(i.Boot_GoToMainProgram)
    BusFault_Handler                         0x08000299   Thumb Code     2  stm32f3xx_it.o(i.BusFault_Handler)
    DebugMon_Handler                         0x08000319   Thumb Code     2  stm32f3xx_it.o(i.DebugMon_Handler)
    DetectUSB                                0x0800031b   Thumb Code    18  bootloader.o(i.DetectUSB)
    Error_Handler                            0x0800032d   Thumb Code     2  main.o(i.Error_Handler)
    FLASH_EraseCountPages                    0x08000331   Thumb Code    70  main.o(i.FLASH_EraseCountPages)
    FLASH_PageErase                          0x080003a9   Thumb Code    28  stm32f3xx_hal_flash_ex.o(i.FLASH_PageErase)
    FLASH_WaitForLastOperation               0x0800041d   Thumb Code    74  stm32f3xx_hal_flash.o(i.FLASH_WaitForLastOperation)
    FLASH_WriteNewFirmwarePageData           0x0800046d   Thumb Code    44  bootloader.o(i.FLASH_WriteNewFirmwarePageData)
    HAL_Delay                                0x0800049d   Thumb Code    32  stm32f3xx_hal.o(i.HAL_Delay)
    HAL_FLASHEx_Erase                        0x080004c1   Thumb Code   158  stm32f3xx_hal_flash_ex.o(i.HAL_FLASHEx_Erase)
    HAL_FLASH_Lock                           0x08000569   Thumb Code    14  stm32f3xx_hal_flash.o(i.HAL_FLASH_Lock)
    HAL_FLASH_Program                        0x0800057d   Thumb Code   120  stm32f3xx_hal_flash.o(i.HAL_FLASH_Program)
    HAL_FLASH_Unlock                         0x080005fd   Thumb Code    28  stm32f3xx_hal_flash.o(i.HAL_FLASH_Unlock)
    HAL_GPIO_Init                            0x08000625   Thumb Code   364  stm32f3xx_hal_gpio.o(i.HAL_GPIO_Init)
    HAL_GPIO_ReadPin                         0x080007ad   Thumb Code    10  stm32f3xx_hal_gpio.o(i.HAL_GPIO_ReadPin)
    HAL_GPIO_TogglePin                       0x080007b7   Thumb Code     8  stm32f3xx_hal_gpio.o(i.HAL_GPIO_TogglePin)
    HAL_GPIO_WritePin                        0x080007bf   Thumb Code    10  stm32f3xx_hal_gpio.o(i.HAL_GPIO_WritePin)
    HAL_GetTick                              0x080007c9   Thumb Code     6  stm32f3xx_hal.o(i.HAL_GetTick)
    HAL_IncTick                              0x080007d5   Thumb Code    12  stm32f3xx_hal.o(i.HAL_IncTick)
    HAL_Init                                 0x080007e5   Thumb Code    32  stm32f3xx_hal.o(i.HAL_Init)
    HAL_InitTick                             0x08000809   Thumb Code    54  stm32f3xx_hal.o(i.HAL_InitTick)
    HAL_MspInit                              0x08000849   Thumb Code    38  stm32f3xx_hal_msp.o(i.HAL_MspInit)
    HAL_NVIC_EnableIRQ                       0x08000875   Thumb Code    22  stm32f3xx_hal_cortex.o(i.HAL_NVIC_EnableIRQ)
    HAL_NVIC_SetPriority                     0x0800088d   Thumb Code    60  stm32f3xx_hal_cortex.o(i.HAL_NVIC_SetPriority)
    HAL_NVIC_SetPriorityGrouping             0x080008cd   Thumb Code    26  stm32f3xx_hal_cortex.o(i.HAL_NVIC_SetPriorityGrouping)
    HAL_PCDEx_PMAConfig                      0x080008f1   Thumb Code    60  stm32f3xx_hal_pcd_ex.o(i.HAL_PCDEx_PMAConfig)
    HAL_PCDEx_SetConnectionState             0x0800092d   Thumb Code     2  usbd_conf.o(i.HAL_PCDEx_SetConnectionState)
    HAL_PCD_DataInStageCallback              0x0800092f   Thumb Code    18  usbd_conf.o(i.HAL_PCD_DataInStageCallback)
    HAL_PCD_DataOutStageCallback             0x08000941   Thumb Code    20  usbd_conf.o(i.HAL_PCD_DataOutStageCallback)
    HAL_PCD_EP_Close                         0x08000955   Thumb Code   386  stm32f3xx_hal_pcd.o(i.HAL_PCD_EP_Close)
    HAL_PCD_EP_ClrStall                      0x08000ad7   Thumb Code   176  stm32f3xx_hal_pcd.o(i.HAL_PCD_EP_ClrStall)
    HAL_PCD_EP_Open                          0x08000b87   Thumb Code   762  stm32f3xx_hal_pcd.o(i.HAL_PCD_EP_Open)
    HAL_PCD_EP_Receive                       0x08000e81   Thumb Code   166  stm32f3xx_hal_pcd.o(i.HAL_PCD_EP_Receive)
    HAL_PCD_EP_SetStall                      0x08000f27   Thumb Code   138  stm32f3xx_hal_pcd.o(i.HAL_PCD_EP_SetStall)
    HAL_PCD_EP_Transmit                      0x08000fb1   Thumb Code   208  stm32f3xx_hal_pcd.o(i.HAL_PCD_EP_Transmit)
    HAL_PCD_IRQHandler                       0x08001081   Thumb Code   240  stm32f3xx_hal_pcd.o(i.HAL_PCD_IRQHandler)
    HAL_PCD_Init                             0x08001171   Thumb Code   166  stm32f3xx_hal_pcd.o(i.HAL_PCD_Init)
    HAL_PCD_MspInit                          0x08001219   Thumb Code   108  usbd_conf.o(i.HAL_PCD_MspInit)
    HAL_PCD_ResetCallback                    0x0800128d   Thumb Code    38  usbd_conf.o(i.HAL_PCD_ResetCallback)
    HAL_PCD_ResumeCallback                   0x080012b3   Thumb Code     8  usbd_conf.o(i.HAL_PCD_ResumeCallback)
    HAL_PCD_SOFCallback                      0x080012bb   Thumb Code     8  usbd_conf.o(i.HAL_PCD_SOFCallback)
    HAL_PCD_SetAddress                       0x080012c3   Thumb Code    44  stm32f3xx_hal_pcd.o(i.HAL_PCD_SetAddress)
    HAL_PCD_SetupStageCallback               0x080012ef   Thumb Code    14  usbd_conf.o(i.HAL_PCD_SetupStageCallback)
    HAL_PCD_Start                            0x080012fd   Thumb Code    12  stm32f3xx_hal_pcd.o(i.HAL_PCD_Start)
    HAL_PCD_SuspendCallback                  0x08001309   Thumb Code    30  usbd_conf.o(i.HAL_PCD_SuspendCallback)
    HAL_RCCEx_PeriphCLKConfig                0x0800132d   Thumb Code   522  stm32f3xx_hal_rcc_ex.o(i.HAL_RCCEx_PeriphCLKConfig)
    HAL_RCC_ClockConfig                      0x08001545   Thumb Code   306  stm32f3xx_hal_rcc.o(i.HAL_RCC_ClockConfig)
    HAL_RCC_GetSysClockFreq                  0x08001689   Thumb Code    84  stm32f3xx_hal_rcc.o(i.HAL_RCC_GetSysClockFreq)
    HAL_RCC_OscConfig                        0x080016ed   Thumb Code  1424  stm32f3xx_hal_rcc.o(i.HAL_RCC_OscConfig)
    HAL_SYSTICK_Config                       0x08001c7d   Thumb Code    40  stm32f3xx_hal_cortex.o(i.HAL_SYSTICK_Config)
    HAL_TIMEx_Break2Callback                 0x08001ca5   Thumb Code     2  stm32f3xx_hal_tim_ex.o(i.HAL_TIMEx_Break2Callback)
    HAL_TIMEx_BreakCallback                  0x08001ca7   Thumb Code     2  stm32f3xx_hal_tim_ex.o(i.HAL_TIMEx_BreakCallback)
    HAL_TIMEx_CommutationCallback            0x08001ca9   Thumb Code     2  stm32f3xx_hal_tim_ex.o(i.HAL_TIMEx_CommutationCallback)
    HAL_TIMEx_MasterConfigSynchronization    0x08001cad   Thumb Code    78  stm32f3xx_hal_tim_ex.o(i.HAL_TIMEx_MasterConfigSynchronization)
    HAL_TIM_Base_Init                        0x08001d05   Thumb Code    54  stm32f3xx_hal_tim.o(i.HAL_TIM_Base_Init)
    HAL_TIM_Base_MspInit                     0x08001d3d   Thumb Code    50  stm32f3xx_hal_msp.o(i.HAL_TIM_Base_MspInit)
    HAL_TIM_Base_Start_IT                    0x08001d75   Thumb Code    24  stm32f3xx_hal_tim.o(i.HAL_TIM_Base_Start_IT)
    HAL_TIM_Base_Stop_IT                     0x08001d8d   Thumb Code    42  stm32f3xx_hal_tim.o(i.HAL_TIM_Base_Stop_IT)
    HAL_TIM_ConfigClockSource                0x08001db9   Thumb Code   246  stm32f3xx_hal_tim.o(i.HAL_TIM_ConfigClockSource)
    HAL_TIM_IC_CaptureCallback               0x08001eb5   Thumb Code     2  stm32f3xx_hal_tim.o(i.HAL_TIM_IC_CaptureCallback)
    HAL_TIM_IRQHandler                       0x08001eb7   Thumb Code   388  stm32f3xx_hal_tim.o(i.HAL_TIM_IRQHandler)
    HAL_TIM_OC_DelayElapsedCallback          0x0800203b   Thumb Code     2  stm32f3xx_hal_tim.o(i.HAL_TIM_OC_DelayElapsedCallback)
    HAL_TIM_PWM_PulseFinishedCallback        0x0800203d   Thumb Code     2  stm32f3xx_hal_tim.o(i.HAL_TIM_PWM_PulseFinishedCallback)
    HAL_TIM_PeriodElapsedCallback            0x0800203f   Thumb Code     2  stm32f3xx_hal_tim.o(i.HAL_TIM_PeriodElapsedCallback)
    HAL_TIM_TriggerCallback                  0x08002041   Thumb Code     2  stm32f3xx_hal_tim.o(i.HAL_TIM_TriggerCallback)
    HardFault_Handler                        0x08002043   Thumb Code     2  stm32f3xx_it.o(i.HardFault_Handler)
    MX_USB_DEVICE_Init                       0x08002165   Thumb Code    66  usb_device.o(i.MX_USB_DEVICE_Init)
    MemManage_Handler                        0x080021b9   Thumb Code     2  stm32f3xx_it.o(i.MemManage_Handler)
    NMI_Handler                              0x080021bb   Thumb Code     2  stm32f3xx_it.o(i.NMI_Handler)
    PCD_ReadPMA                              0x08002549   Thumb Code    44  stm32f3xx_hal_pcd_ex.o(i.PCD_ReadPMA)
    PCD_WritePMA                             0x08002575   Thumb Code    38  stm32f3xx_hal_pcd_ex.o(i.PCD_WritePMA)
    PendSV_Handler                           0x0800259b   Thumb Code     2  stm32f3xx_it.o(i.PendSV_Handler)
    SVC_Handler                              0x0800259d   Thumb Code     2  stm32f3xx_it.o(i.SVC_Handler)
    Send_FlashErasedStatus_To_USBHost        0x080025a1   Thumb Code    38  bootloader.o(i.Send_FlashErasedStatus_To_USBHost)
    Send_ReadyMessage_To_USBHost             0x080025d1   Thumb Code    32  bootloader.o(i.Send_ReadyMessage_To_USBHost)
    Send_RequestNewSubPage_To_USBHost        0x080025f9   Thumb Code    32  bootloader.o(i.Send_RequestNewSubPage_To_USBHost)
    SysTick_Handler                          0x08002621   Thumb Code     4  stm32f3xx_it.o(i.SysTick_Handler)
    SystemClock_Config                       0x08002625   Thumb Code    98  main.o(i.SystemClock_Config)
    SystemInit                               0x08002689   Thumb Code    82  system_stm32f3xx.o(i.SystemInit)
    TIM2_IRQHandler                          0x080026f1   Thumb Code    66  stm32f3xx_it.o(i.TIM2_IRQHandler)
    TIM_Base_SetConfig                       0x08002745   Thumb Code   146  stm32f3xx_hal_tim.o(i.TIM_Base_SetConfig)
    TIM_ETR_SetConfig                        0x080027f5   Thumb Code    20  stm32f3xx_hal_tim.o(i.TIM_ETR_SetConfig)
    USBD_CUSTOM_HID_RegisterInterface        0x08002955   Thumb Code    16  usbd_customhid.o(i.USBD_CUSTOM_HID_RegisterInterface)
    USBD_CUSTOM_HID_SendReport               0x08002965   Thumb Code    40  usbd_customhid.o(i.USBD_CUSTOM_HID_SendReport)
    USBD_ClrClassConfig                      0x08002a4d   Thumb Code    14  usbd_core.o(i.USBD_ClrClassConfig)
    USBD_CtlContinueRx                       0x08002a5b   Thumb Code    16  usbd_ioreq.o(i.USBD_CtlContinueRx)
    USBD_CtlContinueSendData                 0x08002a6b   Thumb Code    16  usbd_ioreq.o(i.USBD_CtlContinueSendData)
    USBD_CtlError                            0x08002a7b   Thumb Code    22  usbd_ctlreq.o(i.USBD_CtlError)
    USBD_CtlPrepareRx                        0x08002a91   Thumb Code    30  usbd_ioreq.o(i.USBD_CtlPrepareRx)
    USBD_CtlReceiveStatus                    0x08002aaf   Thumb Code    22  usbd_ioreq.o(i.USBD_CtlReceiveStatus)
    USBD_CtlSendData                         0x08002ac5   Thumb Code    26  usbd_ioreq.o(i.USBD_CtlSendData)
    USBD_CtlSendStatus                       0x08002adf   Thumb Code    22  usbd_ioreq.o(i.USBD_CtlSendStatus)
    USBD_FS_ConfigStrDescriptor              0x08002af5   Thumb Code    16  usbd_desc.o(i.USBD_FS_ConfigStrDescriptor)
    USBD_FS_DeviceDescriptor                 0x08002b2d   Thumb Code     8  usbd_desc.o(i.USBD_FS_DeviceDescriptor)
    USBD_FS_InterfaceStrDescriptor           0x08002b39   Thumb Code    16  usbd_desc.o(i.USBD_FS_InterfaceStrDescriptor)
    USBD_FS_LangIDStrDescriptor              0x08002b6d   Thumb Code     8  usbd_desc.o(i.USBD_FS_LangIDStrDescriptor)
    USBD_FS_ManufacturerStrDescriptor        0x08002b79   Thumb Code    16  usbd_desc.o(i.USBD_FS_ManufacturerStrDescriptor)
    USBD_FS_ProductStrDescriptor             0x08002b95   Thumb Code    16  usbd_desc.o(i.USBD_FS_ProductStrDescriptor)
    USBD_FS_SerialStrDescriptor              0x08002bc1   Thumb Code    48  usbd_desc.o(i.USBD_FS_SerialStrDescriptor)
    USBD_GetString                           0x08002cd9   Thumb Code    70  usbd_ctlreq.o(i.USBD_GetString)
    USBD_Init                                0x08002d37   Thumb Code    42  usbd_core.o(i.USBD_Init)
    USBD_LL_ClearStallEP                     0x08002d61   Thumb Code    18  usbd_conf.o(i.USBD_LL_ClearStallEP)
    USBD_LL_CloseEP                          0x08002d73   Thumb Code    18  usbd_conf.o(i.USBD_LL_CloseEP)
    USBD_LL_DataInStage                      0x08002d85   Thumb Code   170  usbd_core.o(i.USBD_LL_DataInStage)
    USBD_LL_DataOutStage                     0x08002e2f   Thumb Code   106  usbd_core.o(i.USBD_LL_DataOutStage)
    USBD_LL_Init                             0x08002e99   Thumb Code   104  usbd_conf.o(i.USBD_LL_Init)
    USBD_LL_IsStallEP                        0x08002f09   Thumb Code    32  usbd_conf.o(i.USBD_LL_IsStallEP)
    USBD_LL_OpenEP                           0x08002f29   Thumb Code    24  usbd_conf.o(i.USBD_LL_OpenEP)
    USBD_LL_PrepareReceive                   0x08002f41   Thumb Code    18  usbd_conf.o(i.USBD_LL_PrepareReceive)
    USBD_LL_Reset                            0x08002f53   Thumb Code    62  usbd_core.o(i.USBD_LL_Reset)
    USBD_LL_Resume                           0x08002f91   Thumb Code    12  usbd_core.o(i.USBD_LL_Resume)
    USBD_LL_SOF                              0x08002f9d   Thumb Code    24  usbd_core.o(i.USBD_LL_SOF)
    USBD_LL_SetSpeed                         0x08002fb5   Thumb Code     6  usbd_core.o(i.USBD_LL_SetSpeed)
    USBD_LL_SetUSBAddress                    0x08002fbb   Thumb Code    18  usbd_conf.o(i.USBD_LL_SetUSBAddress)
    USBD_LL_SetupStage                       0x08002fcd   Thumb Code    90  usbd_core.o(i.USBD_LL_SetupStage)
    USBD_LL_StallEP                          0x08003027   Thumb Code    18  usbd_conf.o(i.USBD_LL_StallEP)
    USBD_LL_Start                            0x08003039   Thumb Code    18  usbd_conf.o(i.USBD_LL_Start)
    USBD_LL_Suspend                          0x0800304b   Thumb Code    18  usbd_core.o(i.USBD_LL_Suspend)
    USBD_LL_Transmit                         0x0800305d   Thumb Code    18  usbd_conf.o(i.USBD_LL_Transmit)
    USBD_ParseSetupRequest                   0x0800306f   Thumb Code    40  usbd_ctlreq.o(i.USBD_ParseSetupRequest)
    USBD_RegisterClass                       0x08003097   Thumb Code    16  usbd_core.o(i.USBD_RegisterClass)
    USBD_SetClassConfig                      0x080030a7   Thumb Code    22  usbd_core.o(i.USBD_SetClassConfig)
    USBD_Start                               0x08003131   Thumb Code    10  usbd_core.o(i.USBD_Start)
    USBD_StdDevReq                           0x0800313b   Thumb Code   242  usbd_ctlreq.o(i.USBD_StdDevReq)
    USBD_StdEPReq                            0x0800322d   Thumb Code   220  usbd_ctlreq.o(i.USBD_StdEPReq)
    USBD_StdItfReq                           0x08003309   Thumb Code    52  usbd_ctlreq.o(i.USBD_StdItfReq)
    USBD_static_free                         0x0800333d   Thumb Code     2  usbd_conf.o(i.USBD_static_free)
    USBD_static_malloc                       0x08003341   Thumb Code     4  usbd_conf.o(i.USBD_static_malloc)
    USB_LP_CAN_RX0_IRQHandler                0x08003349   Thumb Code     6  stm32f3xx_it.o(i.USB_LP_CAN_RX0_IRQHandler)
    UsageFault_Handler                       0x08003355   Thumb Code     2  stm32f3xx_it.o(i.UsageFault_Handler)
    __scatterload_copy                       0x08003357   Thumb Code    14  handlers.o(i.__scatterload_copy)
    __scatterload_null                       0x08003365   Thumb Code     2  handlers.o(i.__scatterload_null)
    __scatterload_zeroinit                   0x08003367   Thumb Code    14  handlers.o(i.__scatterload_zeroinit)
    main                                     0x08003375   Thumb Code   290  main.o(i.main)
    aPLLMULFactorTable                       0x080034a4   Data          16  stm32f3xx_hal_rcc.o(.constdata)
    aPredivFactorTable                       0x080034b4   Data          16  stm32f3xx_hal_rcc.o(.constdata)
    AHBPrescTable                            0x080034c4   Data          16  system_stm32f3xx.o(.constdata)
    Region$$Table$$Base                      0x080034d4   Number         0  anon$$obj.o(Region$$Table)
    Region$$Table$$Limit                     0x080034f4   Number         0  anon$$obj.o(Region$$Table)
    UpdateFirmwareRequestFlag                0x20000000   Data           1  main.o(.data)
    ClearFlashFlag                           0x20000001   Data           1  main.o(.data)
    UpdatingInProcessFlag                    0x20000002   Data           1  main.o(.data)
    newSubPageFlag                           0x20000003   Data           1  main.o(.data)
    MCURestartFlag                           0x20000004   Data           1  main.o(.data)
    MCURestartFromTimerFlag                  0x20000005   Data           1  main.o(.data)
    FlashEresed                              0x20000006   Data           1  main.o(.data)
    USBdetectedFlag                          0x20000007   Data           1  main.o(.data)
    pageNumber                               0x20000008   Data           1  main.o(.data)
    subPageNumber                            0x2000000c   Data           4  main.o(.data)
    FS_Desc                                  0x20000010   Data          28  usbd_desc.o(.data)
    USBD_LangIDDesc                          0x2000002c   Data           4  usbd_desc.o(.data)
    USBD_FS_DeviceDesc                       0x20000030   Data          18  usbd_desc.o(.data)
    USBD_StringSerial                        0x20000044   Data          26  usbd_desc.o(.data)
    USBD_CustomHID_fops_FS                   0x200000dc   Data          16  usbd_custom_hid_if.o(.data)
    initInterruptIncome                      0x200000ec   Data           1  stm32f3xx_it.o(.data)
    secondsCounter                           0x200000ed   Data           1  stm32f3xx_it.o(.data)
    currentAddress                           0x200000f0   Data           4  bootloader.o(.data)
    programBytesToRead                       0x200000f4   Data           4  bootloader.o(.data)
    programBytesCounter                      0x200000f8   Data           4  bootloader.o(.data)
    uwTickFreq                               0x200000fc   Data           1  stm32f3xx_hal.o(.data)
    uwTickPrio                               0x20000100   Data           4  stm32f3xx_hal.o(.data)
    uwTick                                   0x20000104   Data           4  stm32f3xx_hal.o(.data)
    SystemCoreClock                          0x20000108   Data           4  system_stm32f3xx.o(.data)
    USBD_CUSTOM_HID                          0x20000110   Data          56  usbd_customhid.o(.data)
    htim2                                    0x20000198   Data          64  main.o(.bss)
    subPageData                              0x200001d8   Data          32  main.o(.bss)
    qPageData                                0x200001f8   Data         512  main.o(.bss)
    THDBuff                                  0x200003f8   Data          64  main.o(.bss)
    FHDBuff                                  0x20000438   Data          64  main.o(.bss)
    hUsbDeviceFS                             0x20000478   Data         548  usb_device.o(.bss)
    hpcd_USB_FS                              0x200008b8   Data         936  usbd_conf.o(.bss)
    USBD_StrDesc                             0x20000c60   Data         512  usbd_desc.o(.bss)
    pFlash                                   0x20000e60   Data          32  stm32f3xx_hal_flash.o(.bss)
    __initial_sp                             0x20001280   Data           0  startup_stm32f303xc.o(STACK)



==============================================================================

Memory Map of the image

  Image Entry point : 0x08000189

  Load Region LR_IROM1 (Base: 0x08000000, Size: 0x00003680, Max: 0x00020000, ABSOLUTE, COMPRESSED[0x000035c8])

    Execution Region ER_IROM1 (Exec base: 0x08000000, Load base: 0x08000000, Size: 0x000034f4, Max: 0x00020000, ABSOLUTE)

    Exec Addr    Load Addr    Size         Type   Attr      Idx    E Section Name        Object

    0x08000000   0x08000000   0x00000188   Data   RO            3    RESET               startup_stm32f303xc.o
    0x08000188   0x08000188   0x00000000   Code   RO         3776  * .ARM.Collect$$$$00000000  mc_w.l(entry.o)
    0x08000188   0x08000188   0x00000004   Code   RO         3787    .ARM.Collect$$$$00000001  mc_w.l(entry2.o)
    0x0800018c   0x0800018c   0x00000004   Code   RO         3790    .ARM.Collect$$$$00000004  mc_w.l(entry5.o)
    0x08000190   0x08000190   0x00000000   Code   RO         3792    .ARM.Collect$$$$00000008  mc_w.l(entry7b.o)
    0x08000190   0x08000190   0x00000000   Code   RO         3794    .ARM.Collect$$$$0000000A  mc_w.l(entry8b.o)
    0x08000190   0x08000190   0x00000008   Code   RO         3795    .ARM.Collect$$$$0000000B  mc_w.l(entry9a.o)
    0x08000198   0x08000198   0x00000000   Code   RO         3797    .ARM.Collect$$$$0000000D  mc_w.l(entry10a.o)
    0x08000198   0x08000198   0x00000000   Code   RO         3799    .ARM.Collect$$$$0000000F  mc_w.l(entry11a.o)
    0x08000198   0x08000198   0x00000004   Code   RO         3788    .ARM.Collect$$$$00002712  mc_w.l(entry2.o)
    0x0800019c   0x0800019c   0x00000024   Code   RO            4    .text               startup_stm32f303xc.o
    0x080001c0   0x080001c0   0x00000020   Code   RO         3779    .text               mc_w.l(llushr.o)
    0x080001e0   0x080001e0   0x00000024   Code   RO         3783    .text               mc_w.l(memseta.o)
    0x08000204   0x08000204   0x00000024   Code   RO         3801    .text               mc_w.l(init.o)
    0x08000228   0x08000228   0x00000056   Code   RO         3811    .text               mc_w.l(__dczerorl2.o)
    0x0800027e   0x0800027e   0x00000002   PAD
    0x08000280   0x08000280   0x00000018   Code   RO          692    i.Boot_GoToMainProgram  bootloader.o
    0x08000298   0x08000298   0x00000002   Code   RO          564    i.BusFault_Handler  stm32f3xx_it.o
    0x0800029a   0x0800029a   0x00000004   Code   RO          523    i.CUSTOM_HID_DeInit_FS  usbd_custom_hid_if.o
    0x0800029e   0x0800029e   0x00000004   Code   RO          524    i.CUSTOM_HID_Init_FS  usbd_custom_hid_if.o
    0x080002a2   0x080002a2   0x00000002   PAD
    0x080002a4   0x080002a4   0x00000074   Code   RO          525    i.CUSTOM_HID_OutEvent_FS  usbd_custom_hid_if.o
    0x08000318   0x08000318   0x00000002   Code   RO          565    i.DebugMon_Handler  stm32f3xx_it.o
    0x0800031a   0x0800031a   0x00000012   Code   RO          693    i.DetectUSB         bootloader.o
    0x0800032c   0x0800032c   0x00000002   Code   RO           13    i.Error_Handler     main.o
    0x0800032e   0x0800032e   0x00000002   PAD
    0x08000330   0x08000330   0x00000054   Code   RO           14    i.FLASH_EraseCountPages  main.o
    0x08000384   0x08000384   0x00000024   Code   RO         2834    i.FLASH_MassErase   stm32f3xx_hal_flash_ex.o
    0x080003a8   0x080003a8   0x00000024   Code   RO         2839    i.FLASH_PageErase   stm32f3xx_hal_flash_ex.o
    0x080003cc   0x080003cc   0x0000001c   Code   RO         2731    i.FLASH_Program_HalfWord  stm32f3xx_hal_flash.o
    0x080003e8   0x080003e8   0x00000034   Code   RO         2732    i.FLASH_SetErrorCode  stm32f3xx_hal_flash.o
    0x0800041c   0x0800041c   0x00000050   Code   RO         2733    i.FLASH_WaitForLastOperation  stm32f3xx_hal_flash.o
    0x0800046c   0x0800046c   0x00000030   Code   RO          696    i.FLASH_WriteNewFirmwarePageData  bootloader.o
    0x0800049c   0x0800049c   0x00000024   Code   RO         1978    i.HAL_Delay         stm32f3xx_hal.o
    0x080004c0   0x080004c0   0x000000a8   Code   RO         2840    i.HAL_FLASHEx_Erase  stm32f3xx_hal_flash_ex.o
    0x08000568   0x08000568   0x00000014   Code   RO         2737    i.HAL_FLASH_Lock    stm32f3xx_hal_flash.o
    0x0800057c   0x0800057c   0x00000080   Code   RO         2742    i.HAL_FLASH_Program  stm32f3xx_hal_flash.o
    0x080005fc   0x080005fc   0x00000028   Code   RO         2744    i.HAL_FLASH_Unlock  stm32f3xx_hal_flash.o
    0x08000624   0x08000624   0x00000188   Code   RO         2295    i.HAL_GPIO_Init     stm32f3xx_hal_gpio.o
    0x080007ac   0x080007ac   0x0000000a   Code   RO         2297    i.HAL_GPIO_ReadPin  stm32f3xx_hal_gpio.o
    0x080007b6   0x080007b6   0x00000008   Code   RO         2298    i.HAL_GPIO_TogglePin  stm32f3xx_hal_gpio.o
    0x080007be   0x080007be   0x0000000a   Code   RO         2299    i.HAL_GPIO_WritePin  stm32f3xx_hal_gpio.o
    0x080007c8   0x080007c8   0x0000000c   Code   RO         1982    i.HAL_GetTick       stm32f3xx_hal.o
    0x080007d4   0x080007d4   0x00000010   Code   RO         1988    i.HAL_IncTick       stm32f3xx_hal.o
    0x080007e4   0x080007e4   0x00000024   Code   RO         1989    i.HAL_Init          stm32f3xx_hal.o
    0x08000808   0x08000808   0x00000040   Code   RO         1990    i.HAL_InitTick      stm32f3xx_hal.o
    0x08000848   0x08000848   0x0000002c   Code   RO          655    i.HAL_MspInit       stm32f3xx_hal_msp.o
    0x08000874   0x08000874   0x00000016   Code   RO         2463    i.HAL_NVIC_EnableIRQ  stm32f3xx_hal_cortex.o
    0x0800088a   0x0800088a   0x00000002   PAD
    0x0800088c   0x0800088c   0x00000040   Code   RO         2469    i.HAL_NVIC_SetPriority  stm32f3xx_hal_cortex.o
    0x080008cc   0x080008cc   0x00000024   Code   RO         2470    i.HAL_NVIC_SetPriorityGrouping  stm32f3xx_hal_cortex.o
    0x080008f0   0x080008f0   0x0000003c   Code   RO         1004    i.HAL_PCDEx_PMAConfig  stm32f3xx_hal_pcd_ex.o
    0x0800092c   0x0800092c   0x00000002   Code   RO          238    i.HAL_PCDEx_SetConnectionState  usbd_conf.o
    0x0800092e   0x0800092e   0x00000012   Code   RO          240    i.HAL_PCD_DataInStageCallback  usbd_conf.o
    0x08000940   0x08000940   0x00000014   Code   RO          241    i.HAL_PCD_DataOutStageCallback  usbd_conf.o
    0x08000954   0x08000954   0x00000182   Code   RO          799    i.HAL_PCD_EP_Close  stm32f3xx_hal_pcd.o
    0x08000ad6   0x08000ad6   0x000000b0   Code   RO          800    i.HAL_PCD_EP_ClrStall  stm32f3xx_hal_pcd.o
    0x08000b86   0x08000b86   0x000002fa   Code   RO          803    i.HAL_PCD_EP_Open   stm32f3xx_hal_pcd.o
    0x08000e80   0x08000e80   0x000000a6   Code   RO          804    i.HAL_PCD_EP_Receive  stm32f3xx_hal_pcd.o
    0x08000f26   0x08000f26   0x0000008a   Code   RO          805    i.HAL_PCD_EP_SetStall  stm32f3xx_hal_pcd.o
    0x08000fb0   0x08000fb0   0x000000d0   Code   RO          806    i.HAL_PCD_EP_Transmit  stm32f3xx_hal_pcd.o
    0x08001080   0x08001080   0x000000f0   Code   RO          808    i.HAL_PCD_IRQHandler  stm32f3xx_hal_pcd.o
    0x08001170   0x08001170   0x000000a6   Code   RO          811    i.HAL_PCD_Init      stm32f3xx_hal_pcd.o
    0x08001216   0x08001216   0x00000002   PAD
    0x08001218   0x08001218   0x00000074   Code   RO          246    i.HAL_PCD_MspInit   usbd_conf.o
    0x0800128c   0x0800128c   0x00000026   Code   RO          247    i.HAL_PCD_ResetCallback  usbd_conf.o
    0x080012b2   0x080012b2   0x00000008   Code   RO          248    i.HAL_PCD_ResumeCallback  usbd_conf.o
    0x080012ba   0x080012ba   0x00000008   Code   RO          249    i.HAL_PCD_SOFCallback  usbd_conf.o
    0x080012c2   0x080012c2   0x0000002c   Code   RO          817    i.HAL_PCD_SetAddress  stm32f3xx_hal_pcd.o
    0x080012ee   0x080012ee   0x0000000e   Code   RO          250    i.HAL_PCD_SetupStageCallback  usbd_conf.o
    0x080012fc   0x080012fc   0x0000000c   Code   RO          819    i.HAL_PCD_Start     stm32f3xx_hal_pcd.o
    0x08001308   0x08001308   0x00000024   Code   RO          251    i.HAL_PCD_SuspendCallback  usbd_conf.o
    0x0800132c   0x0800132c   0x00000218   Code   RO         2252    i.HAL_RCCEx_PeriphCLKConfig  stm32f3xx_hal_rcc_ex.o
    0x08001544   0x08001544   0x00000144   Code   RO         2146    i.HAL_RCC_ClockConfig  stm32f3xx_hal_rcc.o
    0x08001688   0x08001688   0x00000064   Code   RO         2155    i.HAL_RCC_GetSysClockFreq  stm32f3xx_hal_rcc.o
    0x080016ec   0x080016ec   0x00000590   Code   RO         2158    i.HAL_RCC_OscConfig  stm32f3xx_hal_rcc.o
    0x08001c7c   0x08001c7c   0x00000028   Code   RO         2474    i.HAL_SYSTICK_Config  stm32f3xx_hal_cortex.o
    0x08001ca4   0x08001ca4   0x00000002   Code   RO         1692    i.HAL_TIMEx_Break2Callback  stm32f3xx_hal_tim_ex.o
    0x08001ca6   0x08001ca6   0x00000002   Code   RO         1693    i.HAL_TIMEx_BreakCallback  stm32f3xx_hal_tim_ex.o
    0x08001ca8   0x08001ca8   0x00000002   Code   RO         1694    i.HAL_TIMEx_CommutationCallback  stm32f3xx_hal_tim_ex.o
    0x08001caa   0x08001caa   0x00000002   PAD
    0x08001cac   0x08001cac   0x00000058   Code   RO         1711    i.HAL_TIMEx_MasterConfigSynchronization  stm32f3xx_hal_tim_ex.o
    0x08001d04   0x08001d04   0x00000036   Code   RO         1048    i.HAL_TIM_Base_Init  stm32f3xx_hal_tim.o
    0x08001d3a   0x08001d3a   0x00000002   PAD
    0x08001d3c   0x08001d3c   0x00000038   Code   RO          657    i.HAL_TIM_Base_MspInit  stm32f3xx_hal_msp.o
    0x08001d74   0x08001d74   0x00000018   Code   RO         1053    i.HAL_TIM_Base_Start_IT  stm32f3xx_hal_tim.o
    0x08001d8c   0x08001d8c   0x0000002a   Code   RO         1056    i.HAL_TIM_Base_Stop_IT  stm32f3xx_hal_tim.o
    0x08001db6   0x08001db6   0x00000002   PAD
    0x08001db8   0x08001db8   0x000000fc   Code   RO         1057    i.HAL_TIM_ConfigClockSource  stm32f3xx_hal_tim.o
    0x08001eb4   0x08001eb4   0x00000002   Code   RO         1079    i.HAL_TIM_IC_CaptureCallback  stm32f3xx_hal_tim.o
    0x08001eb6   0x08001eb6   0x00000184   Code   RO         1092    i.HAL_TIM_IRQHandler  stm32f3xx_hal_tim.o
    0x0800203a   0x0800203a   0x00000002   Code   RO         1095    i.HAL_TIM_OC_DelayElapsedCallback  stm32f3xx_hal_tim.o
    0x0800203c   0x0800203c   0x00000002   Code   RO         1122    i.HAL_TIM_PWM_PulseFinishedCallback  stm32f3xx_hal_tim.o
    0x0800203e   0x0800203e   0x00000002   Code   RO         1129    i.HAL_TIM_PeriodElapsedCallback  stm32f3xx_hal_tim.o
    0x08002040   0x08002040   0x00000002   Code   RO         1133    i.HAL_TIM_TriggerCallback  stm32f3xx_hal_tim.o
    0x08002042   0x08002042   0x00000002   Code   RO          566    i.HardFault_Handler  stm32f3xx_it.o
    0x08002044   0x08002044   0x00000038   Code   RO          450    i.IntToUnicode      usbd_desc.o
    0x0800207c   0x0800207c   0x00000090   Code   RO           15    i.MX_GPIO_Init      main.o
    0x0800210c   0x0800210c   0x00000058   Code   RO           16    i.MX_TIM2_Init      main.o
    0x08002164   0x08002164   0x00000054   Code   RO          203    i.MX_USB_DEVICE_Init  usb_device.o
    0x080021b8   0x080021b8   0x00000002   Code   RO          567    i.MemManage_Handler  stm32f3xx_it.o
    0x080021ba   0x080021ba   0x00000002   Code   RO          568    i.NMI_Handler       stm32f3xx_it.o
    0x080021bc   0x080021bc   0x00000020   Code   RO         2476    i.NVIC_SetPriority  stm32f3xx_hal_cortex.o
    0x080021dc   0x080021dc   0x0000036a   Code   RO          822    i.PCD_EP_ISR_Handler  stm32f3xx_hal_pcd.o
    0x08002546   0x08002546   0x00000002   PAD
    0x08002548   0x08002548   0x0000002c   Code   RO         1006    i.PCD_ReadPMA       stm32f3xx_hal_pcd_ex.o
    0x08002574   0x08002574   0x00000026   Code   RO         1007    i.PCD_WritePMA      stm32f3xx_hal_pcd_ex.o
    0x0800259a   0x0800259a   0x00000002   Code   RO          569    i.PendSV_Handler    stm32f3xx_it.o
    0x0800259c   0x0800259c   0x00000002   Code   RO          570    i.SVC_Handler       stm32f3xx_it.o
    0x0800259e   0x0800259e   0x00000002   PAD
    0x080025a0   0x080025a0   0x00000030   Code   RO          699    i.Send_FlashErasedStatus_To_USBHost  bootloader.o
    0x080025d0   0x080025d0   0x00000028   Code   RO          700    i.Send_ReadyMessage_To_USBHost  bootloader.o
    0x080025f8   0x080025f8   0x00000028   Code   RO          701    i.Send_RequestNewSubPage_To_USBHost  bootloader.o
    0x08002620   0x08002620   0x00000004   Code   RO          571    i.SysTick_Handler   stm32f3xx_it.o
    0x08002624   0x08002624   0x00000062   Code   RO           17    i.SystemClock_Config  main.o
    0x08002686   0x08002686   0x00000002   PAD
    0x08002688   0x08002688   0x00000068   Code   RO         3402    i.SystemInit        system_stm32f3xx.o
    0x080026f0   0x080026f0   0x00000054   Code   RO          572    i.TIM2_IRQHandler   stm32f3xx_it.o
    0x08002744   0x08002744   0x000000b0   Code   RO         1134    i.TIM_Base_SetConfig  stm32f3xx_hal_tim.o
    0x080027f4   0x080027f4   0x00000014   Code   RO         1141    i.TIM_ETR_SetConfig  stm32f3xx_hal_tim.o
    0x08002808   0x08002808   0x00000010   Code   RO         1142    i.TIM_ITRx_SetConfig  stm32f3xx_hal_tim.o
    0x08002818   0x08002818   0x00000022   Code   RO         1148    i.TIM_TI1_ConfigInputStage  stm32f3xx_hal_tim.o
    0x0800283a   0x0800283a   0x00000024   Code   RO         1150    i.TIM_TI2_ConfigInputStage  stm32f3xx_hal_tim.o
    0x0800285e   0x0800285e   0x0000000e   Code   RO         3702    i.USBD_CUSTOM_HID_DataIn  usbd_customhid.o
    0x0800286c   0x0800286c   0x00000026   Code   RO         3703    i.USBD_CUSTOM_HID_DataOut  usbd_customhid.o
    0x08002892   0x08002892   0x00000032   Code   RO         3704    i.USBD_CUSTOM_HID_DeInit  usbd_customhid.o
    0x080028c4   0x080028c4   0x00000026   Code   RO         3705    i.USBD_CUSTOM_HID_EP0_RxReady  usbd_customhid.o
    0x080028ea   0x080028ea   0x00000002   PAD
    0x080028ec   0x080028ec   0x0000000c   Code   RO         3706    i.USBD_CUSTOM_HID_GetCfgDesc  usbd_customhid.o
    0x080028f8   0x080028f8   0x0000000c   Code   RO         3707    i.USBD_CUSTOM_HID_GetDeviceQualifierDesc  usbd_customhid.o
    0x08002904   0x08002904   0x00000050   Code   RO         3708    i.USBD_CUSTOM_HID_Init  usbd_customhid.o
    0x08002954   0x08002954   0x00000010   Code   RO         3709    i.USBD_CUSTOM_HID_RegisterInterface  usbd_customhid.o
    0x08002964   0x08002964   0x00000028   Code   RO         3710    i.USBD_CUSTOM_HID_SendReport  usbd_customhid.o
    0x0800298c   0x0800298c   0x000000c0   Code   RO         3711    i.USBD_CUSTOM_HID_Setup  usbd_customhid.o
    0x08002a4c   0x08002a4c   0x0000000e   Code   RO         3439    i.USBD_ClrClassConfig  usbd_core.o
    0x08002a5a   0x08002a5a   0x00000010   Code   RO         3642    i.USBD_CtlContinueRx  usbd_ioreq.o
    0x08002a6a   0x08002a6a   0x00000010   Code   RO         3643    i.USBD_CtlContinueSendData  usbd_ioreq.o
    0x08002a7a   0x08002a7a   0x00000016   Code   RO         3577    i.USBD_CtlError     usbd_ctlreq.o
    0x08002a90   0x08002a90   0x0000001e   Code   RO         3644    i.USBD_CtlPrepareRx  usbd_ioreq.o
    0x08002aae   0x08002aae   0x00000016   Code   RO         3645    i.USBD_CtlReceiveStatus  usbd_ioreq.o
    0x08002ac4   0x08002ac4   0x0000001a   Code   RO         3646    i.USBD_CtlSendData  usbd_ioreq.o
    0x08002ade   0x08002ade   0x00000016   Code   RO         3647    i.USBD_CtlSendStatus  usbd_ioreq.o
    0x08002af4   0x08002af4   0x00000038   Code   RO          451    i.USBD_FS_ConfigStrDescriptor  usbd_desc.o
    0x08002b2c   0x08002b2c   0x0000000c   Code   RO          452    i.USBD_FS_DeviceDescriptor  usbd_desc.o
    0x08002b38   0x08002b38   0x00000034   Code   RO          453    i.USBD_FS_InterfaceStrDescriptor  usbd_desc.o
    0x08002b6c   0x08002b6c   0x0000000c   Code   RO          454    i.USBD_FS_LangIDStrDescriptor  usbd_desc.o
    0x08002b78   0x08002b78   0x0000001c   Code   RO          455    i.USBD_FS_ManufacturerStrDescriptor  usbd_desc.o
    0x08002b94   0x08002b94   0x0000002c   Code   RO          456    i.USBD_FS_ProductStrDescriptor  usbd_desc.o
    0x08002bc0   0x08002bc0   0x00000038   Code   RO          457    i.USBD_FS_SerialStrDescriptor  usbd_desc.o
    0x08002bf8   0x08002bf8   0x000000e0   Code   RO         3578    i.USBD_GetDescriptor  usbd_ctlreq.o
    0x08002cd8   0x08002cd8   0x00000046   Code   RO         3579    i.USBD_GetString    usbd_ctlreq.o
    0x08002d1e   0x08002d1e   0x00000018   Code   RO          252    i.USBD_Get_USB_Status  usbd_conf.o
    0x08002d36   0x08002d36   0x0000002a   Code   RO         3441    i.USBD_Init         usbd_core.o
    0x08002d60   0x08002d60   0x00000012   Code   RO          253    i.USBD_LL_ClearStallEP  usbd_conf.o
    0x08002d72   0x08002d72   0x00000012   Code   RO          254    i.USBD_LL_CloseEP   usbd_conf.o
    0x08002d84   0x08002d84   0x000000aa   Code   RO         3442    i.USBD_LL_DataInStage  usbd_core.o
    0x08002e2e   0x08002e2e   0x0000006a   Code   RO         3443    i.USBD_LL_DataOutStage  usbd_core.o
    0x08002e98   0x08002e98   0x00000070   Code   RO          259    i.USBD_LL_Init      usbd_conf.o
    0x08002f08   0x08002f08   0x00000020   Code   RO          260    i.USBD_LL_IsStallEP  usbd_conf.o
    0x08002f28   0x08002f28   0x00000018   Code   RO          261    i.USBD_LL_OpenEP    usbd_conf.o
    0x08002f40   0x08002f40   0x00000012   Code   RO          262    i.USBD_LL_PrepareReceive  usbd_conf.o
    0x08002f52   0x08002f52   0x0000003e   Code   RO         3448    i.USBD_LL_Reset     usbd_core.o
    0x08002f90   0x08002f90   0x0000000c   Code   RO         3449    i.USBD_LL_Resume    usbd_core.o
    0x08002f9c   0x08002f9c   0x00000018   Code   RO         3450    i.USBD_LL_SOF       usbd_core.o
    0x08002fb4   0x08002fb4   0x00000006   Code   RO         3451    i.USBD_LL_SetSpeed  usbd_core.o
    0x08002fba   0x08002fba   0x00000012   Code   RO          263    i.USBD_LL_SetUSBAddress  usbd_conf.o
    0x08002fcc   0x08002fcc   0x0000005a   Code   RO         3452    i.USBD_LL_SetupStage  usbd_core.o
    0x08003026   0x08003026   0x00000012   Code   RO          264    i.USBD_LL_StallEP   usbd_conf.o
    0x08003038   0x08003038   0x00000012   Code   RO          265    i.USBD_LL_Start     usbd_conf.o
    0x0800304a   0x0800304a   0x00000012   Code   RO         3453    i.USBD_LL_Suspend   usbd_core.o
    0x0800305c   0x0800305c   0x00000012   Code   RO          267    i.USBD_LL_Transmit  usbd_conf.o
    0x0800306e   0x0800306e   0x00000028   Code   RO         3580    i.USBD_ParseSetupRequest  usbd_ctlreq.o
    0x08003096   0x08003096   0x00000010   Code   RO         3454    i.USBD_RegisterClass  usbd_core.o
    0x080030a6   0x080030a6   0x00000016   Code   RO         3456    i.USBD_SetClassConfig  usbd_core.o
    0x080030bc   0x080030bc   0x00000074   Code   RO         3581    i.USBD_SetConfig    usbd_ctlreq.o
    0x08003130   0x08003130   0x0000000a   Code   RO         3457    i.USBD_Start        usbd_core.o
    0x0800313a   0x0800313a   0x000000f2   Code   RO         3582    i.USBD_StdDevReq    usbd_ctlreq.o
    0x0800322c   0x0800322c   0x000000dc   Code   RO         3583    i.USBD_StdEPReq     usbd_ctlreq.o
    0x08003308   0x08003308   0x00000034   Code   RO         3584    i.USBD_StdItfReq    usbd_ctlreq.o
    0x0800333c   0x0800333c   0x00000002   Code   RO          268    i.USBD_static_free  usbd_conf.o
    0x0800333e   0x0800333e   0x00000002   PAD
    0x08003340   0x08003340   0x00000008   Code   RO          269    i.USBD_static_malloc  usbd_conf.o
    0x08003348   0x08003348   0x0000000c   Code   RO          573    i.USB_LP_CAN_RX0_IRQHandler  stm32f3xx_it.o
    0x08003354   0x08003354   0x00000002   Code   RO          574    i.UsageFault_Handler  stm32f3xx_it.o
    0x08003356   0x08003356   0x0000000e   Code   RO         3805    i.__scatterload_copy  mc_w.l(handlers.o)
    0x08003364   0x08003364   0x00000002   Code   RO         3806    i.__scatterload_null  mc_w.l(handlers.o)
    0x08003366   0x08003366   0x0000000e   Code   RO         3807    i.__scatterload_zeroinit  mc_w.l(handlers.o)
    0x08003374   0x08003374   0x00000130   Code   RO           18    i.main              main.o
    0x080034a4   0x080034a4   0x00000020   Data   RO         2159    .constdata          stm32f3xx_hal_rcc.o
    0x080034c4   0x080034c4   0x00000010   Data   RO         3403    .constdata          system_stm32f3xx.o
    0x080034d4   0x080034d4   0x00000020   Data   RO         3803    Region$$Table       anon$$obj.o


    Execution Region RW_IRAM2 (Exec base: 0x10000000, Load base: 0x080035c8, Size: 0x00000000, Max: 0x00002000, ABSOLUTE)

    **** No section assigned to this execution region ****


    Execution Region RW_IRAM1 (Exec base: 0x20000000, Load base: 0x080034f4, Size: 0x00001280, Max: 0x0000a000, ABSOLUTE, COMPRESSED[0x000000d4])

    Exec Addr    Load Addr    Size         Type   Attr      Idx    E Section Name        Object

    0x20000000   COMPRESSED   0x00000010   Data   RW           22    .data               main.o
    0x20000010   COMPRESSED   0x0000001c   Data   RW          459    .data               usbd_desc.o
    0x2000002c   COMPRESSED   0x00000032   Data   RW          460    .data               usbd_desc.o
    0x2000005e   COMPRESSED   0x00000002   PAD
    0x20000060   COMPRESSED   0x0000007b   Data   RW          526    .data               usbd_custom_hid_if.o
    0x200000db   COMPRESSED   0x00000001   PAD
    0x200000dc   COMPRESSED   0x00000010   Data   RW          527    .data               usbd_custom_hid_if.o
    0x200000ec   COMPRESSED   0x00000002   Data   RW          575    .data               stm32f3xx_it.o
    0x200000ee   COMPRESSED   0x00000002   PAD
    0x200000f0   COMPRESSED   0x0000000c   Data   RW          704    .data               bootloader.o
    0x200000fc   COMPRESSED   0x0000000c   Data   RW         1996    .data               stm32f3xx_hal.o
    0x20000108   COMPRESSED   0x00000004   Data   RW         3405    .data               system_stm32f3xx.o
    0x2000010c   COMPRESSED   0x00000001   Data   RW         3585    .data               usbd_ctlreq.o
    0x2000010d   COMPRESSED   0x00000003   PAD
    0x20000110   COMPRESSED   0x00000038   Data   RW         3712    .data               usbd_customhid.o
    0x20000148   COMPRESSED   0x00000042   Data   RW         3713    .data               usbd_customhid.o
    0x2000018a   COMPRESSED   0x00000002   PAD
    0x2000018c        -       0x0000026c   Zero   RW           19    .bss                main.o
    0x200003f8        -       0x00000040   Zero   RW           20    .bss                main.o
    0x20000438        -       0x00000040   Zero   RW           21    .bss                main.o
    0x20000478        -       0x00000224   Zero   RW          204    .bss                usb_device.o
    0x2000069c        -       0x000005c4   Zero   RW          270    .bss                usbd_conf.o
    0x20000c60        -       0x00000200   Zero   RW          458    .bss                usbd_desc.o
    0x20000e60        -       0x00000020   Zero   RW         2745    .bss                stm32f3xx_hal_flash.o
    0x20000e80        -       0x00000400   Zero   RW            1    STACK               startup_stm32f303xc.o


==============================================================================

Image component sizes


      Code (inc. data)   RO Data    RW Data    ZI Data      Debug   Object Name

       218         38          0         12          0       9155   bootloader.o
       720         40          0         16        748     586411   main.o
        36          8        392          0       1024        864   startup_stm32f303xc.o
       164         28          0         12          0      13641   stm32f3xx_hal.o
       194         14          0          0          0      30575   stm32f3xx_hal_cortex.o
       348         48          0          0         32       5070   stm32f3xx_hal_flash.o
       240         28          0          0          0       3465   stm32f3xx_hal_flash_ex.o
       420         28          0          0          0       3788   stm32f3xx_hal_gpio.o
       100         12          0          0          0       1537   stm32f3xx_hal_msp.o
      3172          0          0          0          0      11662   stm32f3xx_hal_pcd.o
       142          0          0          0          0       2979   stm32f3xx_hal_pcd_ex.o
      1848         46         32          0          0       4674   stm32f3xx_hal_rcc.o
       536         14          0          0          0       1652   stm32f3xx_hal_rcc_ex.o
      1052         36          0          0          0      11560   stm32f3xx_hal_tim.o
        94         10          0          0          0       3221   stm32f3xx_hal_tim_ex.o
       116         24          0          2          0       5737   stm32f3xx_it.o
       104         22         16          4          0       1247   system_stm32f3xx.o
        84         18          0          0        548        832   usb_device.o
       588         26          0          0       1476      14401   usbd_conf.o
       592          0          0          0          0       9960   usbd_core.o
       986         30          0          1          0       8240   usbd_ctlreq.o
       124         30          0        139          0       2861   usbd_custom_hid_if.o
       492         22          0        122          0      10023   usbd_customhid.o
       316        132          0         78        512       6485   usbd_desc.o
       132          0          0          0          0       4704   usbd_ioreq.o

    ----------------------------------------------------------------------
     12842        654        472        396       4340     754744   Object Totals
         0          0         32          0          0          0   (incl. Generated)
        24          0          0         10          0          0   (incl. Padding)

    ----------------------------------------------------------------------

      Code (inc. data)   RO Data    RW Data    ZI Data      Debug   Library Member Name

        86          0          0          0          0          0   __dczerorl2.o
         0          0          0          0          0          0   entry.o
         0          0          0          0          0          0   entry10a.o
         0          0          0          0          0          0   entry11a.o
         8          4          0          0          0          0   entry2.o
         4          0          0          0          0          0   entry5.o
         0          0          0          0          0          0   entry7b.o
         0          0          0          0          0          0   entry8b.o
         8          4          0          0          0          0   entry9a.o
        30          0          0          0          0          0   handlers.o
        36          8          0          0          0         68   init.o
        32          0          0          0          0         68   llushr.o
        36          0          0          0          0        108   memseta.o

    ----------------------------------------------------------------------
       242         16          0          0          0        244   Library Totals
         2          0          0          0          0          0   (incl. Padding)

    ----------------------------------------------------------------------

      Code (inc. data)   RO Data    RW Data    ZI Data      Debug   Library Name

       240         16          0          0          0        244   mc_w.l

    ----------------------------------------------------------------------
       242         16          0          0          0        244   Library Totals

    ----------------------------------------------------------------------

==============================================================================


      Code (inc. data)   RO Data    RW Data    ZI Data      Debug   

     13084        670        472        396       4340     740320   Grand Totals
     13084        670        472        212       4340     740320   ELF Image Totals (compressed)
     13084        670        472        212          0          0   ROM Totals

==============================================================================

    Total RO  Size (Code + RO Data)                13556 (  13.24kB)
    Total RW  Size (RW Data + ZI Data)              4736 (   4.63kB)
    Total ROM Size (Code + RO Data + RW Data)      13768 (  13.45kB)

==============================================================================

